W/ContextImpl( 2013): Calling a method in the system process without a qualified user: android.app.ContextImpl.sendBroadcast:1327 android.content.ContextWrapper.sendBroadcast:377 android.content.ContextWrapper.sendBroadcast:377 com.google.android.clockwork.settings.GpsActivityReceiver.onReceive:50 android.app.ActivityThread.handleReceiver:2609 
W/ContextImpl( 2013): Calling a method in the system process without a qualified user: android.app.ContextImpl.sendBroadcast:1327 android.content.ContextWrapper.sendBroadcast:377 android.content.ContextWrapper.sendBroadcast:377 com.google.android.clockwork.settings.GpsActivityReceiver.onReceive:50 android.app.ActivityThread.handleReceiver:2609 
W/ContextImpl( 2013): Calling a method in the system process without a qualified user: android.app.ContextImpl.sendBroadcast:1327 android.content.ContextWrapper.sendBroadcast:377 android.content.ContextWrapper.sendBroadcast:377 com.google.android.clockwork.settings.GpsActivityReceiver.onReceive:50 android.app.ActivityThread.handleReceiver:2609 
W/ContextImpl( 2013): Calling a method in the system process without a qualified user: android.app.ContextImpl.sendBroadcast:1327 android.content.ContextWrapper.sendBroadcast:377 android.content.ContextWrapper.sendBroadcast:377 com.google.android.clockwork.settings.GpsActivityReceiver.onReceive:50 android.app.ActivityThread.handleReceiver:2609 
D/TaskPersister( 1776): removeObsoleteFile: deleting file=1480_task.xml
I/ActivityManager( 1776): Delay finish: com.google.android.gms/.checkin.EventLogService$Receiver
I/ActivityManager( 1776): Resuming delayed broadcast
I/ActivityManager( 1776): Delay finish: com.google.android.apps.fitness/com.google.android.wearable.fitness.summary.notification.NotificationReceiver
I/ActivityManager( 1776): Resuming delayed broadcast
E/InputMethodManagerService( 1776): Ignoring setImeWindowStatus due to an invalid token. uid:1000 token:null
I/ActivityManager( 1776): START u0 {act=android.intent.action.MAIN cat=[android.intent.category.HOME] flg=0x10200000 cmp=com.google.android.wearable.app/com.google.android.clockwork.home.HomeActivity (has extras)} from uid 1000 on display 0
I/PowerManagerService( 1776): Going to sleep by application request (uid 1000)...
E/InputMethodManagerService( 1776): Ignoring setImeWindowStatus due to an invalid token. uid:1000 token:null
I/DreamManagerService( 1776): Entering dreamland.
I/PowerManagerService( 1776): Dozing...
I/DreamController( 1776): Starting dream: name=ComponentInfo{com.google.android.wearable.ambient/com.google.android.wearable.ambient.AmbientDream}, isTest=false, canDoze=true, userId=0
E/InputMethodManagerService( 1776): Ignoring setImeWindowStatus due to an invalid token. uid:1000 token:null
W/DreamService[AmbientDream]( 2082): Finish was called before the dream was attached.
W/DreamService[AmbientDream]( 2082): attach() called after dream already finished
I/DreamManagerService( 1776): Leaving dreamland.
I/DreamController( 1776): Stopping dream: name=ComponentInfo{com.google.android.wearable.ambient/com.google.android.wearable.ambient.AmbientDream}, isTest=false, canDoze=true, userId=0
I/PowerManagerService( 1776): Sleeping (uid 1000)...
I/DisplayManagerService( 1776): Display device changed state: "Built-in Screen", OFF
V/ActivityManager( 1776): Display changed displayId=0
W/ContextImpl( 2013): Calling a method in the system process without a qualified user: android.app.ContextImpl.sendBroadcast:1327 android.content.ContextWrapper.sendBroadcast:377 android.content.ContextWrapper.sendBroadcast:377 com.google.android.clockwork.settings.GpsActivityReceiver.onReceive:50 android.app.ActivityThread.handleReceiver:2609 
V/NotificationService( 1776): pkg=com.google.android.wearable.app canInterrupt=false intercept=true
W/ContextImpl( 2013): Calling a method in the system process without a qualified user: android.app.ContextImpl.sendBroadcast:1327 android.content.ContextWrapper.sendBroadcast:377 android.content.ContextWrapper.sendBroadcast:377 com.google.android.clockwork.settings.GpsActivityReceiver.onReceive:50 android.app.ActivityThread.handleReceiver:2609 
W/ContextImpl( 2013): Calling a method in the system process without a qualified user: android.app.ContextImpl.sendBroadcast:1327 android.content.ContextWrapper.sendBroadcast:377 android.content.ContextWrapper.sendBroadcast:377 com.google.android.clockwork.settings.GpsActivityReceiver.onReceive:50 android.app.ActivityThread.handleReceiver:2609 
W/ContextImpl( 2013): Calling a method in the system process without a qualified user: android.app.ContextImpl.sendBroadcast:1327 android.content.ContextWrapper.sendBroadcast:377 android.content.ContextWrapper.sendBroadcast:377 com.google.android.clockwork.settings.GpsActivityReceiver.onReceive:50 android.app.ActivityThread.handleReceiver:2609 
W/ContextImpl( 2013): Calling a method in the system process without a qualified user: android.app.ContextImpl.sendBroadcast:1327 android.content.ContextWrapper.sendBroadcast:377 android.content.ContextWrapper.sendBroadcast:377 com.google.android.clockwork.settings.GpsActivityReceiver.onReceive:50 android.app.ActivityThread.handleReceiver:2609 
W/ContextImpl( 2013): Calling a method in the system process without a qualified user: android.app.ContextImpl.sendBroadcast:1327 android.content.ContextWrapper.sendBroadcast:377 android.content.ContextWrapper.sendBroadcast:377 com.google.android.clockwork.settings.GpsActivityReceiver.onReceive:50 android.app.ActivityThread.handleReceiver:2609 
W/ContextImpl( 2013): Calling a method in the system process without a qualified user: android.app.ContextImpl.sendBroadcast:1327 android.content.ContextWrapper.sendBroadcast:377 android.content.ContextWrapper.sendBroadcast:377 com.google.android.clockwork.settings.GpsActivityReceiver.onReceive:50 android.app.ActivityThread.handleReceiver:2609 
W/ContextImpl( 2013): Calling a method in the system process without a qualified user: android.app.ContextImpl.sendBroadcast:1327 android.content.ContextWrapper.sendBroadcast:377 android.content.ContextWrapper.sendBroadcast:377 com.google.android.clockwork.settings.GpsActivityReceiver.onReceive:50 android.app.ActivityThread.handleReceiver:2609 
W/ContextImpl( 2013): Calling a method in the system process without a qualified user: android.app.ContextImpl.sendBroadcast:1327 android.content.ContextWrapper.sendBroadcast:377 android.content.ContextWrapper.sendBroadcast:377 com.google.android.clockwork.settings.GpsActivityReceiver.onReceive:50 android.app.ActivityThread.handleReceiver:2609 
V/NotificationService( 1776): pkg=com.google.android.wearable.app canInterrupt=false intercept=true
V/NotificationService( 1776): pkg=com.google.android.wearable.app canInterrupt=false intercept=true
W/ContextImpl( 2013): Calling a method in the system process without a qualified user: android.app.ContextImpl.sendBroadcast:1327 android.content.ContextWrapper.sendBroadcast:377 android.content.ContextWrapper.sendBroadcast:377 com.google.android.clockwork.settings.GpsActivityReceiver.onReceive:50 android.app.ActivityThread.handleReceiver:2609 
I/PowerManagerService( 1776): Waking up from sleep (uid 1000)...
I/DisplayPowerController( 1776): Blocking screen on until initial contents have been drawn.
V/ActivityManager( 1776): Display changed displayId=0
E/InputMethodManagerService( 1776): Ignoring setImeWindowStatus due to an invalid token. uid:1000 token:null
I/DisplayManagerService( 1776): Display device changed state: "Built-in Screen", ON
V/ActivityManager( 1776): Display changed displayId=0
I/DisplayPowerController( 1776): Unblocked screen on after 397 ms
D/SensorHAL( 1776): adjustSensorHandle: handle = 10 adjustedHandle = 1
D/SensorHAL( 1776): adjustSensorHandle: handle = 10 adjustedHandle = 1
D/SensorHAL( 1776): adjustSensorHandle: handle = 10 adjustedHandle = 1
I/WindowManager( 1776): sleepRelease() calling goToSleep(GO_TO_SLEEP_REASON_SLEEP_BUTTON)
I/PowerManagerService( 1776): Going to sleep due to sleep button (uid 1000)...
I/DreamManagerService( 1776): Entering dreamland.
I/PowerManagerService( 1776): Dozing...
I/DreamController( 1776): Starting dream: name=ComponentInfo{com.google.android.wearable.ambient/com.google.android.wearable.ambient.AmbientDream}, isTest=false, canDoze=true, userId=0
E/InputMethodManagerService( 1776): Ignoring setImeWindowStatus due to an invalid token. uid:1000 token:null
E/InputMethodManagerService( 1776): Ignoring setImeWindowStatus due to an invalid token. uid:1000 token:null
W/DreamService[AmbientDream]( 2082): Finish was called before the dream was attached.
W/DreamService[AmbientDream]( 2082): attach() called after dream already finished
I/DreamManagerService( 1776): Leaving dreamland.
I/PowerManagerService( 1776): Sleeping (uid 1000)...
I/DreamController( 1776): Stopping dream: name=ComponentInfo{com.google.android.wearable.ambient/com.google.android.wearable.ambient.AmbientDream}, isTest=false, canDoze=true, userId=0
I/DisplayManagerService( 1776): Display device changed state: "Built-in Screen", OFF
V/ActivityManager( 1776): Display changed displayId=0
I/PowerManagerService( 1776): Waking up from sleep (uid 1000)...
I/DisplayPowerController( 1776): Blocking screen on until initial contents have been drawn.
I/DisplayManagerService( 1776): Display device changed state: "Built-in Screen", ON
V/ActivityManager( 1776): Display changed displayId=0
E/InputMethodManagerService( 1776): Ignoring setImeWindowStatus due to an invalid token. uid:1000 token:null
I/DisplayPowerController( 1776): Unblocked screen on after 304 ms
D/SensorHAL( 1776): adjustSensorHandle: handle = 10 adjustedHandle = 1
D/SensorHAL( 1776): adjustSensorHandle: handle = 10 adjustedHandle = 1
D/SensorHAL( 1776): adjustSensorHandle: handle = 10 adjustedHandle = 1
I/ActivityManager( 1776): Delay finish: com.google.android.apps.fitness/com.google.android.wearable.fitness.summary.notification.NotificationReceiver
I/ActivityManager( 1776): Resuming delayed broadcast
I/ActivityManager( 1776): START u0 {act=android.intent.action.MAIN flg=0x10200000 cmp=com.nvbyte.kya/.MainActivity} from uid 10003 on display 0
V/WindowManager( 1776): addAppToken: AppWindowToken{af08c1 token=Token{300845a8 ActivityRecord{e1459cb u0 com.nvbyte.kya/.MainActivity t1482}}} to stack=1 task=1482 at 0
V/ActivityManager( 1776): Display changed displayId=0
V/WindowManager( 1776): Adding window Window{330cc7a7 u0 com.nvbyte.kya/com.nvbyte.kya.MainActivity} at 2 of 4 (after Window{10b49dd6 u0 com.google.android.wearable.app/com.google.android.clockwork.home.HomeActivity})
W/ContextImpl( 2013): Calling a method in the system process without a qualified user: android.app.ContextImpl.sendBroadcast:1327 android.content.ContextWrapper.sendBroadcast:377 android.content.ContextWrapper.sendBroadcast:377 com.google.android.clockwork.settings.GpsActivityReceiver.onReceive:50 android.app.ActivityThread.handleReceiver:2609 
W/ContextImpl( 2013): Calling a method in the system process without a qualified user: android.app.ContextImpl.sendBroadcast:1327 android.content.ContextWrapper.sendBroadcast:377 android.content.ContextWrapper.sendBroadcast:377 com.google.android.clockwork.settings.GpsActivityReceiver.onReceive:50 android.app.ActivityThread.handleReceiver:2609 
W/ContextImpl( 2013): Calling a method in the system process without a qualified user: android.app.ContextImpl.sendBroadcast:1327 android.content.ContextWrapper.sendBroadcast:377 android.content.ContextWrapper.sendBroadcast:377 com.google.android.clockwork.settings.GpsActivityReceiver.onReceive:50 android.app.ActivityThread.handleReceiver:2609 
W/ContextImpl( 2013): Calling a method in the system process without a qualified user: android.app.ContextImpl.sendBroadcast:1327 android.content.ContextWrapper.sendBroadcast:377 android.content.ContextWrapper.sendBroadcast:377 com.google.android.clockwork.settings.GpsActivityReceiver.onReceive:50 android.app.ActivityThread.handleReceiver:2609 
D/TaskPersister( 1776): removeObsoleteFile: deleting file=1481_task.xml
I/PowerManagerService( 1776): Going to sleep due to screen timeout (uid 1000)...
I/DreamManagerService( 1776): Entering dreamland.
I/PowerManagerService( 1776): Dozing...
I/DreamController( 1776): Starting dream: name=ComponentInfo{com.google.android.wearable.ambient/com.google.android.wearable.ambient.AmbientDream}, isTest=false, canDoze=true, userId=0
E/InputMethodManagerService( 1776): Ignoring setImeWindowStatus due to an invalid token. uid:1000 token:null
E/InputMethodManagerService( 1776): Ignoring setImeWindowStatus due to an invalid token. uid:1000 token:null
W/DreamService[AmbientDream]( 2082): Finish was called before the dream was attached.
W/DreamService[AmbientDream]( 2082): attach() called after dream already finished
I/DreamManagerService( 1776): Leaving dreamland.
I/DreamController( 1776): Stopping dream: name=ComponentInfo{com.google.android.wearable.ambient/com.google.android.wearable.ambient.AmbientDream}, isTest=false, canDoze=true, userId=0
I/PowerManagerService( 1776): Sleeping (uid 1000)...
I/ActivityManager( 1776): START u0 {act=android.intent.action.MAIN cat=[android.intent.category.HOME] flg=0x34010000 cmp=com.google.android.wearable.app/com.google.android.clockwork.home.HomeActivity} from uid 10025 on display 0
I/DisplayManagerService( 1776): Display device changed state: "Built-in Screen", OFF
V/ActivityManager( 1776): Display changed displayId=0
I/PowerManagerService( 1776): Waking up from sleep (uid 1000)...
I/DisplayPowerController( 1776): Blocking screen on until initial contents have been drawn.
V/ActivityManager( 1776): Display changed displayId=0
E/InputMethodManagerService( 1776): Ignoring setImeWindowStatus due to an invalid token. uid:1000 token:null
I/DisplayPowerController( 1776): Unblocked screen on after 243 ms
I/DisplayManagerService( 1776): Display device changed state: "Built-in Screen", ON
V/ActivityManager( 1776): Display changed displayId=0
D/SensorHAL( 1776): adjustSensorHandle: handle = 10 adjustedHandle = 1
D/SensorHAL( 1776): adjustSensorHandle: handle = 10 adjustedHandle = 1
D/SensorHAL( 1776): adjustSensorHandle: handle = 10 adjustedHandle = 1
I/ActivityManager( 1776): START u0 {act=android.settings.SETTINGS flg=0x10000000 cmp=com.google.android.apps.wearable.settings/com.google.android.clockwork.settings.SettingsActivity} from uid 10003 on display 0
V/WindowManager( 1776): addAppToken: AppWindowToken{f60435a token=Token{34fd705 ActivityRecord{1df6127c u0 com.google.android.apps.wearable.settings/com.google.android.clockwork.settings.SettingsActivity t1483}}} to stack=1 task=1483 at 0
V/ActivityManager( 1776): Display changed displayId=0
V/WindowManager( 1776): Adding window Window{1dcfda68 u0 com.google.android.apps.wearable.settings/com.google.android.clockwork.settings.SettingsActivity} at 3 of 5 (after Window{330cc7a7 u0 com.nvbyte.kya/com.nvbyte.kya.MainActivity})
I/ActivityManager( 1776): START u0 {cmp=com.google.android.apps.wearable.settings/com.google.android.clockwork.settings.AdjustBrightnessDialog} from uid 1000 on display 0
V/WindowManager( 1776): addAppToken: AppWindowToken{244dcb9 token=Token{17f18e80 ActivityRecord{27145f03 u0 com.google.android.apps.wearable.settings/com.google.android.clockwork.settings.AdjustBrightnessDialog t1483}}} to stack=1 task=1483 at 1
V/WindowManager( 1776): Adding window Window{df3e85f u0 com.google.android.apps.wearable.settings/com.google.android.clockwork.settings.AdjustBrightnessDialog} at 4 of 6 (after Window{1dcfda68 u0 com.google.android.apps.wearable.settings/com.google.android.clockwork.settings.SettingsActivity})
D/TaskPersister( 1776): removeObsoleteFile: deleting file=1469_task.xml
I/ActivityManager( 1776): START u0 {act=android.intent.action.MAIN flg=0x10200000 cmp=com.nvbyte.kya/.MainActivity} from uid 10003 on display 0
W/ContextImpl( 2013): Calling a method in the system process without a qualified user: android.app.ContextImpl.sendBroadcast:1327 android.content.ContextWrapper.sendBroadcast:377 android.content.ContextWrapper.sendBroadcast:377 com.google.android.clockwork.settings.GpsActivityReceiver.onReceive:50 android.app.ActivityThread.handleReceiver:2609 
W/ContextImpl( 2013): Calling a method in the system process without a qualified user: android.app.ContextImpl.sendBroadcast:1327 android.content.ContextWrapper.sendBroadcast:377 android.content.ContextWrapper.sendBroadcast:377 com.google.android.clockwork.settings.GpsActivityReceiver.onReceive:50 android.app.ActivityThread.handleReceiver:2609 
W/ContextImpl( 2013): Calling a method in the system process without a qualified user: android.app.ContextImpl.sendBroadcast:1327 android.content.ContextWrapper.sendBroadcast:377 android.content.ContextWrapper.sendBroadcast:377 com.google.android.clockwork.settings.GpsActivityReceiver.onReceive:50 android.app.ActivityThread.handleReceiver:2609 
W/ContextImpl( 2013): Calling a method in the system process without a qualified user: android.app.ContextImpl.sendBroadcast:1327 android.content.ContextWrapper.sendBroadcast:377 android.content.ContextWrapper.sendBroadcast:377 com.google.android.clockwork.settings.GpsActivityReceiver.onReceive:50 android.app.ActivityThread.handleReceiver:2609 
I/PowerManagerService( 1776): Going to sleep due to screen timeout (uid 1000)...
I/DreamManagerService( 1776): Entering dreamland.
I/PowerManagerService( 1776): Dozing...
I/DreamController( 1776): Starting dream: name=ComponentInfo{com.google.android.wearable.ambient/com.google.android.wearable.ambient.AmbientDream}, isTest=false, canDoze=true, userId=0
E/InputMethodManagerService( 1776): Ignoring setImeWindowStatus due to an invalid token. uid:1000 token:null
E/InputMethodManagerService( 1776): Ignoring setImeWindowStatus due to an invalid token. uid:1000 token:null
W/DreamService[AmbientDream]( 2082): Finish was called before the dream was attached.
I/ActivityManager( 1776): START u0 {act=android.intent.action.MAIN cat=[android.intent.category.HOME] flg=0x34010000 cmp=com.google.android.wearable.app/com.google.android.clockwork.home.HomeActivity} from uid 10025 on display 0
W/DreamService[AmbientDream]( 2082): attach() called after dream already finished
I/DreamManagerService( 1776): Leaving dreamland.
I/DreamController( 1776): Stopping dream: name=ComponentInfo{com.google.android.wearable.ambient/com.google.android.wearable.ambient.AmbientDream}, isTest=false, canDoze=true, userId=0
I/PowerManagerService( 1776): Sleeping (uid 1000)...
I/DisplayManagerService( 1776): Display device changed state: "Built-in Screen", OFF
V/ActivityManager( 1776): Display changed displayId=0
I/PowerManagerService( 1776): Waking up from sleep (uid 1000)...
I/DisplayPowerController( 1776): Blocking screen on until initial contents have been drawn.
I/DisplayManagerService( 1776): Display device changed state: "Built-in Screen", ON
V/ActivityManager( 1776): Display changed displayId=0
V/ActivityManager( 1776): Display changed displayId=0
E/InputMethodManagerService( 1776): Ignoring setImeWindowStatus due to an invalid token. uid:1000 token:null
I/DisplayPowerController( 1776): Unblocked screen on after 281 ms
D/SensorHAL( 1776): adjustSensorHandle: handle = 10 adjustedHandle = 1
D/SensorHAL( 1776): adjustSensorHandle: handle = 10 adjustedHandle = 1
D/SensorHAL( 1776): adjustSensorHandle: handle = 10 adjustedHandle = 1
I/ActivityManager( 1776): START u0 {act=android.intent.action.MAIN flg=0x10200000 cmp=com.google.android.apps.wearable.settings/com.google.android.clockwork.settings.SettingsActivity} from uid 10003 on display 0
V/WindowManager( 1776): addAppToken: AppWindowToken{9a1efb1 token=Token{354bb258 ActivityRecord{31a3cb3b u0 com.google.android.apps.wearable.settings/com.google.android.clockwork.settings.SettingsActivity t1484}}} to stack=1 task=1484 at 0
V/ActivityManager( 1776): Display changed displayId=0
V/WindowManager( 1776): Adding window Window{179e017 u0 com.google.android.apps.wearable.settings/com.google.android.clockwork.settings.SettingsActivity} at 3 of 5 (after Window{330cc7a7 u0 com.nvbyte.kya/com.nvbyte.kya.MainActivity})
I/ActivityManager( 1776): START u0 {cmp=com.google.android.apps.wearable.settings/com.google.android.clockwork.settings.AdjustBrightnessDialog} from uid 1000 on display 0
V/WindowManager( 1776): addAppToken: AppWindowToken{1622679c token=Token{34e2bb0f ActivityRecord{1b79386e u0 com.google.android.apps.wearable.settings/com.google.android.clockwork.settings.AdjustBrightnessDialog t1484}}} to stack=1 task=1484 at 1
V/WindowManager( 1776): Adding window Window{1e1d2721 u0 com.google.android.apps.wearable.settings/com.google.android.clockwork.settings.AdjustBrightnessDialog} at 4 of 6 (after Window{179e017 u0 com.google.android.apps.wearable.settings/com.google.android.clockwork.settings.SettingsActivity})
D/TaskPersister( 1776): removeObsoleteFile: deleting file=1483_task.xml
I/ActivityManager( 1776): START u0 {cmp=com.google.android.apps.wearable.settings/com.google.android.clockwork.settings.AmbientModeDialog} from uid 1000 on display 0
V/WindowManager( 1776): addAppToken: AppWindowToken{96e85ff token=Token{115a991e ActivityRecord{a729959 u0 com.google.android.apps.wearable.settings/com.google.android.clockwork.settings.AmbientModeDialog t1484}}} to stack=1 task=1484 at 1
V/WindowManager( 1776): Adding window Window{382a7215 u0 com.google.android.apps.wearable.settings/com.google.android.clockwork.settings.AmbientModeDialog} at 4 of 6 (after Window{179e017 u0 com.google.android.apps.wearable.settings/com.google.android.clockwork.settings.SettingsActivity})
W/ContextImpl( 2013): Calling a method in the system process without a qualified user: android.app.ContextImpl.sendBroadcast:1327 android.content.ContextWrapper.sendBroadcast:377 com.google.android.clockwork.settings.SettingsActivity.syncAmbientEnabled:582 com.google.android.clockwork.settings.AmbientModeDialog.onConfirm:23 com.google.android.clockwork.settings.ConfirmationActivity.onClick:110 
W/InputMethodManagerService( 1776): Focus gain on non-focused client com.android.internal.view.IInputMethodClient$Stub$Proxy@da1e3fc (uid=1000 pid=2013)
I/WindowManager( 1776): sleepRelease() calling goToSleep(GO_TO_SLEEP_REASON_SLEEP_BUTTON)
I/PowerManagerService( 1776): Going to sleep due to sleep button (uid 1000)...
I/DreamManagerService( 1776): Entering dreamland.
I/PowerManagerService( 1776): Dozing...
I/DreamController( 1776): Starting dream: name=ComponentInfo{com.google.android.wearable.ambient/com.google.android.wearable.ambient.AmbientDream}, isTest=false, canDoze=true, userId=0
E/InputMethodManagerService( 1776): Ignoring setImeWindowStatus due to an invalid token. uid:1000 token:null
E/InputMethodManagerService( 1776): Ignoring setImeWindowStatus due to an invalid token. uid:1000 token:null
V/DreamService[AmbientDream]( 2082): onBind() intent = Intent { act=android.service.dreams.DreamService flg=0x800000 cmp=com.google.android.wearable.ambient/.AmbientDream }
I/AmbientService( 2082): Ambient Created
V/DreamService[AmbientDream]( 2082): Calling onDreamingStarted()
I/AmbientService( 2082): Ambient Starting
I/WindowManager( 1776): sleepRelease() calling goToSleep(GO_TO_SLEEP_REASON_SLEEP_BUTTON)
I/DisplayManagerService( 1776): Display device changed state: "Built-in Screen", DOZE_SUSPEND
V/ActivityManager( 1776): Display changed displayId=0
D/SensorHALGestureSensor( 1776): Gesture event received! time = 84142609622833
I/PowerManagerService( 1776): Waking up from dozing (uid 10003)...
E/InputMethodManagerService( 1776): Ignoring setImeWindowStatus due to an invalid token. uid:1000 token:null
I/DisplayManagerService( 1776): Display device changed state: "Built-in Screen", ON
V/ActivityManager( 1776): Display changed displayId=0
I/DreamManagerService( 1776): Gently waking up from dream.
V/DreamService[AmbientDream]( 2082): wakeUp(): fromSystem=true, mWaking=false, mFinished=false
V/DreamService[AmbientDream]( 2082): finish(): mFinished=false
I/DreamManagerService( 1776): Leaving dreamland.
I/DreamController( 1776): Stopping dream: name=ComponentInfo{com.google.android.wearable.ambient/com.google.android.wearable.ambient.AmbientDream}, isTest=false, canDoze=true, userId=0
V/DreamService[AmbientDream]( 2082): detach(): Calling onDreamingStopped()
I/AmbientService( 2082): Ambient Stopping
V/DreamService[AmbientDream]( 2082): onDestroy()
D/SensorHAL( 1776): adjustSensorHandle: handle = 10 adjustedHandle = 1
D/SensorHAL( 1776): adjustSensorHandle: handle = 10 adjustedHandle = 1
D/SensorHAL( 1776): adjustSensorHandle: handle = 10 adjustedHandle = 1
I/ActivityManager( 1776): START u0 {act=android.intent.action.MAIN flg=0x10200000 cmp=com.google.android.apps.wearable.settings/com.google.android.clockwork.settings.SettingsActivity} from uid 10003 on display 0
V/WindowManager( 1776): addAppToken: AppWindowToken{1cb62f65 token=Token{33d7105c ActivityRecord{36d18ecf u0 com.google.android.apps.wearable.settings/com.google.android.clockwork.settings.SettingsActivity t1485}}} to stack=1 task=1485 at 0
V/WindowManager( 1776): Adding window Window{3b0248eb u0 com.google.android.apps.wearable.settings/com.google.android.clockwork.settings.SettingsActivity} at 3 of 5 (after Window{330cc7a7 u0 com.nvbyte.kya/com.nvbyte.kya.MainActivity})
I/ActivityManager( 1776): START u0 {act=android.intent.action.MAIN flg=0x10200000 cmp=com.nvbyte.kya/.MainActivity} from uid 10003 on display 0
W/ContextImpl( 2013): Calling a method in the system process without a qualified user: android.app.ContextImpl.sendBroadcast:1327 android.content.ContextWrapper.sendBroadcast:377 android.content.ContextWrapper.sendBroadcast:377 com.google.android.clockwork.settings.GpsActivityReceiver.onReceive:50 android.app.ActivityThread.handleReceiver:2609 
D/TaskPersister( 1776): removeObsoleteFile: deleting file=1484_task.xml
W/ContextImpl( 2013): Calling a method in the system process without a qualified user: android.app.ContextImpl.sendBroadcast:1327 android.content.ContextWrapper.sendBroadcast:377 android.content.ContextWrapper.sendBroadcast:377 com.google.android.clockwork.settings.GpsActivityReceiver.onReceive:50 android.app.ActivityThread.handleReceiver:2609 
W/ContextImpl( 2013): Calling a method in the system process without a qualified user: android.app.ContextImpl.sendBroadcast:1327 android.content.ContextWrapper.sendBroadcast:377 android.content.ContextWrapper.sendBroadcast:377 com.google.android.clockwork.settings.GpsActivityReceiver.onReceive:50 android.app.ActivityThread.handleReceiver:2609 
W/ContextImpl( 2013): Calling a method in the system process without a qualified user: android.app.ContextImpl.sendBroadcast:1327 android.content.ContextWrapper.sendBroadcast:377 android.content.ContextWrapper.sendBroadcast:377 com.google.android.clockwork.settings.GpsActivityReceiver.onReceive:50 android.app.ActivityThread.handleReceiver:2609 
I/PowerManagerService( 1776): Going to sleep due to screen timeout (uid 1000)...
I/DreamManagerService( 1776): Entering dreamland.
I/PowerManagerService( 1776): Dozing...
I/DreamController( 1776): Starting dream: name=ComponentInfo{com.google.android.wearable.ambient/com.google.android.wearable.ambient.AmbientDream}, isTest=false, canDoze=true, userId=0
E/InputMethodManagerService( 1776): Ignoring setImeWindowStatus due to an invalid token. uid:1000 token:null
E/InputMethodManagerService( 1776): Ignoring setImeWindowStatus due to an invalid token. uid:1000 token:null
V/DreamService[AmbientDream]( 2082): onBind() intent = Intent { act=android.service.dreams.DreamService flg=0x800000 cmp=com.google.android.wearable.ambient/.AmbientDream }
I/AmbientService( 2082): Ambient Created
V/DreamService[AmbientDream]( 2082): Calling onDreamingStarted()
I/AmbientService( 2082): Ambient Starting
I/DisplayManagerService( 1776): Display device changed state: "Built-in Screen", DOZE_SUSPEND
V/ActivityManager( 1776): Display changed displayId=0
I/PowerManagerService( 1776): Waking up from dozing (uid 1000)...
E/InputMethodManagerService( 1776): Ignoring setImeWindowStatus due to an invalid token. uid:1000 token:null
I/DisplayManagerService( 1776): Display device changed state: "Built-in Screen", ON
V/ActivityManager( 1776): Display changed displayId=0
I/DreamManagerService( 1776): Gently waking up from dream.
V/DreamService[AmbientDream]( 2082): wakeUp(): fromSystem=true, mWaking=false, mFinished=false
V/DreamService[AmbientDream]( 2082): finish(): mFinished=false
I/DreamManagerService( 1776): Leaving dreamland.
I/DreamController( 1776): Stopping dream: name=ComponentInfo{com.google.android.wearable.ambient/com.google.android.wearable.ambient.AmbientDream}, isTest=false, canDoze=true, userId=0
V/DreamService[AmbientDream]( 2082): detach(): Calling onDreamingStopped()
I/AmbientService( 2082): Ambient Stopping
D/SensorHAL( 1776): adjustSensorHandle: handle = 10 adjustedHandle = 1
D/SensorHAL( 1776): adjustSensorHandle: handle = 10 adjustedHandle = 1
D/SensorHAL( 1776): adjustSensorHandle: handle = 10 adjustedHandle = 1
V/DreamService[AmbientDream]( 2082): onDestroy()
W/ContextImpl( 2013): Calling a method in the system process without a qualified user: android.app.ContextImpl.sendBroadcast:1327 android.content.ContextWrapper.sendBroadcast:377 android.content.ContextWrapper.sendBroadcast:377 com.google.android.clockwork.settings.GpsActivityReceiver.onReceive:50 android.app.ActivityThread.handleReceiver:2609 
W/ContextImpl( 2013): Calling a method in the system process without a qualified user: android.app.ContextImpl.sendBroadcast:1327 android.content.ContextWrapper.sendBroadcast:377 android.content.ContextWrapper.sendBroadcast:377 com.google.android.clockwork.settings.GpsActivityReceiver.onReceive:50 android.app.ActivityThread.handleReceiver:2609 
V/NotificationService( 1776): pkg=com.google.android.wearable.app canInterrupt=false intercept=true
I/ActivityManager( 1776): Start proc 17521:com.google.android.GoogleCamera/u0a22 for service com.google.android.GoogleCamera/.CameraListenerService
V/NotificationService( 1776): pkg=com.google.android.GoogleCamera canInterrupt=false intercept=true
I/ActivityManager( 1776): Killing 2482:com.google.android.keep/u0a5 (adj 15): empty for 2802s
I/ActivityManager( 1776): START u0 {act=android.intent.action.MAIN flg=0x10200000 cmp=com.nvbyte.kya/.MainActivity} from uid 10003 on display 0
V/WindowManager( 1776): addAppToken: AppWindowToken{12709862 token=Token{1997bb2d ActivityRecord{37abce44 u0 com.nvbyte.kya/.MainActivity t1486}}} to stack=1 task=1486 at 0
V/WindowManager( 1776): Adding window Window{19c3d8ae u0 com.nvbyte.kya/com.nvbyte.kya.MainActivity} at 2 of 4 (after Window{10b49dd6 u0 com.google.android.wearable.app/com.google.android.clockwork.home.HomeActivity})
W/ContextImpl( 2013): Calling a method in the system process without a qualified user: android.app.ContextImpl.sendBroadcast:1327 android.content.ContextWrapper.sendBroadcast:377 android.content.ContextWrapper.sendBroadcast:377 com.google.android.clockwork.settings.GpsActivityReceiver.onReceive:50 android.app.ActivityThread.handleReceiver:2609 
W/ContextImpl( 2013): Calling a method in the system process without a qualified user: android.app.ContextImpl.sendBroadcast:1327 android.content.ContextWrapper.sendBroadcast:377 android.content.ContextWrapper.sendBroadcast:377 com.google.android.clockwork.settings.GpsActivityReceiver.onReceive:50 android.app.ActivityThread.handleReceiver:2609 
V/NotificationService( 1776): pkg=com.google.android.wearable.app canInterrupt=false intercept=true
W/ContextImpl( 2013): Calling a method in the system process without a qualified user: android.app.ContextImpl.sendBroadcast:1327 android.content.ContextWrapper.sendBroadcast:377 android.content.ContextWrapper.sendBroadcast:377 com.google.android.clockwork.settings.GpsActivityReceiver.onReceive:50 android.app.ActivityThread.handleReceiver:2609 
W/ContextImpl( 2013): Calling a method in the system process without a qualified user: android.app.ContextImpl.sendBroadcast:1327 android.content.ContextWrapper.sendBroadcast:377 android.content.ContextWrapper.sendBroadcast:377 com.google.android.clockwork.settings.GpsActivityReceiver.onReceive:50 android.app.ActivityThread.handleReceiver:2609 
D/TaskPersister( 1776): removeObsoleteFile: deleting file=1482_task.xml
E/InputMethodManagerService( 1776): Ignoring setImeWindowStatus due to an invalid token. uid:1000 token:null
I/ActivityManager( 1776): START u0 {act=android.intent.action.MAIN cat=[android.intent.category.HOME] flg=0x10200000 cmp=com.google.android.wearable.app/com.google.android.clockwork.home.HomeActivity (has extras)} from uid 1000 on display 0
I/PowerManagerService( 1776): Going to sleep by application request (uid 1000)...
I/DreamManagerService( 1776): Entering dreamland.
I/PowerManagerService( 1776): Dozing...
I/DreamController( 1776): Starting dream: name=ComponentInfo{com.google.android.wearable.ambient/com.google.android.wearable.ambient.AmbientDream}, isTest=false, canDoze=true, userId=0
E/InputMethodManagerService( 1776): Ignoring setImeWindowStatus due to an invalid token. uid:1000 token:null
E/InputMethodManagerService( 1776): Ignoring setImeWindowStatus due to an invalid token. uid:1000 token:null
V/DreamService[AmbientDream]( 2082): onBind() intent = Intent { act=android.service.dreams.DreamService flg=0x800000 cmp=com.google.android.wearable.ambient/.AmbientDream }
I/AmbientService( 2082): Ambient Created
V/DreamService[AmbientDream]( 2082): Calling onDreamingStarted()
I/AmbientService( 2082): Ambient Starting
I/DisplayManagerService( 1776): Display device changed state: "Built-in Screen", DOZE_SUSPEND
V/ActivityManager( 1776): Display changed displayId=0
I/DisplayManagerService( 1776): Display device changed state: "Built-in Screen", DOZE
V/ActivityManager( 1776): Display changed displayId=0
I/DisplayManagerService( 1776): Display device changed state: "Built-in Screen", DOZE_SUSPEND
V/ActivityManager( 1776): Display changed displayId=0
I/PowerManagerService( 1776): Waking up from dozing (uid 1000)...
E/InputMethodManagerService( 1776): Ignoring setImeWindowStatus due to an invalid token. uid:1000 token:null
I/DisplayManagerService( 1776): Display device changed state: "Built-in Screen", ON
V/ActivityManager( 1776): Display changed displayId=0
I/DreamManagerService( 1776): Gently waking up from dream.
V/DreamService[AmbientDream]( 2082): wakeUp(): fromSystem=true, mWaking=false, mFinished=false
V/DreamService[AmbientDream]( 2082): finish(): mFinished=false
I/DreamManagerService( 1776): Leaving dreamland.
I/DreamController( 1776): Stopping dream: name=ComponentInfo{com.google.android.wearable.ambient/com.google.android.wearable.ambient.AmbientDream}, isTest=false, canDoze=true, userId=0
V/DreamService[AmbientDream]( 2082): detach(): Calling onDreamingStopped()
I/AmbientService( 2082): Ambient Stopping
V/DreamService[AmbientDream]( 2082): onDestroy()
D/SensorHAL( 1776): adjustSensorHandle: handle = 10 adjustedHandle = 1
D/SensorHAL( 1776): adjustSensorHandle: handle = 10 adjustedHandle = 1
D/SensorHAL( 1776): adjustSensorHandle: handle = 10 adjustedHandle = 1
V/NotificationService( 1776): pkg=com.google.android.GoogleCamera canInterrupt=false intercept=true
I/PowerManagerService( 1776): Going to sleep due to screen timeout (uid 1000)...
I/DreamManagerService( 1776): Entering dreamland.
I/PowerManagerService( 1776): Dozing...
I/DreamController( 1776): Starting dream: name=ComponentInfo{com.google.android.wearable.ambient/com.google.android.wearable.ambient.AmbientDream}, isTest=false, canDoze=true, userId=0
E/InputMethodManagerService( 1776): Ignoring setImeWindowStatus due to an invalid token. uid:1000 token:null
E/InputMethodManagerService( 1776): Ignoring setImeWindowStatus due to an invalid token. uid:1000 token:null
V/DreamService[AmbientDream]( 2082): onBind() intent = Intent { act=android.service.dreams.DreamService flg=0x800000 cmp=com.google.android.wearable.ambient/.AmbientDream }
I/AmbientService( 2082): Ambient Created
V/DreamService[AmbientDream]( 2082): Calling onDreamingStarted()
I/AmbientService( 2082): Ambient Starting
I/DisplayManagerService( 1776): Display device changed state: "Built-in Screen", DOZE_SUSPEND
V/ActivityManager( 1776): Display changed displayId=0
D/SensorHALGestureSensor( 1776): Gesture event received! time = 84296319858392
I/PowerManagerService( 1776): Waking up from dozing (uid 10003)...
E/InputMethodManagerService( 1776): Ignoring setImeWindowStatus due to an invalid token. uid:1000 token:null
I/DisplayManagerService( 1776): Display device changed state: "Built-in Screen", ON
V/ActivityManager( 1776): Display changed displayId=0
I/DreamManagerService( 1776): Gently waking up from dream.
V/DreamService[AmbientDream]( 2082): wakeUp(): fromSystem=true, mWaking=false, mFinished=false
V/DreamService[AmbientDream]( 2082): finish(): mFinished=false
I/DreamManagerService( 1776): Leaving dreamland.
I/DreamController( 1776): Stopping dream: name=ComponentInfo{com.google.android.wearable.ambient/com.google.android.wearable.ambient.AmbientDream}, isTest=false, canDoze=true, userId=0
V/DreamService[AmbientDream]( 2082): detach(): Calling onDreamingStopped()
I/AmbientService( 2082): Ambient Stopping
V/DreamService[AmbientDream]( 2082): onDestroy()
D/SensorHAL( 1776): adjustSensorHandle: handle = 10 adjustedHandle = 1
D/SensorHAL( 1776): adjustSensorHandle: handle = 10 adjustedHandle = 1
D/SensorHAL( 1776): adjustSensorHandle: handle = 10 adjustedHandle = 1
I/PowerManagerService( 1776): Going to sleep due to screen timeout (uid 1000)...
I/DreamManagerService( 1776): Entering dreamland.
I/PowerManagerService( 1776): Dozing...
I/DreamController( 1776): Starting dream: name=ComponentInfo{com.google.android.wearable.ambient/com.google.android.wearable.ambient.AmbientDream}, isTest=false, canDoze=true, userId=0
E/InputMethodManagerService( 1776): Ignoring setImeWindowStatus due to an invalid token. uid:1000 token:null
E/InputMethodManagerService( 1776): Ignoring setImeWindowStatus due to an invalid token. uid:1000 token:null
V/DreamService[AmbientDream]( 2082): onBind() intent = Intent { act=android.service.dreams.DreamService flg=0x800000 cmp=com.google.android.wearable.ambient/.AmbientDream }
I/AmbientService( 2082): Ambient Created
V/DreamService[AmbientDream]( 2082): Calling onDreamingStarted()
I/AmbientService( 2082): Ambient Starting
I/DisplayManagerService( 1776): Display device changed state: "Built-in Screen", DOZE_SUSPEND
V/ActivityManager( 1776): Display changed displayId=0
D/SensorHALGestureSensor( 1776): Gesture event received! time = 84318061008289
I/PowerManagerService( 1776): Waking up from dozing (uid 10003)...
E/InputMethodManagerService( 1776): Ignoring setImeWindowStatus due to an invalid token. uid:1000 token:null
I/DisplayManagerService( 1776): Display device changed state: "Built-in Screen", ON
V/ActivityManager( 1776): Display changed displayId=0
I/DreamManagerService( 1776): Gently waking up from dream.
V/DreamService[AmbientDream]( 2082): wakeUp(): fromSystem=true, mWaking=false, mFinished=false
V/DreamService[AmbientDream]( 2082): finish(): mFinished=false
I/DreamManagerService( 1776): Leaving dreamland.
I/DreamController( 1776): Stopping dream: name=ComponentInfo{com.google.android.wearable.ambient/com.google.android.wearable.ambient.AmbientDream}, isTest=false, canDoze=true, userId=0
V/DreamService[AmbientDream]( 2082): detach(): Calling onDreamingStopped()
I/AmbientService( 2082): Ambient Stopping
V/DreamService[AmbientDream]( 2082): onDestroy()
D/SensorHAL( 1776): adjustSensorHandle: handle = 10 adjustedHandle = 1
D/SensorHAL( 1776): adjustSensorHandle: handle = 10 adjustedHandle = 1
D/SensorHAL( 1776): adjustSensorHandle: handle = 10 adjustedHandle = 1
I/PowerManagerService( 1776): Going to sleep due to screen timeout (uid 1000)...
I/DreamManagerService( 1776): Entering dreamland.
I/PowerManagerService( 1776): Dozing...
I/DreamController( 1776): Starting dream: name=ComponentInfo{com.google.android.wearable.ambient/com.google.android.wearable.ambient.AmbientDream}, isTest=false, canDoze=true, userId=0
E/InputMethodManagerService( 1776): Ignoring setImeWindowStatus due to an invalid token. uid:1000 token:null
E/InputMethodManagerService( 1776): Ignoring setImeWindowStatus due to an invalid token. uid:1000 token:null
V/DreamService[AmbientDream]( 2082): onBind() intent = Intent { act=android.service.dreams.DreamService flg=0x800000 cmp=com.google.android.wearable.ambient/.AmbientDream }
I/AmbientService( 2082): Ambient Created
V/DreamService[AmbientDream]( 2082): Calling onDreamingStarted()
I/AmbientService( 2082): Ambient Starting
I/DisplayManagerService( 1776): Display device changed state: "Built-in Screen", DOZE_SUSPEND
V/ActivityManager( 1776): Display changed displayId=0
V/NotificationService( 1776): pkg=com.google.android.wearable.app canInterrupt=false intercept=true
I/DisplayManagerService( 1776): Display device changed state: "Built-in Screen", DOZE
V/ActivityManager( 1776): Display changed displayId=0
I/DisplayManagerService( 1776): Display device changed state: "Built-in Screen", DOZE_SUSPEND
V/ActivityManager( 1776): Display changed displayId=0
I/PowerManagerService( 1776): Waking up from dozing (uid 10030)...
E/InputMethodManagerService( 1776): Ignoring setImeWindowStatus due to an invalid token. uid:1000 token:null
I/DisplayManagerService( 1776): Display device changed state: "Built-in Screen", ON
V/ActivityManager( 1776): Display changed displayId=0
I/DreamManagerService( 1776): Gently waking up from dream.
V/DreamService[AmbientDream]( 2082): wakeUp(): fromSystem=true, mWaking=false, mFinished=false
V/DreamService[AmbientDream]( 2082): finish(): mFinished=false
I/DreamManagerService( 1776): Leaving dreamland.
I/DreamController( 1776): Stopping dream: name=ComponentInfo{com.google.android.wearable.ambient/com.google.android.wearable.ambient.AmbientDream}, isTest=false, canDoze=true, userId=0
V/DreamService[AmbientDream]( 2082): detach(): Calling onDreamingStopped()
I/AmbientService( 2082): Ambient Stopping
V/DreamService[AmbientDream]( 2082): onDestroy()
D/SensorHAL( 1776): adjustSensorHandle: handle = 10 adjustedHandle = 1
D/SensorHAL( 1776): adjustSensorHandle: handle = 10 adjustedHandle = 1
D/SensorHAL( 1776): adjustSensorHandle: handle = 10 adjustedHandle = 1
W/ContextImpl( 2013): Calling a method in the system process without a qualified user: android.app.ContextImpl.sendBroadcast:1327 android.content.ContextWrapper.sendBroadcast:377 android.content.ContextWrapper.sendBroadcast:377 com.google.android.clockwork.settings.GpsActivityReceiver.onReceive:50 android.app.ActivityThread.handleReceiver:2609 
W/ContextImpl( 2013): Calling a method in the system process without a qualified user: android.app.ContextImpl.sendBroadcast:1327 android.content.ContextWrapper.sendBroadcast:377 android.content.ContextWrapper.sendBroadcast:377 com.google.android.clockwork.settings.GpsActivityReceiver.onReceive:50 android.app.ActivityThread.handleReceiver:2609 
I/ActivityManager( 1776): START u0 {flg=0x10008000 cmp=com.nvbyte.kya/.NotificationActivity (has extras)} from uid 10030 on display 0
V/WindowManager( 1776): addAppToken: AppWindowToken{12d0606d token=Token{35f6c084 ActivityRecord{20eec697 u0 com.nvbyte.kya/.NotificationActivity t1487}}} to stack=1 task=1487 at 0
W/ContextImpl( 2013): Calling a method in the system process without a qualified user: android.app.ContextImpl.sendBroadcast:1327 android.content.ContextWrapper.sendBroadcast:377 android.content.ContextWrapper.sendBroadcast:377 com.google.android.clockwork.settings.GpsActivityReceiver.onReceive:50 android.app.ActivityThread.handleReceiver:2609 
V/WindowManager( 1776): Adding window Window{1f123025 u0 com.nvbyte.kya/com.nvbyte.kya.NotificationActivity} at 2 of 4 (after Window{10b49dd6 u0 com.google.android.wearable.app/com.google.android.clockwork.home.HomeActivity})
W/ContextImpl( 2013): Calling a method in the system process without a qualified user: android.app.ContextImpl.sendBroadcast:1327 android.content.ContextWrapper.sendBroadcast:377 android.content.ContextWrapper.sendBroadcast:377 com.google.android.clockwork.settings.GpsActivityReceiver.onReceive:50 android.app.ActivityThread.handleReceiver:2609 
D/TaskPersister( 1776): removeObsoleteFile: deleting file=1486_task.xml
W/ContextImpl( 2013): Calling a method in the system process without a qualified user: android.app.ContextImpl.sendBroadcast:1327 android.content.ContextWrapper.sendBroadcast:377 android.content.ContextWrapper.sendBroadcast:377 com.google.android.clockwork.settings.GpsActivityReceiver.onReceive:50 android.app.ActivityThread.handleReceiver:2609 
W/ContextImpl( 2013): Calling a method in the system process without a qualified user: android.app.ContextImpl.sendBroadcast:1327 android.content.ContextWrapper.sendBroadcast:377 android.content.ContextWrapper.sendBroadcast:377 com.google.android.clockwork.settings.GpsActivityReceiver.onReceive:50 android.app.ActivityThread.handleReceiver:2609 
V/NotificationService( 1776): pkg=com.google.android.GoogleCamera canInterrupt=false intercept=true
W/ContextImpl( 2013): Calling a method in the system process without a qualified user: android.app.ContextImpl.sendBroadcast:1327 android.content.ContextWrapper.sendBroadcast:377 android.content.ContextWrapper.sendBroadcast:377 com.google.android.clockwork.settings.GpsActivityReceiver.onReceive:50 android.app.ActivityThread.handleReceiver:2609 
W/ContextImpl( 2013): Calling a method in the system process without a qualified user: android.app.ContextImpl.sendBroadcast:1327 android.content.ContextWrapper.sendBroadcast:377 android.content.ContextWrapper.sendBroadcast:377 com.google.android.clockwork.settings.GpsActivityReceiver.onReceive:50 android.app.ActivityThread.handleReceiver:2609 
W/ContextImpl( 2013): Calling a method in the system process without a qualified user: android.app.ContextImpl.sendBroadcast:1327 android.content.ContextWrapper.sendBroadcast:377 android.content.ContextWrapper.sendBroadcast:377 com.google.android.clockwork.settings.GpsActivityReceiver.onReceive:50 android.app.ActivityThread.handleReceiver:2609 
W/ContextImpl( 2013): Calling a method in the system process without a qualified user: android.app.ContextImpl.sendBroadcast:1327 android.content.ContextWrapper.sendBroadcast:377 android.content.ContextWrapper.sendBroadcast:377 com.google.android.clockwork.settings.GpsActivityReceiver.onReceive:50 android.app.ActivityThread.handleReceiver:2609 
I/ActivityManager( 1776): START u0 {cmp=com.nvbyte.kya/.OrientationActivity (has extras)} from uid 10030 on display 0
V/WindowManager( 1776): addAppToken: AppWindowToken{2192c22d token=Token{1c229144 ActivityRecord{3986257 u0 com.nvbyte.kya/.OrientationActivity t1487}}} to stack=1 task=1487 at 1
W/ActivityManager( 1776): getRunningAppProcesses: caller 10030 does not hold REAL_GET_TASKS; limiting output
V/WindowManager( 1776): Adding window Window{18c83ae u0 com.nvbyte.kya/com.nvbyte.kya.OrientationActivity} at 3 of 5 (after Window{1f123025 u0 com.nvbyte.kya/com.nvbyte.kya.NotificationActivity})
W/ContextImpl( 2013): Calling a method in the system process without a qualified user: android.app.ContextImpl.sendBroadcast:1327 android.content.ContextWrapper.sendBroadcast:377 android.content.ContextWrapper.sendBroadcast:377 com.google.android.clockwork.settings.GpsActivityReceiver.onReceive:50 android.app.ActivityThread.handleReceiver:2609 
W/ContextImpl( 2013): Calling a method in the system process without a qualified user: android.app.ContextImpl.sendBroadcast:1327 android.content.ContextWrapper.sendBroadcast:377 android.content.ContextWrapper.sendBroadcast:377 com.google.android.clockwork.settings.GpsActivityReceiver.onReceive:50 android.app.ActivityThread.handleReceiver:2609 
W/ContextImpl( 2013): Calling a method in the system process without a qualified user: android.app.ContextImpl.sendBroadcast:1327 android.content.ContextWrapper.sendBroadcast:377 android.content.ContextWrapper.sendBroadcast:377 com.google.android.clockwork.settings.GpsActivityReceiver.onReceive:50 android.app.ActivityThread.handleReceiver:2609 
W/ContextImpl( 2013): Calling a method in the system process without a qualified user: android.app.ContextImpl.sendBroadcast:1327 android.content.ContextWrapper.sendBroadcast:377 android.content.ContextWrapper.sendBroadcast:377 com.google.android.clockwork.settings.GpsActivityReceiver.onReceive:50 android.app.ActivityThread.handleReceiver:2609 
W/ContextImpl( 2013): Calling a method in the system process without a qualified user: android.app.ContextImpl.sendBroadcast:1327 android.content.ContextWrapper.sendBroadcast:377 android.content.ContextWrapper.sendBroadcast:377 com.google.android.clockwork.settings.GpsActivityReceiver.onReceive:50 android.app.ActivityThread.handleReceiver:2609 
W/ContextImpl( 2013): Calling a method in the system process without a qualified user: android.app.ContextImpl.sendBroadcast:1327 android.content.ContextWrapper.sendBroadcast:377 android.content.ContextWrapper.sendBroadcast:377 com.google.android.clockwork.settings.GpsActivityReceiver.onReceive:50 android.app.ActivityThread.handleReceiver:2609 
W/ContextImpl( 2013): Calling a method in the system process without a qualified user: android.app.ContextImpl.sendBroadcast:1327 android.content.ContextWrapper.sendBroadcast:377 android.content.ContextWrapper.sendBroadcast:377 com.google.android.clockwork.settings.GpsActivityReceiver.onReceive:50 android.app.ActivityThread.handleReceiver:2609 
W/ContextImpl( 2013): Calling a method in the system process without a qualified user: android.app.ContextImpl.sendBroadcast:1327 android.content.ContextWrapper.sendBroadcast:377 android.content.ContextWrapper.sendBroadcast:377 com.google.android.clockwork.settings.GpsActivityReceiver.onReceive:50 android.app.ActivityThread.handleReceiver:2609 
I/ProcessStatsService( 1776): Prepared write state in 24ms
