--------- beginning of system
W/ResourcesManager(15920): Asset path '/system/framework/android.test.runner.jar' does not exist or contains no resources.
I/ActivityManager( 1776): Delay finish: com.android.providers.calendar/.CalendarProviderBroadcastReceiver
I/ActivityManager( 1776): Resuming delayed broadcast
W/ContextImpl( 2013): Calling a method in the system process without a qualified user: android.app.ContextImpl.sendBroadcast:1327 android.content.ContextWrapper.sendBroadcast:377 android.content.ContextWrapper.sendBroadcast:377 com.google.android.clockwork.settings.GpsActivityReceiver.onReceive:50 android.app.ActivityThread.handleReceiver:2609 
W/ContextImpl( 2013): Calling a method in the system process without a qualified user: android.app.ContextImpl.sendBroadcast:1327 android.content.ContextWrapper.sendBroadcast:377 android.content.ContextWrapper.sendBroadcast:377 com.google.android.clockwork.settings.GpsActivityReceiver.onReceive:50 android.app.ActivityThread.handleReceiver:2609 
W/ContextImpl( 2013): Calling a method in the system process without a qualified user: android.app.ContextImpl.sendBroadcast:1327 android.content.ContextWrapper.sendBroadcast:377 android.content.ContextWrapper.sendBroadcast:377 com.google.android.clockwork.settings.GpsActivityReceiver.onReceive:50 android.app.ActivityThread.handleReceiver:2609 
W/ContextImpl( 2013): Calling a method in the system process without a qualified user: android.app.ContextImpl.sendBroadcast:1327 android.content.ContextWrapper.sendBroadcast:377 android.content.ContextWrapper.sendBroadcast:377 com.google.android.clockwork.settings.GpsActivityReceiver.onReceive:50 android.app.ActivityThread.handleReceiver:2609 
W/ContextImpl( 2013): Calling a method in the system process without a qualified user: android.app.ContextImpl.sendBroadcast:1327 android.content.ContextWrapper.sendBroadcast:377 android.content.ContextWrapper.sendBroadcast:377 com.google.android.clockwork.settings.GpsActivityReceiver.onReceive:50 android.app.ActivityThread.handleReceiver:2609 
W/ContextImpl( 2013): Calling a method in the system process without a qualified user: android.app.ContextImpl.sendBroadcast:1327 android.content.ContextWrapper.sendBroadcast:377 android.content.ContextWrapper.sendBroadcast:377 com.google.android.clockwork.settings.GpsActivityReceiver.onReceive:50 android.app.ActivityThread.handleReceiver:2609 
I/ActivityManager( 1776): Delay finish: com.android.providers.calendar/.CalendarProviderBroadcastReceiver
I/ActivityManager( 1776): Resuming delayed broadcast
I/ProcessStatsService( 1776): Prepared write state in 9ms
I/ActivityManager( 1776): Delay finish: com.google.android.apps.fitness/com.google.android.wearable.fitness.summary.notification.NotificationReceiver
I/ActivityManager( 1776): Resuming delayed broadcast
W/ContextImpl( 2013): Calling a method in the system process without a qualified user: android.app.ContextImpl.sendBroadcast:1327 android.content.ContextWrapper.sendBroadcast:377 android.content.ContextWrapper.sendBroadcast:377 com.google.android.clockwork.settings.GpsActivityReceiver.onReceive:50 android.app.ActivityThread.handleReceiver:2609 
W/ContextImpl( 2013): Calling a method in the system process without a qualified user: android.app.ContextImpl.sendBroadcast:1327 android.content.ContextWrapper.sendBroadcast:377 android.content.ContextWrapper.sendBroadcast:377 com.google.android.clockwork.settings.GpsActivityReceiver.onReceive:50 android.app.ActivityThread.handleReceiver:2609 
W/ContextImpl( 2013): Calling a method in the system process without a qualified user: android.app.ContextImpl.sendBroadcast:1327 android.content.ContextWrapper.sendBroadcast:377 android.content.ContextWrapper.sendBroadcast:377 com.google.android.clockwork.settings.GpsActivityReceiver.onReceive:50 android.app.ActivityThread.handleReceiver:2609 
W/ContextImpl( 2013): Calling a method in the system process without a qualified user: android.app.ContextImpl.sendBroadcast:1327 android.content.ContextWrapper.sendBroadcast:377 android.content.ContextWrapper.sendBroadcast:377 com.google.android.clockwork.settings.GpsActivityReceiver.onReceive:50 android.app.ActivityThread.handleReceiver:2609 
W/ContextImpl( 2013): Calling a method in the system process without a qualified user: android.app.ContextImpl.sendBroadcast:1327 android.content.ContextWrapper.sendBroadcast:377 android.content.ContextWrapper.sendBroadcast:377 com.google.android.clockwork.settings.GpsActivityReceiver.onReceive:50 android.app.ActivityThread.handleReceiver:2609 
W/ContextImpl( 2013): Calling a method in the system process without a qualified user: android.app.ContextImpl.sendBroadcast:1327 android.content.ContextWrapper.sendBroadcast:377 android.content.ContextWrapper.sendBroadcast:377 com.google.android.clockwork.settings.GpsActivityReceiver.onReceive:50 android.app.ActivityThread.handleReceiver:2609 
W/ContextImpl( 2013): Calling a method in the system process without a qualified user: android.app.ContextImpl.sendBroadcast:1327 android.content.ContextWrapper.sendBroadcast:377 android.content.ContextWrapper.sendBroadcast:377 com.google.android.clockwork.settings.GpsActivityReceiver.onReceive:50 android.app.ActivityThread.handleReceiver:2609 
W/ContextImpl( 2013): Calling a method in the system process without a qualified user: android.app.ContextImpl.sendBroadcast:1327 android.content.ContextWrapper.sendBroadcast:377 android.content.ContextWrapper.sendBroadcast:377 com.google.android.clockwork.settings.GpsActivityReceiver.onReceive:50 android.app.ActivityThread.handleReceiver:2609 
W/ContextImpl( 2013): Calling a method in the system process without a qualified user: android.app.ContextImpl.sendBroadcast:1327 android.content.ContextWrapper.sendBroadcast:377 android.content.ContextWrapper.sendBroadcast:377 com.google.android.clockwork.settings.GpsActivityReceiver.onReceive:50 android.app.ActivityThread.handleReceiver:2609 
W/ContextImpl( 2013): Calling a method in the system process without a qualified user: android.app.ContextImpl.sendBroadcast:1327 android.content.ContextWrapper.sendBroadcast:377 android.content.ContextWrapper.sendBroadcast:377 com.google.android.clockwork.settings.GpsActivityReceiver.onReceive:50 android.app.ActivityThread.handleReceiver:2609 
W/ContextImpl( 2013): Calling a method in the system process without a qualified user: android.app.ContextImpl.sendBroadcast:1327 android.content.ContextWrapper.sendBroadcast:377 android.content.ContextWrapper.sendBroadcast:377 com.google.android.clockwork.settings.GpsActivityReceiver.onReceive:50 android.app.ActivityThread.handleReceiver:2609 
W/ContextImpl( 2013): Calling a method in the system process without a qualified user: android.app.ContextImpl.sendBroadcast:1327 android.content.ContextWrapper.sendBroadcast:377 android.content.ContextWrapper.sendBroadcast:377 com.google.android.clockwork.settings.GpsActivityReceiver.onReceive:50 android.app.ActivityThread.handleReceiver:2609 
W/ContextImpl( 2013): Calling a method in the system process without a qualified user: android.app.ContextImpl.sendBroadcast:1327 android.content.ContextWrapper.sendBroadcast:377 android.content.ContextWrapper.sendBroadcast:377 com.google.android.clockwork.settings.GpsActivityReceiver.onReceive:50 android.app.ActivityThread.handleReceiver:2609 
W/ContextImpl( 2013): Calling a method in the system process without a qualified user: android.app.ContextImpl.sendBroadcast:1327 android.content.ContextWrapper.sendBroadcast:377 android.content.ContextWrapper.sendBroadcast:377 com.google.android.clockwork.settings.GpsActivityReceiver.onReceive:50 android.app.ActivityThread.handleReceiver:2609 
W/ContextImpl( 2013): Calling a method in the system process without a qualified user: android.app.ContextImpl.sendBroadcast:1327 android.content.ContextWrapper.sendBroadcast:377 android.content.ContextWrapper.sendBroadcast:377 com.google.android.clockwork.settings.GpsActivityReceiver.onReceive:50 android.app.ActivityThread.handleReceiver:2609 
W/ContextImpl( 2013): Calling a method in the system process without a qualified user: android.app.ContextImpl.sendBroadcast:1327 android.content.ContextWrapper.sendBroadcast:377 android.content.ContextWrapper.sendBroadcast:377 com.google.android.clockwork.settings.GpsActivityReceiver.onReceive:50 android.app.ActivityThread.handleReceiver:2609 
W/ContextImpl( 2013): Calling a method in the system process without a qualified user: android.app.ContextImpl.sendBroadcast:1327 android.content.ContextWrapper.sendBroadcast:377 android.content.ContextWrapper.sendBroadcast:377 com.google.android.clockwork.settings.GpsActivityReceiver.onReceive:50 android.app.ActivityThread.handleReceiver:2609 
W/ContextImpl( 2013): Calling a method in the system process without a qualified user: android.app.ContextImpl.sendBroadcast:1327 android.content.ContextWrapper.sendBroadcast:377 android.content.ContextWrapper.sendBroadcast:377 com.google.android.clockwork.settings.GpsActivityReceiver.onReceive:50 android.app.ActivityThread.handleReceiver:2609 
W/ContextImpl( 2013): Calling a method in the system process without a qualified user: android.app.ContextImpl.sendBroadcast:1327 android.content.ContextWrapper.sendBroadcast:377 android.content.ContextWrapper.sendBroadcast:377 com.google.android.clockwork.settings.GpsActivityReceiver.onReceive:50 android.app.ActivityThread.handleReceiver:2609 
W/ContextImpl( 2013): Calling a method in the system process without a qualified user: android.app.ContextImpl.sendBroadcast:1327 android.content.ContextWrapper.sendBroadcast:377 android.content.ContextWrapper.sendBroadcast:377 com.google.android.clockwork.settings.GpsActivityReceiver.onReceive:50 android.app.ActivityThread.handleReceiver:2609 
W/ContextImpl( 2013): Calling a method in the system process without a qualified user: android.app.ContextImpl.sendBroadcast:1327 android.content.ContextWrapper.sendBroadcast:377 android.content.ContextWrapper.sendBroadcast:377 com.google.android.clockwork.settings.GpsActivityReceiver.onReceive:50 android.app.ActivityThread.handleReceiver:2609 
W/ContextImpl( 2013): Calling a method in the system process without a qualified user: android.app.ContextImpl.sendBroadcast:1327 android.content.ContextWrapper.sendBroadcast:377 android.content.ContextWrapper.sendBroadcast:377 com.google.android.clockwork.settings.GpsActivityReceiver.onReceive:50 android.app.ActivityThread.handleReceiver:2609 
I/DockObserver( 1776): Dock state changed from 1 to 0
I/BatteryStatsImpl( 1776): Resetting battery stats: level=100 status=5 dischargeLevel=100 lowAmount=113 highAmount=118
I/ActivityManager( 1776): Delay finish: com.google.android.apps.fitness/com.google.android.wearable.fitness.nudge.IdleBroadcastReceiver
I/ActivityManager( 1776): Resuming delayed broadcast
I/ActivityManager( 1776): START u0 {act=android.intent.action.MAIN flg=0x10200000 cmp=com.nvbyte.kya/.MainActivity} from uid 10003 on display 0
V/WindowManager( 1776): addAppToken: AppWindowToken{ca9e541 token=Token{aeac428 ActivityRecord{3e0fc24b u0 com.nvbyte.kya/.MainActivity t1467}}} to stack=1 task=1467 at 0
V/WindowManager( 1776): Adding window Window{33817f72 u0 com.nvbyte.kya/com.nvbyte.kya.MainActivity} at 2 of 4 (after Window{10b49dd6 u0 com.google.android.wearable.app/com.google.android.clockwork.home.HomeActivity})
W/ContextImpl( 2013): Calling a method in the system process without a qualified user: android.app.ContextImpl.sendBroadcast:1327 android.content.ContextWrapper.sendBroadcast:377 android.content.ContextWrapper.sendBroadcast:377 com.google.android.clockwork.settings.GpsActivityReceiver.onReceive:50 android.app.ActivityThread.handleReceiver:2609 
W/ContextImpl( 2013): Calling a method in the system process without a qualified user: android.app.ContextImpl.sendBroadcast:1327 android.content.ContextWrapper.sendBroadcast:377 android.content.ContextWrapper.sendBroadcast:377 com.google.android.clockwork.settings.GpsActivityReceiver.onReceive:50 android.app.ActivityThread.handleReceiver:2609 
D/TaskPersister( 1776): removeObsoleteFile: deleting file=1465_task.xml
E/InputMethodManagerService( 1776): Ignoring setImeWindowStatus due to an invalid token. uid:1000 token:null
I/ActivityManager( 1776): START u0 {act=android.intent.action.MAIN cat=[android.intent.category.HOME] flg=0x10200000 cmp=com.google.android.wearable.app/com.google.android.clockwork.home.HomeActivity (has extras)} from uid 1000 on display 0
I/PowerManagerService( 1776): Going to sleep by application request (uid 1000)...
I/DreamManagerService( 1776): Entering dreamland.
I/PowerManagerService( 1776): Dozing...
I/DreamController( 1776): Starting dream: name=ComponentInfo{com.google.android.wearable.ambient/com.google.android.wearable.ambient.AmbientDream}, isTest=false, canDoze=true, userId=0
E/InputMethodManagerService( 1776): Ignoring setImeWindowStatus due to an invalid token. uid:1000 token:null
E/InputMethodManagerService( 1776): Ignoring setImeWindowStatus due to an invalid token. uid:1000 token:null
W/DreamService[AmbientDream]( 2082): Finish was called before the dream was attached.
W/DreamService[AmbientDream]( 2082): attach() called after dream already finished
I/DreamManagerService( 1776): Leaving dreamland.
I/DreamController( 1776): Stopping dream: name=ComponentInfo{com.google.android.wearable.ambient/com.google.android.wearable.ambient.AmbientDream}, isTest=false, canDoze=true, userId=0
I/PowerManagerService( 1776): Sleeping (uid 1000)...
I/DisplayManagerService( 1776): Display device changed state: "Built-in Screen", OFF
V/ActivityManager( 1776): Display changed displayId=0
D/SensorHALGestureSensor( 1776): Gesture event received! time = 81933599731659
I/PowerManagerService( 1776): Waking up from sleep (uid 10003)...
I/DisplayPowerController( 1776): Blocking screen on until initial contents have been drawn.
V/ActivityManager( 1776): Display changed displayId=0
E/InputMethodManagerService( 1776): Ignoring setImeWindowStatus due to an invalid token. uid:1000 token:null
I/DisplayPowerController( 1776): Unblocked screen on after 293 ms
I/DisplayManagerService( 1776): Display device changed state: "Built-in Screen", ON
V/ActivityManager( 1776): Display changed displayId=0
D/SensorHAL( 1776): adjustSensorHandle: handle = 10 adjustedHandle = 1
D/SensorHAL( 1776): adjustSensorHandle: handle = 10 adjustedHandle = 1
D/SensorHAL( 1776): adjustSensorHandle: handle = 10 adjustedHandle = 1
I/PowerManagerService( 1776): Going to sleep due to screen timeout (uid 1000)...
I/DreamManagerService( 1776): Entering dreamland.
I/PowerManagerService( 1776): Dozing...
I/DreamController( 1776): Starting dream: name=ComponentInfo{com.google.android.wearable.ambient/com.google.android.wearable.ambient.AmbientDream}, isTest=false, canDoze=true, userId=0
E/InputMethodManagerService( 1776): Ignoring setImeWindowStatus due to an invalid token. uid:1000 token:null
E/InputMethodManagerService( 1776): Ignoring setImeWindowStatus due to an invalid token. uid:1000 token:null
W/DreamService[AmbientDream]( 2082): Finish was called before the dream was attached.
W/DreamService[AmbientDream]( 2082): attach() called after dream already finished
I/DreamManagerService( 1776): Leaving dreamland.
I/PowerManagerService( 1776): Sleeping (uid 1000)...
I/DreamController( 1776): Stopping dream: name=ComponentInfo{com.google.android.wearable.ambient/com.google.android.wearable.ambient.AmbientDream}, isTest=false, canDoze=true, userId=0
I/DisplayManagerService( 1776): Display device changed state: "Built-in Screen", OFF
V/ActivityManager( 1776): Display changed displayId=0
I/PowerManagerService( 1776): Waking up from sleep (uid 1000)...
I/DisplayPowerController( 1776): Blocking screen on until initial contents have been drawn.
I/DisplayManagerService( 1776): Display device changed state: "Built-in Screen", ON
V/ActivityManager( 1776): Display changed displayId=0
E/InputMethodManagerService( 1776): Ignoring setImeWindowStatus due to an invalid token. uid:1000 token:null
I/DisplayPowerController( 1776): Unblocked screen on after 359 ms
D/SensorHAL( 1776): adjustSensorHandle: handle = 10 adjustedHandle = 1
D/SensorHAL( 1776): adjustSensorHandle: handle = 10 adjustedHandle = 1
D/SensorHAL( 1776): adjustSensorHandle: handle = 10 adjustedHandle = 1
I/ActivityManager( 1776): START u0 {act=android.intent.action.MAIN flg=0x10200000 cmp=com.google.android.apps.wearable.settings/com.google.android.clockwork.settings.SettingsActivity} from uid 10003 on display 0
V/WindowManager( 1776): addAppToken: AppWindowToken{158ff989 token=Token{1a56dc90 ActivityRecord{2144db53 u0 com.google.android.apps.wearable.settings/com.google.android.clockwork.settings.SettingsActivity t1468}}} to stack=1 task=1468 at 0
V/ActivityManager( 1776): Display changed displayId=0
V/WindowManager( 1776): Adding window Window{28f5a545 u0 com.google.android.apps.wearable.settings/com.google.android.clockwork.settings.SettingsActivity} at 2 of 4 (after Window{10b49dd6 u0 com.google.android.wearable.app/com.google.android.clockwork.home.HomeActivity})
D/TaskPersister( 1776): removeObsoleteFile: deleting file=1450_task.xml
I/ActivityManager( 1776): START u0 {cmp=com.google.android.apps.wearable.settings/com.google.android.clockwork.settings.DeveloperOptionsActivity} from uid 1000 on display 0
V/WindowManager( 1776): addAppToken: AppWindowToken{2c8fd0d8 token=Token{120353bb ActivityRecord{1c7584a u0 com.google.android.apps.wearable.settings/com.google.android.clockwork.settings.DeveloperOptionsActivity t1468}}} to stack=1 task=1468 at 1
V/WindowManager( 1776): Adding window Window{372aaf16 u0 com.google.android.apps.wearable.settings/com.google.android.clockwork.settings.DeveloperOptionsActivity} at 3 of 5 (after Window{28f5a545 u0 com.google.android.apps.wearable.settings/com.google.android.clockwork.settings.SettingsActivity})
I/ActivityManager( 1776): START u0 {cmp=com.google.android.apps.wearable.settings/com.google.android.clockwork.settings.EnableDebuggingDialog} from uid 1000 on display 0
V/WindowManager( 1776): addAppToken: AppWindowToken{50be2f0 token=Token{2ea7f33 ActivityRecord{3b9aa6a2 u0 com.google.android.apps.wearable.settings/com.google.android.clockwork.settings.EnableDebuggingDialog t1468}}} to stack=1 task=1468 at 2
V/WindowManager( 1776): Adding window Window{8208aee u0 com.google.android.apps.wearable.settings/com.google.android.clockwork.settings.EnableDebuggingDialog} at 4 of 6 (after Window{372aaf16 u0 com.google.android.apps.wearable.settings/com.google.android.clockwork.settings.DeveloperOptionsActivity})
W/ContextImpl( 2013): Calling a method in the system process without a qualified user: android.app.ContextImpl.startService:1692 android.content.ContextWrapper.startService:516 com.google.android.clockwork.settings.AdbUtil.setAdbTargetServiceRunning:65 com.google.android.clockwork.settings.AdbUtil.setAdbDebugging:38 com.google.android.clockwork.settings.EnableDebuggingDialog.onConfirm:16 
I/ActivityManager( 1776): START u0 {act=android.intent.action.MAIN flg=0x10200000 cmp=com.google.android.apps.wearable.settings/com.google.android.clockwork.settings.SettingsActivity} from uid 10003 on display 0
V/WindowManager( 1776): addAppToken: AppWindowToken{2563534d token=Token{32c432e4 ActivityRecord{1d5b0677 u0 com.google.android.apps.wearable.settings/com.google.android.clockwork.settings.SettingsActivity t1469}}} to stack=1 task=1469 at 0
V/WindowManager( 1776): Adding window Window{3a6f9313 u0 com.google.android.apps.wearable.settings/com.google.android.clockwork.settings.SettingsActivity} at 2 of 4 (after Window{10b49dd6 u0 com.google.android.wearable.app/com.google.android.clockwork.home.HomeActivity})
D/TaskPersister( 1776): removeObsoleteFile: deleting file=1468_task.xml
I/ActivityManager( 1776): START u0 {cmp=com.google.android.apps.wearable.settings/com.google.android.clockwork.settings.DeveloperOptionsActivity} from uid 1000 on display 0
V/WindowManager( 1776): addAppToken: AppWindowToken{29647b67 token=Token{3dd2e326 ActivityRecord{31a52681 u0 com.google.android.apps.wearable.settings/com.google.android.clockwork.settings.DeveloperOptionsActivity t1469}}} to stack=1 task=1469 at 1
V/WindowManager( 1776): Adding window Window{257ca9bd u0 com.google.android.apps.wearable.settings/com.google.android.clockwork.settings.DeveloperOptionsActivity} at 3 of 5 (after Window{3a6f9313 u0 com.google.android.apps.wearable.settings/com.google.android.clockwork.settings.SettingsActivity})
W/ContextImpl( 2013): Calling a method in the system process without a qualified user: android.app.ContextImpl.sendBroadcast:1327 android.content.ContextWrapper.sendBroadcast:377 android.content.ContextWrapper.sendBroadcast:377 com.google.android.clockwork.settings.GpsActivityReceiver.onReceive:50 android.app.ActivityThread.handleReceiver:2609 
I/PowerManagerService( 1776): Going to sleep due to screen timeout (uid 1000)...
I/DreamManagerService( 1776): Entering dreamland.
I/PowerManagerService( 1776): Dozing...
I/DreamController( 1776): Starting dream: name=ComponentInfo{com.google.android.wearable.ambient/com.google.android.wearable.ambient.AmbientDream}, isTest=false, canDoze=true, userId=0
E/InputMethodManagerService( 1776): Ignoring setImeWindowStatus due to an invalid token. uid:1000 token:null
E/InputMethodManagerService( 1776): Ignoring setImeWindowStatus due to an invalid token. uid:1000 token:null
W/DreamService[AmbientDream]( 2082): Finish was called before the dream was attached.
W/DreamService[AmbientDream]( 2082): attach() called after dream already finished
I/DreamManagerService( 1776): Leaving dreamland.
I/DreamController( 1776): Stopping dream: name=ComponentInfo{com.google.android.wearable.ambient/com.google.android.wearable.ambient.AmbientDream}, isTest=false, canDoze=true, userId=0
I/PowerManagerService( 1776): Sleeping (uid 1000)...
W/ContextImpl( 2013): Calling a method in the system process without a qualified user: android.app.ContextImpl.sendBroadcast:1327 android.content.ContextWrapper.sendBroadcast:377 android.content.ContextWrapper.sendBroadcast:377 com.google.android.clockwork.settings.GpsActivityReceiver.onReceive:50 android.app.ActivityThread.handleReceiver:2609 
I/DisplayManagerService( 1776): Display device changed state: "Built-in Screen", OFF
V/ActivityManager( 1776): Display changed displayId=0
W/ContextImpl( 2013): Calling a method in the system process without a qualified user: android.app.ContextImpl.sendBroadcast:1327 android.content.ContextWrapper.sendBroadcast:377 android.content.ContextWrapper.sendBroadcast:377 com.google.android.clockwork.settings.GpsActivityReceiver.onReceive:50 android.app.ActivityThread.handleReceiver:2609 
W/ContextImpl( 2013): Calling a method in the system process without a qualified user: android.app.ContextImpl.sendBroadcast:1327 android.content.ContextWrapper.sendBroadcast:377 android.content.ContextWrapper.sendBroadcast:377 com.google.android.clockwork.settings.GpsActivityReceiver.onReceive:50 android.app.ActivityThread.handleReceiver:2609 
W/ContextImpl( 2013): Calling a method in the system process without a qualified user: android.app.ContextImpl.sendBroadcast:1327 android.content.ContextWrapper.sendBroadcast:377 android.content.ContextWrapper.sendBroadcast:377 com.google.android.clockwork.settings.GpsActivityReceiver.onReceive:50 android.app.ActivityThread.handleReceiver:2609 
W/ContextImpl( 2013): Calling a method in the system process without a qualified user: android.app.ContextImpl.sendBroadcast:1327 android.content.ContextWrapper.sendBroadcast:377 android.content.ContextWrapper.sendBroadcast:377 com.google.android.clockwork.settings.GpsActivityReceiver.onReceive:50 android.app.ActivityThread.handleReceiver:2609 
W/ContextImpl( 2013): Calling a method in the system process without a qualified user: android.app.ContextImpl.sendBroadcast:1327 android.content.ContextWrapper.sendBroadcast:377 android.content.ContextWrapper.sendBroadcast:377 com.google.android.clockwork.settings.GpsActivityReceiver.onReceive:50 android.app.ActivityThread.handleReceiver:2609 
W/ContextImpl( 2013): Calling a method in the system process without a qualified user: android.app.ContextImpl.sendBroadcast:1327 android.content.ContextWrapper.sendBroadcast:377 android.content.ContextWrapper.sendBroadcast:377 com.google.android.clockwork.settings.GpsActivityReceiver.onReceive:50 android.app.ActivityThread.handleReceiver:2609 
W/ContextImpl( 2013): Calling a method in the system process without a qualified user: android.app.ContextImpl.sendBroadcast:1327 android.content.ContextWrapper.sendBroadcast:377 android.content.ContextWrapper.sendBroadcast:377 com.google.android.clockwork.settings.GpsActivityReceiver.onReceive:50 android.app.ActivityThread.handleReceiver:2609 
W/ContextImpl( 2013): Calling a method in the system process without a qualified user: android.app.ContextImpl.sendBroadcast:1327 android.content.ContextWrapper.sendBroadcast:377 android.content.ContextWrapper.sendBroadcast:377 com.google.android.clockwork.settings.GpsActivityReceiver.onReceive:50 android.app.ActivityThread.handleReceiver:2609 
I/ActivityManager( 1776): Delay finish: com.google.android.apps.fitness/com.google.android.wearable.fitness.summary.notification.NotificationReceiver
I/ActivityManager( 1776): Resuming delayed broadcast
I/ActivityManager( 1776): Start proc 16543:com.android.defcontainer/u0a8 for service com.android.defcontainer/.DefaultContainerService
D/DefContainer(16543): Copying /data/local/tmp/com.nvbyte.kya to base.apk
D/PackageManager( 1776): Renaming /data/app/vmdl829535917.tmp to /data/app/com.nvbyte.kya-1
I/ActivityManager( 1776): Force stopping com.nvbyte.kya appid=10030 user=-1: uninstall pkg
I/ActivityManager( 1776): Killing 15329:com.nvbyte.kya/u0a30 (adj 9): stop com.nvbyte.kya
W/ActivityManager( 1776): Scheduling restart of crashed service com.nvbyte.kya/.KYANotificationService in 1000ms
I/ActivityManager( 1776):   Force stopping service ServiceRecord{2ebd8597 u0 com.nvbyte.kya/.KYANotificationService}
W/ActivityManager( 1776): Spurious death for ProcessRecord{366ac458 15329:com.nvbyte.kya/u0a30}, curProc for 15329: null
W/ContextImpl( 2013): Calling a method in the system process without a qualified user: android.app.ContextImpl.sendBroadcast:1327 android.content.ContextWrapper.sendBroadcast:377 android.content.ContextWrapper.sendBroadcast:377 com.google.android.clockwork.settings.GpsActivityReceiver.onReceive:64 android.app.ActivityThread.handleReceiver:2609 
I/PackageManager( 1776): Package com.nvbyte.kya codePath changed from /data/app/com.nvbyte.kya-2 to /data/app/com.nvbyte.kya-1; Retaining data and using new
I/ActivityManager( 1776): Killing 1842:android.process.media/u0a9 (adj 15): empty for 2056s
D/SensorHALGestureSensor( 1776): Gesture event received! time = 82422290409160
I/PowerManagerService( 1776): Waking up from sleep (uid 10003)...
I/DisplayPowerController( 1776): Blocking screen on until initial contents have been drawn.
V/ActivityManager( 1776): Display changed displayId=0
E/InputMethodManagerService( 1776): Ignoring setImeWindowStatus due to an invalid token. uid:1000 token:null
I/DisplayManagerService( 1776): Display device changed state: "Built-in Screen", ON
V/ActivityManager( 1776): Display changed displayId=0
I/DisplayPowerController( 1776): Unblocked screen on after 501 ms
D/SensorHAL( 1776): adjustSensorHandle: handle = 10 adjustedHandle = 1
D/SensorHAL( 1776): adjustSensorHandle: handle = 10 adjustedHandle = 1
D/SensorHAL( 1776): adjustSensorHandle: handle = 10 adjustedHandle = 1
I/ActivityManager( 1776): START u0 {act=android.intent.action.MAIN flg=0x10200000 cmp=com.nvbyte.kya/.MainActivity} from uid 10003 on display 0
I/ActivityManager( 1776): Force stopping com.nvbyte.kya appid=10030 user=-1: update pkg
W/PackageManager( 1776): Code path for pkg : com.nvbyte.kya changing from /data/app/com.nvbyte.kya-2 to /data/app/com.nvbyte.kya-1
W/PackageManager( 1776): Resource path for pkg : com.nvbyte.kya changing from /data/app/com.nvbyte.kya-2 to /data/app/com.nvbyte.kya-1
W/PackageManager( 1776): Unknown permission android.permission.ALLOW_MOCK_LOCATIONS in package com.nvbyte.kya
W/PackageManager( 1776): Unknown permission com.example.mapdemo.permission.MAPS_RECEIVE in package com.nvbyte.kya
I/ActivityManager( 1776): Killing 7540:com.google.android.apps.wearable.bugreportsender/2000 (adj 15): empty for 2067s
I/ActivityManager( 1776): Force stopping com.nvbyte.kya appid=10030 user=0: pkg removed
D/JobSchedulerService( 1776): Receieved: android.intent.action.PACKAGE_REMOVED
I/ActivityManager( 1776): Start proc 16581:android.process.acore/u0a7 for broadcast com.android.providers.contacts/.PackageIntentReceiver
I/ActivityManager( 1776): Killing 2543:com.google.android.GoogleCamera/u0a22 (adj 15): empty for 2068s
I/ActivityManager( 1776): Delay finish: com.google.android.gms/.wearable.app.SystemBroadcastWearableReceiver
I/ActivityManager( 1776): Resuming delayed broadcast
I/ActivityManager( 1776): Delay finish: com.android.vending/com.google.android.finsky.PackageUpdateReceiver
I/ActivityManager( 1776): Resuming delayed broadcast
I/ActivityManager( 1776): Delay finish: com.google.android.gms/.wearable.app.SystemBroadcastWearableReceiver
I/ActivityManager( 1776): Resuming delayed broadcast
I/ActivityManager( 1776): Delay finish: com.google.android.gms/.wearable.app.SystemBroadcastWearableReceiver
I/ActivityManager( 1776): Resuming delayed broadcast
I/ActivityManager( 1776): START u0 {act=android.intent.action.MAIN cat=[android.intent.category.LAUNCHER] flg=0x10000000 cmp=com.nvbyte.kya/.MainActivity} from uid 2000 on display 0
V/WindowManager( 1776): addAppToken: AppWindowToken{1fc558ce token=Token{1eb6c9c9 ActivityRecord{1611c5d0 u0 com.nvbyte.kya/.MainActivity t1470}}} to stack=1 task=1470 at 0
I/ActivityManager( 1776): Start proc 16625:com.nvbyte.kya/u0a30 for activity com.nvbyte.kya/.MainActivity
V/ActivityManager( 1776): Display changed displayId=0
V/WindowManager( 1776): Adding window Window{15487ee8 u0 com.nvbyte.kya/com.nvbyte.kya.MainActivity} at 2 of 4 (after Window{10b49dd6 u0 com.google.android.wearable.app/com.google.android.clockwork.home.HomeActivity})
W/ContextImpl( 2013): Calling a method in the system process without a qualified user: android.app.ContextImpl.sendBroadcast:1327 android.content.ContextWrapper.sendBroadcast:377 android.content.ContextWrapper.sendBroadcast:377 com.google.android.clockwork.settings.GpsActivityReceiver.onReceive:50 android.app.ActivityThread.handleReceiver:2609 
I/PowerManagerService( 1776): Going to sleep due to screen timeout (uid 1000)...
I/DreamManagerService( 1776): Entering dreamland.
I/PowerManagerService( 1776): Dozing...
I/DreamController( 1776): Starting dream: name=ComponentInfo{com.google.android.wearable.ambient/com.google.android.wearable.ambient.AmbientDream}, isTest=false, canDoze=true, userId=0
E/InputMethodManagerService( 1776): Ignoring setImeWindowStatus due to an invalid token. uid:1000 token:null
E/InputMethodManagerService( 1776): Ignoring setImeWindowStatus due to an invalid token. uid:1000 token:null
W/DreamService[AmbientDream]( 2082): Finish was called before the dream was attached.
W/DreamService[AmbientDream]( 2082): attach() called after dream already finished
I/DreamManagerService( 1776): Leaving dreamland.
I/DreamController( 1776): Stopping dream: name=ComponentInfo{com.google.android.wearable.ambient/com.google.android.wearable.ambient.AmbientDream}, isTest=false, canDoze=true, userId=0
I/PowerManagerService( 1776): Sleeping (uid 1000)...
I/ActivityManager( 1776): START u0 {act=android.intent.action.MAIN cat=[android.intent.category.HOME] flg=0x34010000 cmp=com.google.android.wearable.app/com.google.android.clockwork.home.HomeActivity} from uid 10025 on display 0
W/ContextImpl( 2013): Calling a method in the system process without a qualified user: android.app.ContextImpl.sendBroadcast:1327 android.content.ContextWrapper.sendBroadcast:377 android.content.ContextWrapper.sendBroadcast:377 com.google.android.clockwork.settings.GpsActivityReceiver.onReceive:50 android.app.ActivityThread.handleReceiver:2609 
W/ContextImpl( 2013): Calling a method in the system process without a qualified user: android.app.ContextImpl.sendBroadcast:1327 android.content.ContextWrapper.sendBroadcast:377 android.content.ContextWrapper.sendBroadcast:377 com.google.android.clockwork.settings.GpsActivityReceiver.onReceive:50 android.app.ActivityThread.handleReceiver:2609 
W/ContextImpl( 2013): Calling a method in the system process without a qualified user: android.app.ContextImpl.sendBroadcast:1327 android.content.ContextWrapper.sendBroadcast:377 android.content.ContextWrapper.sendBroadcast:377 com.google.android.clockwork.settings.GpsActivityReceiver.onReceive:50 android.app.ActivityThread.handleReceiver:2609 
I/DisplayManagerService( 1776): Display device changed state: "Built-in Screen", OFF
V/ActivityManager( 1776): Display changed displayId=0
D/TaskPersister( 1776): removeObsoleteFile: deleting file=1467_task.xml
W/ContextImpl( 2013): Calling a method in the system process without a qualified user: android.app.ContextImpl.sendBroadcast:1327 android.content.ContextWrapper.sendBroadcast:377 android.content.ContextWrapper.sendBroadcast:377 com.google.android.clockwork.settings.GpsActivityReceiver.onReceive:50 android.app.ActivityThread.handleReceiver:2609 
W/ContextImpl( 2013): Calling a method in the system process without a qualified user: android.app.ContextImpl.sendBroadcast:1327 android.content.ContextWrapper.sendBroadcast:377 android.content.ContextWrapper.sendBroadcast:377 com.google.android.clockwork.settings.GpsActivityReceiver.onReceive:50 android.app.ActivityThread.handleReceiver:2609 
D/SensorHALGestureSensor( 1776): Gesture event received! time = 82445389804912
I/PowerManagerService( 1776): Waking up from sleep (uid 10003)...
I/DisplayPowerController( 1776): Blocking screen on until initial contents have been drawn.
V/ActivityManager( 1776): Display changed displayId=0
E/InputMethodManagerService( 1776): Ignoring setImeWindowStatus due to an invalid token. uid:1000 token:null
I/DisplayManagerService( 1776): Display device changed state: "Built-in Screen", ON
V/ActivityManager( 1776): Display changed displayId=0
I/DisplayPowerController( 1776): Unblocked screen on after 466 ms
D/SensorHAL( 1776): adjustSensorHandle: handle = 10 adjustedHandle = 1
D/SensorHAL( 1776): adjustSensorHandle: handle = 10 adjustedHandle = 1
D/SensorHAL( 1776): adjustSensorHandle: handle = 10 adjustedHandle = 1
I/ActivityManager( 1776): START u0 {act=android.intent.action.MAIN flg=0x10200000 cmp=com.nvbyte.kya/.MainActivity} from uid 10003 on display 0
V/WindowManager( 1776): addAppToken: AppWindowToken{3f031402 token=Token{3d7e614d ActivityRecord{294ab8e4 u0 com.nvbyte.kya/.MainActivity t1470}}} to stack=1 task=1470 at 1
V/ActivityManager( 1776): Display changed displayId=0
V/WindowManager( 1776): Adding window Window{336c7f50 u0 com.nvbyte.kya/com.nvbyte.kya.MainActivity} at 3 of 5 (after Window{15487ee8 u0 com.nvbyte.kya/com.nvbyte.kya.MainActivity})
W/ContextImpl( 2013): Calling a method in the system process without a qualified user: android.app.ContextImpl.sendBroadcast:1327 android.content.ContextWrapper.sendBroadcast:377 android.content.ContextWrapper.sendBroadcast:377 com.google.android.clockwork.settings.GpsActivityReceiver.onReceive:50 android.app.ActivityThread.handleReceiver:2609 
W/ContextImpl( 2013): Calling a method in the system process without a qualified user: android.app.ContextImpl.sendBroadcast:1327 android.content.ContextWrapper.sendBroadcast:377 android.content.ContextWrapper.sendBroadcast:377 com.google.android.clockwork.settings.GpsActivityReceiver.onReceive:50 android.app.ActivityThread.handleReceiver:2609 
I/ActivityManager( 1776): START u0 {act=android.intent.action.MAIN flg=0x10200000 cmp=com.nvbyte.kya/.MainActivity} from uid 10003 on display 0
V/WindowManager( 1776): addAppToken: AppWindowToken{21ac8940 token=Token{16c78cc3 ActivityRecord{2a543072 u0 com.nvbyte.kya/.MainActivity t1471}}} to stack=1 task=1471 at 0
V/WindowManager( 1776): Adding window Window{8b0e1be u0 com.nvbyte.kya/com.nvbyte.kya.MainActivity} at 2 of 4 (after Window{10b49dd6 u0 com.google.android.wearable.app/com.google.android.clockwork.home.HomeActivity})
W/ContextImpl( 2013): Calling a method in the system process without a qualified user: android.app.ContextImpl.sendBroadcast:1327 android.content.ContextWrapper.sendBroadcast:377 android.content.ContextWrapper.sendBroadcast:377 com.google.android.clockwork.settings.GpsActivityReceiver.onReceive:50 android.app.ActivityThread.handleReceiver:2609 
W/ContextImpl( 2013): Calling a method in the system process without a qualified user: android.app.ContextImpl.sendBroadcast:1327 android.content.ContextWrapper.sendBroadcast:377 android.content.ContextWrapper.sendBroadcast:377 com.google.android.clockwork.settings.GpsActivityReceiver.onReceive:50 android.app.ActivityThread.handleReceiver:2609 
D/TaskPersister( 1776): removeObsoleteFile: deleting file=1470_task.xml
W/ContextImpl( 2013): Calling a method in the system process without a qualified user: android.app.ContextImpl.sendBroadcast:1327 android.content.ContextWrapper.sendBroadcast:377 android.content.ContextWrapper.sendBroadcast:377 com.google.android.clockwork.settings.GpsActivityReceiver.onReceive:50 android.app.ActivityThread.handleReceiver:2609 
W/ContextImpl( 2013): Calling a method in the system process without a qualified user: android.app.ContextImpl.sendBroadcast:1327 android.content.ContextWrapper.sendBroadcast:377 android.content.ContextWrapper.sendBroadcast:377 com.google.android.clockwork.settings.GpsActivityReceiver.onReceive:50 android.app.ActivityThread.handleReceiver:2609 
W/ContextImpl( 2013): Calling a method in the system process without a qualified user: android.app.ContextImpl.sendBroadcast:1327 android.content.ContextWrapper.sendBroadcast:377 android.content.ContextWrapper.sendBroadcast:377 com.google.android.clockwork.settings.GpsActivityReceiver.onReceive:50 android.app.ActivityThread.handleReceiver:2609 
I/ActivityManager( 1776): START u0 {act=android.intent.action.MAIN flg=0x10200000 cmp=com.nvbyte.kya/.MainActivity} from uid 10003 on display 0
V/WindowManager( 1776): addAppToken: AppWindowToken{3891d5c1 token=Token{13b226a8 ActivityRecord{2aa51ecb u0 com.nvbyte.kya/.MainActivity t1472}}} to stack=1 task=1472 at 0
V/WindowManager( 1776): Adding window Window{864dca7 u0 com.nvbyte.kya/com.nvbyte.kya.MainActivity} at 2 of 4 (after Window{10b49dd6 u0 com.google.android.wearable.app/com.google.android.clockwork.home.HomeActivity})
W/ContextImpl( 2013): Calling a method in the system process without a qualified user: android.app.ContextImpl.sendBroadcast:1327 android.content.ContextWrapper.sendBroadcast:377 android.content.ContextWrapper.sendBroadcast:377 com.google.android.clockwork.settings.GpsActivityReceiver.onReceive:50 android.app.ActivityThread.handleReceiver:2609 
D/TaskPersister( 1776): removeObsoleteFile: deleting file=1471_task.xml
I/PowerManagerService( 1776): Going to sleep due to screen timeout (uid 1000)...
I/DreamManagerService( 1776): Entering dreamland.
I/PowerManagerService( 1776): Dozing...
I/DreamController( 1776): Starting dream: name=ComponentInfo{com.google.android.wearable.ambient/com.google.android.wearable.ambient.AmbientDream}, isTest=false, canDoze=true, userId=0
E/InputMethodManagerService( 1776): Ignoring setImeWindowStatus due to an invalid token. uid:1000 token:null
E/InputMethodManagerService( 1776): Ignoring setImeWindowStatus due to an invalid token. uid:1000 token:null
W/DreamService[AmbientDream]( 2082): Finish was called before the dream was attached.
W/DreamService[AmbientDream]( 2082): attach() called after dream already finished
I/DreamManagerService( 1776): Leaving dreamland.
I/DreamController( 1776): Stopping dream: name=ComponentInfo{com.google.android.wearable.ambient/com.google.android.wearable.ambient.AmbientDream}, isTest=false, canDoze=true, userId=0
I/PowerManagerService( 1776): Sleeping (uid 1000)...
I/DisplayManagerService( 1776): Display device changed state: "Built-in Screen", OFF
V/ActivityManager( 1776): Display changed displayId=0
W/ContextImpl( 2013): Calling a method in the system process without a qualified user: android.app.ContextImpl.sendBroadcast:1327 android.content.ContextWrapper.sendBroadcast:377 android.content.ContextWrapper.sendBroadcast:377 com.google.android.clockwork.settings.GpsActivityReceiver.onReceive:50 android.app.ActivityThread.handleReceiver:2609 
W/ContextImpl( 2013): Calling a method in the system process without a qualified user: android.app.ContextImpl.sendBroadcast:1327 android.content.ContextWrapper.sendBroadcast:377 android.content.ContextWrapper.sendBroadcast:377 com.google.android.clockwork.settings.GpsActivityReceiver.onReceive:50 android.app.ActivityThread.handleReceiver:2609 
I/PowerManagerService( 1776): Waking up from sleep (uid 10030)...
I/DisplayPowerController( 1776): Blocking screen on until initial contents have been drawn.
V/ActivityManager( 1776): Display changed displayId=0
E/InputMethodManagerService( 1776): Ignoring setImeWindowStatus due to an invalid token. uid:1000 token:null
I/DisplayManagerService( 1776): Display device changed state: "Built-in Screen", ON
V/ActivityManager( 1776): Display changed displayId=0
I/ActivityManager( 1776): START u0 {flg=0x10008000 cmp=com.nvbyte.kya/.SurveyActivity (has extras)} from uid 10030 on display 0
V/WindowManager( 1776): addAppToken: AppWindowToken{163f8f80 token=Token{fc5c403 ActivityRecord{3097bcb2 u0 com.nvbyte.kya/.SurveyActivity t1473}}} to stack=1 task=1473 at 0
I/DisplayPowerController( 1776): Unblocked screen on after 508 ms
V/ActivityManager( 1776): Display changed displayId=0
D/SensorHAL( 1776): adjustSensorHandle: handle = 10 adjustedHandle = 1
D/SensorHAL( 1776): adjustSensorHandle: handle = 10 adjustedHandle = 1
D/SensorHAL( 1776): adjustSensorHandle: handle = 10 adjustedHandle = 1
V/WindowManager( 1776): Adding window Window{3f40f1fe u0 com.nvbyte.kya/com.nvbyte.kya.SurveyActivity} at 2 of 4 (after Window{10b49dd6 u0 com.google.android.wearable.app/com.google.android.clockwork.home.HomeActivity})
D/TaskPersister( 1776): removeObsoleteFile: deleting file=1472_task.xml
I/ActivityManager( 1776): START u0 {flg=0x10008000 cmp=com.nvbyte.kya/.NotificationActivity (has extras)} from uid 10030 on display 0
V/WindowManager( 1776): addAppToken: AppWindowToken{7879c4f token=Token{188bd6ae ActivityRecord{31731329 u0 com.nvbyte.kya/.NotificationActivity t1474}}} to stack=1 task=1474 at 0
W/ContextImpl( 2013): Calling a method in the system process without a qualified user: android.app.ContextImpl.sendBroadcast:1327 android.content.ContextWrapper.sendBroadcast:377 android.content.ContextWrapper.sendBroadcast:377 com.google.android.clockwork.settings.GpsActivityReceiver.onReceive:50 android.app.ActivityThread.handleReceiver:2609 
V/WindowManager( 1776): Adding window Window{37f4c647 u0 com.nvbyte.kya/com.nvbyte.kya.NotificationActivity} at 2 of 4 (after Window{10b49dd6 u0 com.google.android.wearable.app/com.google.android.clockwork.home.HomeActivity})
W/ContextImpl( 2013): Calling a method in the system process without a qualified user: android.app.ContextImpl.sendBroadcast:1327 android.content.ContextWrapper.sendBroadcast:377 android.content.ContextWrapper.sendBroadcast:377 com.google.android.clockwork.settings.GpsActivityReceiver.onReceive:50 android.app.ActivityThread.handleReceiver:2609 
D/TaskPersister( 1776): removeObsoleteFile: deleting file=1473_task.xml
I/ActivityManager( 1776): START u0 {cmp=com.nvbyte.kya/.OrientationActivity (has extras)} from uid 10030 on display 0
V/WindowManager( 1776): addAppToken: AppWindowToken{21f62ca4 token=Token{1815cf37 ActivityRecord{2308e436 u0 com.nvbyte.kya/.OrientationActivity t1474}}} to stack=1 task=1474 at 1
W/ResourcesManager(16625): Asset path '/system/framework/com.android.location.provider.jar' does not exist or contains no resources.
W/ActivityManager( 1776): getRunningAppProcesses: caller 10030 does not hold REAL_GET_TASKS; limiting output
W/ContextImpl( 2013): Calling a method in the system process without a qualified user: android.app.ContextImpl.sendBroadcast:1327 android.content.ContextWrapper.sendBroadcast:377 android.content.ContextWrapper.sendBroadcast:377 com.google.android.clockwork.settings.GpsActivityReceiver.onReceive:50 android.app.ActivityThread.handleReceiver:2609 
V/WindowManager( 1776): Adding window Window{1d9006d4 u0 com.nvbyte.kya/com.nvbyte.kya.OrientationActivity} at 3 of 5 (after Window{37f4c647 u0 com.nvbyte.kya/com.nvbyte.kya.NotificationActivity})
W/ContextImpl( 2013): Calling a method in the system process without a qualified user: android.app.ContextImpl.sendBroadcast:1327 android.content.ContextWrapper.sendBroadcast:377 android.content.ContextWrapper.sendBroadcast:377 com.google.android.clockwork.settings.GpsActivityReceiver.onReceive:50 android.app.ActivityThread.handleReceiver:2609 
W/ContextImpl( 2013): Calling a method in the system process without a qualified user: android.app.ContextImpl.sendBroadcast:1327 android.content.ContextWrapper.sendBroadcast:377 android.content.ContextWrapper.sendBroadcast:377 com.google.android.clockwork.settings.GpsActivityReceiver.onReceive:50 android.app.ActivityThread.handleReceiver:2609 
W/ContextImpl( 2013): Calling a method in the system process without a qualified user: android.app.ContextImpl.sendBroadcast:1327 android.content.ContextWrapper.sendBroadcast:377 android.content.ContextWrapper.sendBroadcast:377 com.google.android.clockwork.settings.GpsActivityReceiver.onReceive:50 android.app.ActivityThread.handleReceiver:2609 
W/ContextImpl( 2013): Calling a method in the system process without a qualified user: android.app.ContextImpl.sendBroadcast:1327 android.content.ContextWrapper.sendBroadcast:377 android.content.ContextWrapper.sendBroadcast:377 com.google.android.clockwork.settings.GpsActivityReceiver.onReceive:50 android.app.ActivityThread.handleReceiver:2609 
W/ContextImpl( 2013): Calling a method in the system process without a qualified user: android.app.ContextImpl.sendBroadcast:1327 android.content.ContextWrapper.sendBroadcast:377 android.content.ContextWrapper.sendBroadcast:377 com.google.android.clockwork.settings.GpsActivityReceiver.onReceive:50 android.app.ActivityThread.handleReceiver:2609 
W/ContextImpl( 2013): Calling a method in the system process without a qualified user: android.app.ContextImpl.sendBroadcast:1327 android.content.ContextWrapper.sendBroadcast:377 android.content.ContextWrapper.sendBroadcast:377 com.google.android.clockwork.settings.GpsActivityReceiver.onReceive:50 android.app.ActivityThread.handleReceiver:2609 
W/ContextImpl( 2013): Calling a method in the system process without a qualified user: android.app.ContextImpl.sendBroadcast:1327 android.content.ContextWrapper.sendBroadcast:377 android.content.ContextWrapper.sendBroadcast:377 com.google.android.clockwork.settings.GpsActivityReceiver.onReceive:50 android.app.ActivityThread.handleReceiver:2609 
W/ContextImpl( 2013): Calling a method in the system process without a qualified user: android.app.ContextImpl.sendBroadcast:1327 android.content.ContextWrapper.sendBroadcast:377 android.content.ContextWrapper.sendBroadcast:377 com.google.android.clockwork.settings.GpsActivityReceiver.onReceive:50 android.app.ActivityThread.handleReceiver:2609 
W/ContextImpl( 2013): Calling a method in the system process without a qualified user: android.app.ContextImpl.sendBroadcast:1327 android.content.ContextWrapper.sendBroadcast:377 android.content.ContextWrapper.sendBroadcast:377 com.google.android.clockwork.settings.GpsActivityReceiver.onReceive:50 android.app.ActivityThread.handleReceiver:2609 
W/ContextImpl( 2013): Calling a method in the system process without a qualified user: android.app.ContextImpl.sendBroadcast:1327 android.content.ContextWrapper.sendBroadcast:377 android.content.ContextWrapper.sendBroadcast:377 com.google.android.clockwork.settings.GpsActivityReceiver.onReceive:50 android.app.ActivityThread.handleReceiver:2609 
W/ContextImpl( 2013): Calling a method in the system process without a qualified user: android.app.ContextImpl.sendBroadcast:1327 android.content.ContextWrapper.sendBroadcast:377 android.content.ContextWrapper.sendBroadcast:377 com.google.android.clockwork.settings.GpsActivityReceiver.onReceive:50 android.app.ActivityThread.handleReceiver:2609 
W/ContextImpl( 2013): Calling a method in the system process without a qualified user: android.app.ContextImpl.sendBroadcast:1327 android.content.ContextWrapper.sendBroadcast:377 android.content.ContextWrapper.sendBroadcast:377 com.google.android.clockwork.settings.GpsActivityReceiver.onReceive:50 android.app.ActivityThread.handleReceiver:2609 
W/ContextImpl( 2013): Calling a method in the system process without a qualified user: android.app.ContextImpl.sendBroadcast:1327 android.content.ContextWrapper.sendBroadcast:377 android.content.ContextWrapper.sendBroadcast:377 com.google.android.clockwork.settings.GpsActivityReceiver.onReceive:50 android.app.ActivityThread.handleReceiver:2609 
I/ActivityManager( 1776): START u0 {act=android.intent.action.MAIN flg=0x10200000 cmp=com.nvbyte.kya/.MainActivity} from uid 10003 on display 0
V/WindowManager( 1776): addAppToken: AppWindowToken{261949b6 token=Token{33a1cd51 ActivityRecord{10500278 u0 com.nvbyte.kya/.MainActivity t1475}}} to stack=1 task=1475 at 0
V/WindowManager( 1776): Adding window Window{3bbece24 u0 com.nvbyte.kya/com.nvbyte.kya.MainActivity} at 2 of 4 (after Window{10b49dd6 u0 com.google.android.wearable.app/com.google.android.clockwork.home.HomeActivity})
