D/SensorHAL( 1776): adjustSensorHandle: handle = 10 adjustedHandle = 1
D/SensorHAL( 1776): adjustSensorHandle: handle = 10 adjustedHandle = 1
D/SensorHAL( 1776): adjustSensorHandle: handle = 10 adjustedHandle = 1
W/bt-btif ( 2169): dm_pm_timer expires
W/bt-btif ( 2169): dm_pm_timer expires 0
W/bt-btif ( 2169): proc dm_pm_timer expires
W/ContextImpl( 2013): Calling a method in the system process without a qualified user: android.app.ContextImpl.sendBroadcast:1327 android.content.ContextWrapper.sendBroadcast:377 android.content.ContextWrapper.sendBroadcast:377 com.google.android.clockwork.settings.GpsActivityReceiver.onReceive:50 android.app.ActivityThread.handleReceiver:2609 
D/TAG     (16625): GOT MESSAGE FROM PHONE
D/KYANotificationService(16625): GOT ACTION:com.nvbyte.kya.CHECK_IN_RESPONSE
D/KYANotificationService(16625): Got check in response
D/KYANotificationService(16625): Handling response
D/KYANotificationService(16625): HAS PREVIOUS ZONE!!
W/bt-btif ( 2169): dm_pm_timer expires
W/bt-btif ( 2169): dm_pm_timer expires 0
W/bt-btif ( 2169): proc dm_pm_timer expires
W/TelecomManager( 1776): Telecom Service not found.
D/ADSPD   ( 1433): Received from DSP: cmd=0x8000, size=2
V/ActivityManager( 1776): Display changed displayId=0
D/AmbientService( 2082): onResumed: AmbientActivity[component=ComponentInfo{com.google.android.wearable.app/com.google.android.clockwork.home.HomeActivity}, callbacks=@3dc090d6, running=false, ambient=false] Binder_3 56
D/mot_vr_audio_hw( 1441): dsp_recognizer_enabled = true
D/ADSPD   ( 1433): Client cmd=0x0003, size=4
D/mot_vr_audio_hw( 1441): open_input_stream(): devices = 0x80000004, rate = 8000, channels = 0x10
D/mot_vr_audio_hw( 1441): Created resampler for 16000->8000 Hz
I/AudioFlinger( 1441): AudioFlinger's thread 0xb58f2008 ready to run
D/ADSPD   ( 1433): Received from DSP: cmd=0x8003, size=2
D/mot_vr_audio_hw( 1441): received recognition control callback, status 0
D/ADSPD   ( 1433): Client cmd=0x4003, size=2
D/mot_vr_audio_hw( 1441): in_read waiting for hotword
W/SurfaceFlinger( 1432): couldn't log to binary event log: overflow.
W/bt-btif ( 2169): dm_pm_timer expires
W/bt-btif ( 2169): dm_pm_timer expires 0
W/bt-btif ( 2169): proc dm_pm_timer expires
I/art     ( 1776): Explicit concurrent mark sweep GC freed 26486(1521KB) AllocSpace objects, 0(0B) LOS objects, 19% free, 7MB/9MB, paused 1.556ms total 113.342ms
W/TelecomManager( 1776): Telecom Service not found.
V/NotificationService( 1776): pkg=com.google.android.wearable.app canInterrupt=false intercept=true
I/art     ( 1904): Background sticky concurrent mark sweep GC freed 8761(497KB) AllocSpace objects, 12(192KB) LOS objects, 0% free, 18MB/18MB, paused 1.495ms total 116.516ms
W/TelecomManager( 1776): Telecom Service not found.
V/NotificationService( 1776): pkg=com.google.android.wearable.app canInterrupt=false intercept=true
I/art     ( 1904): Background partial concurrent mark sweep GC freed 8215(552KB) AllocSpace objects, 24(969KB) LOS objects, 9% free, 18MB/20MB, paused 1.495ms total 354.064ms
W/bt-btif ( 2169): dm_pm_timer expires
W/bt-btif ( 2169): dm_pm_timer expires 0
W/bt-btif ( 2169): proc dm_pm_timer expires
I/PowerManagerService( 1776): Going to sleep due to screen timeout (uid 1000)...
I/DreamManagerService( 1776): Entering dreamland.
I/PowerManagerService( 1776): Dozing...
I/DreamController( 1776): Starting dream: name=ComponentInfo{com.google.android.wearable.ambient/com.google.android.wearable.ambient.AmbientDream}, isTest=false, canDoze=true, userId=0
E/InputMethodManagerService( 1776): Ignoring setImeWindowStatus due to an invalid token. uid:1000 token:null
E/InputMethodManagerService( 1776): Ignoring setImeWindowStatus due to an invalid token. uid:1000 token:null
E/WifiStateMachine( 1776): cancelDelayedScan -> 146
W/DreamService[AmbientDream]( 2082): Finish was called before the dream was attached.
D/AmbientService( 2082): onReceive Intent { act=android.intent.action.SCREEN_OFF flg=0x50000010 } false
D/AmbientService( 2082): findRunningActivities: found: AmbientActivity[component=ComponentInfo{com.google.android.wearable.app/com.google.android.clockwork.home.HomeActivity}, callbacks=@3dc090d6, running=true, ambient=false]
W/DreamService[AmbientDream]( 2082): attach() called after dream already finished
I/DreamManagerService( 1776): Leaving dreamland.
I/DreamController( 1776): Stopping dream: name=ComponentInfo{com.google.android.wearable.ambient/com.google.android.wearable.ambient.AmbientDream}, isTest=false, canDoze=true, userId=0
I/PowerManagerService( 1776): Sleeping (uid 1000)...
W/linker  ( 1776): libglslcompiler.so: unused DT entry: type 0xf arg 0x319
I/DisplayManagerService( 1776): Display device changed state: "Built-in Screen", OFF
V/ActivityManager( 1776): Display changed displayId=0
D/SurfaceFlinger( 1432): Set power mode=0, type=0 flinger=0xb7893550
D/hwcomposer( 1432): hwc_blank(0: 1)
D/SurfaceControl( 1776): Excessive delay in setPowerMode(): 165ms
D/MinnowPowerHAL( 1776): power_set_interactive: 0
D/MinnowPowerHAL( 1776): sysfs_write: /sys/devices/platform/omapdss/display0/interactivemode 0
D/MinnowPowerHAL( 1776): sysfs_write: /sys/devices/ocp.2/i2c.6/i2c-0/0-004a/interactivemode 0
D/MinnowPowerHAL( 1776): sysfs_write: /sys/class/leds/lcd-backlight/interactive 0
D/mot_vr_audio_hw( 1776): dsp_set_pm_state = off
D/ADSPD   ( 1433): Client cmd=0x4002, size=2
D/ADSPD   ( 1433): DSP_CMD_DAEMON_SET_PM_STATE : 0
D/ADSPD   ( 1433): DSP not turned off as still being used
D/mot_vr_audio_hw( 1441): dsp_recognizer_enabled = false
D/ADSPD   ( 1433): Client cmd=0x0003, size=4
D/ADSPD   ( 1433): Trying to send to dsp while in dsp in RESET
D/AmbientService( 2082): onPaused: AmbientActivity[component=ComponentInfo{com.google.android.wearable.app/com.google.android.clockwork.home.HomeActivity}, callbacks=@3dc090d6, running=true, ambient=false] Binder_3 56
W/mot_vr_audio_hw( 1441): Not allowing wake() since DSP is disabled
D/AmbientService( 2082): onStopped: AmbientActivity[component=ComponentInfo{com.google.android.wearable.app/com.google.android.clockwork.home.HomeActivity}, callbacks=@3dc090d6, running=false, ambient=false] Binder_2 55
D/mot_vr_audio_hw( 1441): Input 0xb81fcf40 close complete
D/ADSPD   ( 1433): Client cmd=0x4003, size=2
D/ADSPD   ( 1433): DSP no longer used, turned off here
E/libsuspend( 1776): Error writing to /sys/power/state: Device or resource busy
E/StreamVibrator( 1904): Found notifications that tried to vibrate, but they never made it to the top of the stream. Not vibrating.
D/SensorHALGestureSensor( 1776): Gesture event received! time = 86084996543719
I/PowerManagerService( 1776): Waking up from sleep (uid 10003)...
I/DisplayPowerController( 1776): Blocking screen on until initial contents have been drawn.
D/PowerManagerService-JNI( 1776): Excessive delay in autosuspend_disable() while turning screen on: 166ms
D/MinnowPowerHAL( 1776): power_set_interactive: 1
D/MinnowPowerHAL( 1776): sysfs_write: /sys/devices/platform/omapdss/display0/interactivemode 1
D/MinnowPowerHAL( 1776): sysfs_write: /sys/devices/ocp.2/i2c.6/i2c-0/0-004a/interactivemode 1
D/MinnowPowerHAL( 1776): sysfs_write: /sys/class/leds/lcd-backlight/interactive 1
D/mot_vr_audio_hw( 1776): dsp_set_pm_state = on
D/ADSPD   ( 1433): Client cmd=0x4002, size=2
D/ADSPD   ( 1433): DSP_CMD_DAEMON_SET_PM_STATE : 1
D/SurfaceFlinger( 1432): Set power mode=2, type=0 flinger=0xb7893550
D/hwcomposer( 1432): hwc_blank(0: 0)
I/DisplayManagerService( 1776): Display device changed state: "Built-in Screen", ON
D/AmbientService( 2082): onResumed: AmbientActivity[component=ComponentInfo{com.google.android.wearable.app/com.google.android.clockwork.home.HomeActivity}, callbacks=@3dc090d6, running=false, ambient=false] Binder_2 55
V/KeyguardServiceDelegate( 1776): onScreenTurnedOn(showListener = com.android.internal.policy.impl.PhoneWindowManager$2@334303a0)
D/mot_vr_audio_hw( 1441): dsp_recognizer_enabled = true
D/mot_vr_audio_hw( 1441): open_input_stream(): devices = 0x80000004, rate = 8000, channels = 0x10
D/mot_vr_audio_hw( 1441): Created resampler for 16000->8000 Hz
V/ActivityManager( 1776): Display changed displayId=0
I/AudioFlinger( 1441): AudioFlinger's thread 0xb58f2008 ready to run
V/KeyguardServiceDelegate( 1776): **** SHOWN CALLED ****
V/ActivityManager( 1776): Display changed displayId=0
D/mot_vr_audio_hw( 1441): in_read waiting for hotword
E/InputMethodManagerService( 1776): Ignoring setImeWindowStatus due to an invalid token. uid:1000 token:null
E/WifiStateMachine( 1776): cancelDelayedScan -> 147
I/DisplayPowerController( 1776): Unblocked screen on after 410 ms
D/SensorHAL( 1776): adjustSensorHandle: handle = 10 adjustedHandle = 1
D/SensorHAL( 1776): adjustSensorHandle: handle = 10 adjustedHandle = 1
D/SensorHAL( 1776): adjustSensorHandle: handle = 10 adjustedHandle = 1
E/ADSPD   ( 1433): Timeout on select()
E/ADSPD   ( 1433): NO ACK received after loading firmware
E/ADSPD   ( 1433): Unknown ACK received 0x00
D/ADSPD   ( 1433): Client cmd=0x0003, size=4
D/ADSPD   ( 1433): Received from DSP: cmd=0x8003, size=2
D/mot_vr_audio_hw( 1441): received recognition control callback, status 0
D/ADSPD   ( 1433): Client cmd=0x4003, size=2
D/Clockwork.Settings( 1904): got new locale: en_US->en_US
W/TelecomManager( 1776): Telecom Service not found.
W/TelecomManager( 1776): Telecom Service not found.
W/bt-btif ( 2169): dm_pm_timer expires
W/bt-btif ( 2169): dm_pm_timer expires 0
W/bt-btif ( 2169): proc dm_pm_timer expires
I/PowerManagerService( 1776): Going to sleep due to screen timeout (uid 1000)...
I/DreamManagerService( 1776): Entering dreamland.
I/PowerManagerService( 1776): Dozing...
I/DreamController( 1776): Starting dream: name=ComponentInfo{com.google.android.wearable.ambient/com.google.android.wearable.ambient.AmbientDream}, isTest=false, canDoze=true, userId=0
E/InputMethodManagerService( 1776): Ignoring setImeWindowStatus due to an invalid token. uid:1000 token:null
E/InputMethodManagerService( 1776): Ignoring setImeWindowStatus due to an invalid token. uid:1000 token:null
E/WifiStateMachine( 1776): cancelDelayedScan -> 148
W/DreamService[AmbientDream]( 2082): Finish was called before the dream was attached.
D/AmbientService( 2082): onReceive Intent { act=android.intent.action.SCREEN_OFF flg=0x50000010 } false
D/AmbientService( 2082): findRunningActivities: found: AmbientActivity[component=ComponentInfo{com.google.android.wearable.app/com.google.android.clockwork.home.HomeActivity}, callbacks=@3dc090d6, running=true, ambient=false]
W/DreamService[AmbientDream]( 2082): attach() called after dream already finished
I/DreamManagerService( 1776): Leaving dreamland.
I/PowerManagerService( 1776): Sleeping (uid 1000)...
I/DreamController( 1776): Stopping dream: name=ComponentInfo{com.google.android.wearable.ambient/com.google.android.wearable.ambient.AmbientDream}, isTest=false, canDoze=true, userId=0
W/linker  ( 1776): libglslcompiler.so: unused DT entry: type 0xf arg 0x319
I/art     ( 1950): Background sticky concurrent mark sweep GC freed 2942(373KB) AllocSpace objects, 0(0B) LOS objects, 56% free, 380KB/881KB, paused 366us total 220.916ms
I/DisplayManagerService( 1776): Display device changed state: "Built-in Screen", OFF
V/ActivityManager( 1776): Display changed displayId=0
D/SurfaceFlinger( 1432): Set power mode=0, type=0 flinger=0xb7893550
D/hwcomposer( 1432): hwc_blank(0: 1)
D/SurfaceControl( 1776): Excessive delay in setPowerMode(): 128ms
D/MinnowPowerHAL( 1776): power_set_interactive: 0
D/MinnowPowerHAL( 1776): sysfs_write: /sys/devices/platform/omapdss/display0/interactivemode 0
D/MinnowPowerHAL( 1776): sysfs_write: /sys/devices/ocp.2/i2c.6/i2c-0/0-004a/interactivemode 0
D/MinnowPowerHAL( 1776): sysfs_write: /sys/class/leds/lcd-backlight/interactive 0
D/mot_vr_audio_hw( 1776): dsp_set_pm_state = off
D/ADSPD   ( 1433): Client cmd=0x4002, size=2
D/ADSPD   ( 1433): DSP_CMD_DAEMON_SET_PM_STATE : 0
D/ADSPD   ( 1433): DSP not turned off as still being used
D/mot_vr_audio_hw( 1441): dsp_recognizer_enabled = false
D/ADSPD   ( 1433): Client cmd=0x0003, size=4
D/ADSPD   ( 1433): Trying to send to dsp while in dsp in RESET
D/AmbientService( 2082): onPaused: AmbientActivity[component=ComponentInfo{com.google.android.wearable.app/com.google.android.clockwork.home.HomeActivity}, callbacks=@3dc090d6, running=true, ambient=false] Binder_2 55
W/mot_vr_audio_hw( 1441): Not allowing wake() since DSP is disabled
D/AmbientService( 2082): onStopped: AmbientActivity[component=ComponentInfo{com.google.android.wearable.app/com.google.android.clockwork.home.HomeActivity}, callbacks=@3dc090d6, running=false, ambient=false] Binder_1 54
D/mot_vr_audio_hw( 1441): Input 0xb81fcf40 close complete
D/ADSPD   ( 1433): Client cmd=0x4003, size=2
D/ADSPD   ( 1433): DSP no longer used, turned off here
W/bt-btif ( 2169): dm_pm_timer expires
W/bt-btif ( 2169): dm_pm_timer expires 0
W/bt-btif ( 2169): proc dm_pm_timer expires
W/bt-btif ( 2169): invalid rfc slot id: 33
W/bt-btif ( 2169): invalid rfc slot id: 21
I/WearableConn( 3024): Connection closed, waiting.
I/WearableConn( 3024): Waiting 0.1 seconds to retry connection
W/BluetoothAdapter( 2013): getBluetoothService() called with no BluetoothManagerCallback
W/BluetoothAdapter( 2013): getBluetoothService() called with no BluetoothManagerCallback
W/TelecomManager( 1776): Telecom Service not found.
V/NotificationService( 1776): pkg=com.google.android.gms canInterrupt=false intercept=true
D/BluetoothManagerService( 1776): checkIfCallerIsForegroundUser: valid=true callingUser=0 parentUser=-10000 foregroundUser=0
W/BluetoothAdapter( 3024): getBluetoothService() called with no BluetoothManagerCallback
I/WearableConn( 3024): Accepting connections
D/BluetoothAdapterProperties( 2169): Discoverable Timeout:0
D/BluetoothAdapterProperties( 2169): Scan Mode:21
D/WearableBluetooth( 3024): set scan mode to 21 (enabled)
W/TelecomManager( 1776): Telecom Service not found.
V/NotificationService( 1776): pkg=com.google.android.apps.wearable.settings canInterrupt=false intercept=true
W/bt-rfcomm( 2169): rfc_find_lcid_mcb LCID reused LCID:0x46 current:0x0
W/bt-rfcomm( 2169): RFCOMM_DisconnectInd LCID:0x46
E/bt-btm  ( 2169): btm_sec_disconnected - Clearing Pending flag
W/bt-btif ( 2169): info:x10
D/        ( 2169): remote version info [34:4d:f7:e4:16:e4]: 7, f, 6109
W/bt-btif ( 2169): new conn_srvc id:26, app_id:255
W/bt-btif ( 2169): bta_dm_pm_ssr conn_srvc id:26, app_id:255
W/bt-btif ( 2169): bta_dm_pm_ssr:2, lat:1200
D/BluetoothAdapterProperties( 2169): Discoverable Timeout:0
D/BluetoothAdapterProperties( 2169): Scan Mode:20
D/WearableBluetooth( 3024): set scan mode to 20 (disabled)
I/WearableConn( 3024): Connected, running sync loop
D/wearable( 3024): Peer handshake connect succeeded, peer version: 1
V/CloudSync( 3024): Auto toggle is disabled. Exit...
I/WiFiMediator( 3024): WiFi mediator is not running.
W/bt-btif ( 2169): dm_pm_timer expires
W/bt-btif ( 2169): dm_pm_timer expires 0
W/bt-btif ( 2169): proc dm_pm_timer expires
D/Clockwork.Settings( 1904): got new locale: en_US->en_US
W/bt-btif ( 2169): dm_pm_timer expires
W/bt-btif ( 2169): dm_pm_timer expires 0
W/bt-btif ( 2169): proc dm_pm_timer expires
E/libsuspend( 1776): Error writing to /sys/power/state: Device or resource busy
D/btif_config_util( 2169): btif_config_save_file(L188): in file name:/data/misc/bluedroid/bt_config.new
W/TelecomManager( 1776): Telecom Service not found.
W/TelecomManager( 1776): Telecom Service not found.
W/bt-btif ( 2169): dm_pm_timer expires
W/bt-btif ( 2169): dm_pm_timer expires 0
W/bt-btif ( 2169): proc dm_pm_timer expires
D/KYANotificationService(16625): OnStartCommand
D/KYANotificationService(16625): Performing check in
D/TAG     (16625): Subscribing to locaiton requests
D/TAG     (16625): Starting location reads
W/ContextImpl( 2013): Calling a method in the system process without a qualified user: android.app.ContextImpl.sendBroadcast:1327 android.content.ContextWrapper.sendBroadcast:377 android.content.ContextWrapper.sendBroadcast:377 com.google.android.clockwork.settings.GpsActivityReceiver.onReceive:50 android.app.ActivityThread.handleReceiver:2609 
D/TAG     (16625): Locations requested
W/bt-btif ( 2169): dm_pm_timer expires
W/bt-btif ( 2169): dm_pm_timer expires 0
W/bt-btif ( 2169): proc dm_pm_timer expires
D/Clockwork.Settings( 1904): got new locale: en_US->en_US
W/ContextImpl( 2013): Calling a method in the system process without a qualified user: android.app.ContextImpl.sendBroadcast:1327 android.content.ContextWrapper.sendBroadcast:377 android.content.ContextWrapper.sendBroadcast:377 com.google.android.clockwork.settings.GpsActivityReceiver.onReceive:50 android.app.ActivityThread.handleReceiver:2609 
D/TAG     (16625): GOT MESSAGE FROM PHONE
D/KYANotificationService(16625): GOT ACTION:com.nvbyte.kya.CHECK_IN_RESPONSE
D/KYANotificationService(16625): Got check in response
D/KYANotificationService(16625): Handling response
D/KYANotificationService(16625): HAS PREVIOUS ZONE!!
W/bt-btif ( 2169): dm_pm_timer expires
W/bt-btif ( 2169): dm_pm_timer expires 0
W/bt-btif ( 2169): proc dm_pm_timer expires
I/CwAlarm ( 2187): Received message /alarm_notification_high
W/ResourcesManager( 1904): Asset path '/system/framework/com.google.android.wearable.jar' does not exist or contains no resources.
W/bt-btif ( 2169): dm_pm_timer expires
W/bt-btif ( 2169): dm_pm_timer expires 0
W/bt-btif ( 2169): proc dm_pm_timer expires
I/CwAlarm ( 2187): Received message /firing_alarm
I/CwFiringAlarmsAndTimers( 2187): companion alarm 1 was fired
I/PowerManagerService( 1776): Waking up from sleep (uid 10016)...
D/MinnowPowerHAL( 1776): power_set_interactive: 1
D/MinnowPowerHAL( 1776): sysfs_write: /sys/devices/platform/omapdss/display0/interactivemode 1
I/DisplayPowerController( 1776): Blocking screen on until initial contents have been drawn.
D/MinnowPowerHAL( 1776): sysfs_write: /sys/devices/ocp.2/i2c.6/i2c-0/0-004a/interactivemode 1
D/MinnowPowerHAL( 1776): sysfs_write: /sys/class/leds/lcd-backlight/interactive 1
D/mot_vr_audio_hw( 1776): dsp_set_pm_state = on
D/ADSPD   ( 1433): Client cmd=0x4002, size=2
D/ADSPD   ( 1433): DSP_CMD_DAEMON_SET_PM_STATE : 1
D/PowerManagerService-JNI( 1776): Excessive delay in setInteractive(true) while turning screen on: 113ms
D/SurfaceFlinger( 1432): Set power mode=2, type=0 flinger=0xb7893550
D/hwcomposer( 1432): hwc_blank(0: 0)
I/DisplayManagerService( 1776): Display device changed state: "Built-in Screen", ON
V/KeyguardServiceDelegate( 1776): onScreenTurnedOn(showListener = com.android.internal.policy.impl.PhoneWindowManager$2@334303a0)
V/KeyguardServiceDelegate( 1776): **** SHOWN CALLED ****
V/ActivityManager( 1776): Display changed displayId=0
E/InputMethodManagerService( 1776): Ignoring setImeWindowStatus due to an invalid token. uid:1000 token:null
E/WifiStateMachine( 1776): cancelDelayedScan -> 149
D/AmbientService( 2082): onResumed: AmbientActivity[component=ComponentInfo{com.google.android.wearable.app/com.google.android.clockwork.home.HomeActivity}, callbacks=@3dc090d6, running=false, ambient=false] Binder_2 55
D/mot_vr_audio_hw( 1441): dsp_recognizer_enabled = true
D/mot_vr_audio_hw( 1441): open_input_stream(): devices = 0x80000004, rate = 8000, channels = 0x10
D/mot_vr_audio_hw( 1441): Created resampler for 16000->8000 Hz
D/ADSPD   ( 1433): ACK success!
D/ADSPD   ( 1433): Client cmd=0x0003, size=4
I/AudioFlinger( 1441): AudioFlinger's thread 0xb58f2008 ready to run
D/ADSPD   ( 1433): Received from DSP: cmd=0x8003, size=2
D/mot_vr_audio_hw( 1441): received recognition control callback, status 0
D/ADSPD   ( 1433): Client cmd=0x4003, size=2
D/mot_vr_audio_hw( 1441): in_read waiting for hotword
I/DisplayPowerController( 1776): Unblocked screen on after 408 ms
I/CwAsyncRingtonePlayer( 2187): Play ringtone.
D/Ringtone( 2187): Problem opening; delegating to remote player
D/Ringtone( 2187): Problem opening; delegating to remote player
I/MediaFocusControl( 1776):  AudioFocus  requestAudioFocus() from android.media.AudioManager@19bb16e9com.google.android.deskclock.AudioFocusManager$1@16d9ef6e req=2flags=0x0
W/Ringtone( 2187): not playing fallback for content://settings/system/alarm_alert
W/Ringtone( 2187): Neither local nor remote playback available
W/linker  ( 2187): libpvrANDROID_WSEGL.so: unused DT entry: type 0xf arg 0x156
I/OpenGLRenderer( 2187): Initialized EGL, version 1.4
W/linker  ( 2187): libglslcompiler.so: unused DT entry: type 0xf arg 0x319
I/art     ( 1904): Background sticky concurrent mark sweep GC freed 8319(391KB) AllocSpace objects, 3(48KB) LOS objects, 2% free, 19MB/20MB, paused 1.678ms total 111.236ms
D/SensorHAL( 1776): adjustSensorHandle: handle = 10 adjustedHandle = 1
D/SensorHAL( 1776): adjustSensorHandle: handle = 10 adjustedHandle = 1
D/SensorHAL( 1776): adjustSensorHandle: handle = 10 adjustedHandle = 1
W/bt-btif ( 2169): dm_pm_timer expires
W/bt-btif ( 2169): dm_pm_timer expires 0
W/bt-btif ( 2169): proc dm_pm_timer expires
E/StreamVibrator( 1904): Found notifications that tried to vibrate, but they never made it to the top of the stream. Not vibrating.
I/CwAlarmsAndTimersUI( 2187): AlarmsAndTimersUI.snooze(3a30f57e)
I/CwAlarmsAndTimersUI( 2187): Sending message /snooze_alarm to companion
I/CwAsyncRingtonePlayer( 2187): Stop ringtone.
W/Ringtone( 2187): Neither local nor remote playback available
I/MediaFocusControl( 1776):  AudioFocus  abandonAudioFocus() from android.media.AudioManager@19bb16e9com.google.android.deskclock.AudioFocusManager$1@16d9ef6e
I/CwAlarmsAndTimersUI( 2187): AlarmsAndTimersUI.messageSent(3a30f57e)
I/CwAlarm ( 2187): Received message /snooze_alarm
I/CwAlarm ( 2187): Received message /alarm_notification_snooze
W/ResourcesManager( 1904): Asset path '/system/framework/com.google.android.wearable.jar' does not exist or contains no resources.
I/art     ( 1904): Background partial concurrent mark sweep GC freed 8758(462KB) AllocSpace objects, 14(3MB) LOS objects, 10% free, 17MB/19MB, paused 1.373ms total 230.987ms
W/bt-btif ( 2169): dm_pm_timer expires
W/bt-btif ( 2169): dm_pm_timer expires 0
W/bt-btif ( 2169): proc dm_pm_timer expires
W/bt-btif ( 2169): dm_pm_timer expires
W/bt-btif ( 2169): dm_pm_timer expires 0
W/bt-btif ( 2169): proc dm_pm_timer expires
E/StreamVibrator( 1904): Found notifications that tried to vibrate, but they never made it to the top of the stream. Not vibrating.
I/PowerManagerService( 1776): Going to sleep due to screen timeout (uid 1000)...
I/DreamManagerService( 1776): Entering dreamland.
I/PowerManagerService( 1776): Dozing...
I/DreamController( 1776): Starting dream: name=ComponentInfo{com.google.android.wearable.ambient/com.google.android.wearable.ambient.AmbientDream}, isTest=false, canDoze=true, userId=0
E/InputMethodManagerService( 1776): Ignoring setImeWindowStatus due to an invalid token. uid:1000 token:null
E/InputMethodManagerService( 1776): Ignoring setImeWindowStatus due to an invalid token. uid:1000 token:null
E/WifiStateMachine( 1776): cancelDelayedScan -> 150
W/DreamService[AmbientDream]( 2082): Finish was called before the dream was attached.
D/AmbientService( 2082): onReceive Intent { act=android.intent.action.SCREEN_OFF flg=0x50000010 } false
D/AmbientService( 2082): findRunningActivities: found: AmbientActivity[component=ComponentInfo{com.google.android.wearable.app/com.google.android.clockwork.home.HomeActivity}, callbacks=@3dc090d6, running=true, ambient=false]
W/DreamService[AmbientDream]( 2082): attach() called after dream already finished
I/DreamManagerService( 1776): Leaving dreamland.
I/DreamController( 1776): Stopping dream: name=ComponentInfo{com.google.android.wearable.ambient/com.google.android.wearable.ambient.AmbientDream}, isTest=false, canDoze=true, userId=0
I/PowerManagerService( 1776): Sleeping (uid 1000)...
W/linker  ( 1776): libglslcompiler.so: unused DT entry: type 0xf arg 0x319
I/DisplayManagerService( 1776): Display device changed state: "Built-in Screen", OFF
V/ActivityManager( 1776): Display changed displayId=0
D/SurfaceFlinger( 1432): Set power mode=0, type=0 flinger=0xb7893550
D/hwcomposer( 1432): hwc_blank(0: 1)
D/SurfaceControl( 1776): Excessive delay in setPowerMode(): 139ms
D/MinnowPowerHAL( 1776): power_set_interactive: 0
D/MinnowPowerHAL( 1776): sysfs_write: /sys/devices/platform/omapdss/display0/interactivemode 0
D/MinnowPowerHAL( 1776): sysfs_write: /sys/devices/ocp.2/i2c.6/i2c-0/0-004a/interactivemode 0
D/MinnowPowerHAL( 1776): sysfs_write: /sys/class/leds/lcd-backlight/interactive 0
D/mot_vr_audio_hw( 1776): dsp_set_pm_state = off
D/ADSPD   ( 1433): Client cmd=0x4002, size=2
D/ADSPD   ( 1433): DSP_CMD_DAEMON_SET_PM_STATE : 0
D/ADSPD   ( 1433): DSP not turned off as still being used
D/mot_vr_audio_hw( 1441): dsp_recognizer_enabled = false
D/ADSPD   ( 1433): Client cmd=0x0003, size=4
D/ADSPD   ( 1433): Trying to send to dsp while in dsp in RESET
D/AmbientService( 2082): onPaused: AmbientActivity[component=ComponentInfo{com.google.android.wearable.app/com.google.android.clockwork.home.HomeActivity}, callbacks=@3dc090d6, running=true, ambient=false] Binder_2 55
W/mot_vr_audio_hw( 1441): Not allowing wake() since DSP is disabled
D/AmbientService( 2082): onStopped: AmbientActivity[component=ComponentInfo{com.google.android.wearable.app/com.google.android.clockwork.home.HomeActivity}, callbacks=@3dc090d6, running=false, ambient=false] Binder_1 54
D/mot_vr_audio_hw( 1441): Input 0xb81fcf40 close complete
D/ADSPD   ( 1433): Client cmd=0x4003, size=2
D/ADSPD   ( 1433): DSP no longer used, turned off here
E/libsuspend( 1776): Error writing to /sys/power/state: Device or resource busy
D/KYANotificationService(16625): OnStartCommand
D/KYANotificationService(16625): Performing check in
D/TAG     (16625): Subscribing to locaiton requests
D/TAG     (16625): Starting location reads
W/ContextImpl( 2013): Calling a method in the system process without a qualified user: android.app.ContextImpl.sendBroadcast:1327 android.content.ContextWrapper.sendBroadcast:377 android.content.ContextWrapper.sendBroadcast:377 com.google.android.clockwork.settings.GpsActivityReceiver.onReceive:50 android.app.ActivityThread.handleReceiver:2609 
D/TAG     (16625): Locations requested
D/SensorHALGestureSensor( 1776): Gesture event received! time = 86231739890840
I/PowerManagerService( 1776): Waking up from sleep (uid 10003)...
I/DisplayPowerController( 1776): Blocking screen on until initial contents have been drawn.
D/PowerManagerService-JNI( 1776): Excessive delay in autosuspend_disable() while turning screen on: 112ms
D/MinnowPowerHAL( 1776): power_set_interactive: 1
D/MinnowPowerHAL( 1776): sysfs_write: /sys/devices/platform/omapdss/display0/interactivemode 1
D/MinnowPowerHAL( 1776): sysfs_write: /sys/devices/ocp.2/i2c.6/i2c-0/0-004a/interactivemode 1
D/MinnowPowerHAL( 1776): sysfs_write: /sys/class/leds/lcd-backlight/interactive 1
D/mot_vr_audio_hw( 1776): dsp_set_pm_state = on
D/ADSPD   ( 1433): Client cmd=0x4002, size=2
D/ADSPD   ( 1433): DSP_CMD_DAEMON_SET_PM_STATE : 1
D/SurfaceFlinger( 1432): Set power mode=2, type=0 flinger=0xb7893550
D/hwcomposer( 1432): hwc_blank(0: 0)
I/DisplayManagerService( 1776): Display device changed state: "Built-in Screen", ON
D/ADSPD   ( 1433): ACK success!
D/AmbientService( 2082): onResumed: AmbientActivity[component=ComponentInfo{com.google.android.wearable.app/com.google.android.clockwork.home.HomeActivity}, callbacks=@3dc090d6, running=false, ambient=false] Binder_2 55
V/KeyguardServiceDelegate( 1776): onScreenTurnedOn(showListener = com.android.internal.policy.impl.PhoneWindowManager$2@334303a0)
D/mot_vr_audio_hw( 1441): dsp_recognizer_enabled = true
D/mot_vr_audio_hw( 1441): open_input_stream(): devices = 0x80000004, rate = 8000, channels = 0x10
D/mot_vr_audio_hw( 1441): Created resampler for 16000->8000 Hz
D/ADSPD   ( 1433): Client cmd=0x0003, size=4
V/ActivityManager( 1776): Display changed displayId=0
V/KeyguardServiceDelegate( 1776): **** SHOWN CALLED ****
D/ADSPD   ( 1433): Received from DSP: cmd=0x8003, size=2
D/mot_vr_audio_hw( 1441): received recognition control callback, status 0
I/AudioFlinger( 1441): AudioFlinger's thread 0xb58f2008 ready to run
D/ADSPD   ( 1433): Client cmd=0x4003, size=2
D/mot_vr_audio_hw( 1441): in_read waiting for hotword
E/InputMethodManagerService( 1776): Ignoring setImeWindowStatus due to an invalid token. uid:1000 token:null
E/WifiStateMachine( 1776): cancelDelayedScan -> 151
I/DisplayPowerController( 1776): Unblocked screen on after 303 ms
D/SensorHAL( 1776): adjustSensorHandle: handle = 10 adjustedHandle = 1
D/SensorHAL( 1776): adjustSensorHandle: handle = 10 adjustedHandle = 1
D/SensorHAL( 1776): adjustSensorHandle: handle = 10 adjustedHandle = 1
W/ContextImpl( 2013): Calling a method in the system process without a qualified user: android.app.ContextImpl.sendBroadcast:1327 android.content.ContextWrapper.sendBroadcast:377 android.content.ContextWrapper.sendBroadcast:377 com.google.android.clockwork.settings.GpsActivityReceiver.onReceive:50 android.app.ActivityThread.handleReceiver:2609 
I/art     (16625): WaitForGcToComplete blocked for 5.310ms for cause DisableMovingGc
I/art     ( 1776): Explicit concurrent mark sweep GC freed 25193(1394KB) AllocSpace objects, 11(594KB) LOS objects, 19% free, 7MB/9MB, paused 1.525ms total 94.726ms
D/TAG     (16625): GOT MESSAGE FROM PHONE
D/KYANotificationService(16625): GOT ACTION:com.nvbyte.kya.CHECK_IN_RESPONSE
D/KYANotificationService(16625): Got check in response
D/KYANotificationService(16625): Handling response
D/KYANotificationService(16625): HAS PREVIOUS ZONE!!
W/bt-btif ( 2169): dm_pm_timer expires
W/bt-btif ( 2169): dm_pm_timer expires 0
W/bt-btif ( 2169): proc dm_pm_timer expires
I/PowerManagerService( 1776): Going to sleep due to screen timeout (uid 1000)...
I/DreamManagerService( 1776): Entering dreamland.
I/DreamController( 1776): Starting dream: name=ComponentInfo{com.google.android.wearable.ambient/com.google.android.wearable.ambient.AmbientDream}, isTest=false, canDoze=true, userId=0
I/PowerManagerService( 1776): Dozing...
E/InputMethodManagerService( 1776): Ignoring setImeWindowStatus due to an invalid token. uid:1000 token:null
E/InputMethodManagerService( 1776): Ignoring setImeWindowStatus due to an invalid token. uid:1000 token:null
E/WifiStateMachine( 1776): cancelDelayedScan -> 152
W/DreamService[AmbientDream]( 2082): Finish was called before the dream was attached.
W/DreamService[AmbientDream]( 2082): attach() called after dream already finished
I/DreamManagerService( 1776): Leaving dreamland.
I/DreamController( 1776): Stopping dream: name=ComponentInfo{com.google.android.wearable.ambient/com.google.android.wearable.ambient.AmbientDream}, isTest=false, canDoze=true, userId=0
I/PowerManagerService( 1776): Sleeping (uid 1000)...
D/AmbientService( 2082): onReceive Intent { act=android.intent.action.SCREEN_OFF flg=0x50000010 } false
D/AmbientService( 2082): findRunningActivities: found: AmbientActivity[component=ComponentInfo{com.google.android.wearable.app/com.google.android.clockwork.home.HomeActivity}, callbacks=@3dc090d6, running=true, ambient=false]
W/linker  ( 1776): libglslcompiler.so: unused DT entry: type 0xf arg 0x319
I/DisplayManagerService( 1776): Display device changed state: "Built-in Screen", OFF
V/ActivityManager( 1776): Display changed displayId=0
D/SurfaceFlinger( 1432): Set power mode=0, type=0 flinger=0xb7893550
D/hwcomposer( 1432): hwc_blank(0: 1)
D/SurfaceControl( 1776): Excessive delay in setPowerMode(): 128ms
D/MinnowPowerHAL( 1776): power_set_interactive: 0
D/MinnowPowerHAL( 1776): sysfs_write: /sys/devices/platform/omapdss/display0/interactivemode 0
D/MinnowPowerHAL( 1776): sysfs_write: /sys/devices/ocp.2/i2c.6/i2c-0/0-004a/interactivemode 0
D/MinnowPowerHAL( 1776): sysfs_write: /sys/class/leds/lcd-backlight/interactive 0
D/mot_vr_audio_hw( 1776): dsp_set_pm_state = off
D/ADSPD   ( 1433): Client cmd=0x4002, size=2
D/ADSPD   ( 1433): DSP_CMD_DAEMON_SET_PM_STATE : 0
D/ADSPD   ( 1433): DSP not turned off as still being used
D/mot_vr_audio_hw( 1441): dsp_recognizer_enabled = false
D/ADSPD   ( 1433): Client cmd=0x0003, size=4
D/ADSPD   ( 1433): Trying to send to dsp while in dsp in RESET
D/AmbientService( 2082): onPaused: AmbientActivity[component=ComponentInfo{com.google.android.wearable.app/com.google.android.clockwork.home.HomeActivity}, callbacks=@3dc090d6, running=true, ambient=false] Binder_2 55
W/mot_vr_audio_hw( 1441): Not allowing wake() since DSP is disabled
D/AmbientService( 2082): onStopped: AmbientActivity[component=ComponentInfo{com.google.android.wearable.app/com.google.android.clockwork.home.HomeActivity}, callbacks=@3dc090d6, running=false, ambient=false] Binder_1 54
D/mot_vr_audio_hw( 1441): Input 0xb81fcf40 close complete
D/ADSPD   ( 1433): Client cmd=0x4003, size=2
D/ADSPD   ( 1433): DSP no longer used, turned off here
D/SensorHALGestureSensor( 1776): Gesture event received! time = 86238224815156
I/PowerManagerService( 1776): Waking up from sleep (uid 10003)...
D/MinnowPowerHAL( 1776): power_set_interactive: 1
D/MinnowPowerHAL( 1776): sysfs_write: /sys/devices/platform/omapdss/display0/interactivemode 1
I/DisplayPowerController( 1776): Blocking screen on until initial contents have been drawn.
D/MinnowPowerHAL( 1776): sysfs_write: /sys/devices/ocp.2/i2c.6/i2c-0/0-004a/interactivemode 1
D/MinnowPowerHAL( 1776): sysfs_write: /sys/class/leds/lcd-backlight/interactive 1
D/mot_vr_audio_hw( 1776): dsp_set_pm_state = on
D/ADSPD   ( 1433): Client cmd=0x4002, size=2
D/ADSPD   ( 1433): DSP_CMD_DAEMON_SET_PM_STATE : 1
D/PowerManagerService-JNI( 1776): Excessive delay in setInteractive(true) while turning screen on: 104ms
D/SurfaceFlinger( 1432): Set power mode=2, type=0 flinger=0xb7893550
D/hwcomposer( 1432): hwc_blank(0: 0)
I/DisplayManagerService( 1776): Display device changed state: "Built-in Screen", ON
D/AmbientService( 2082): onResumed: AmbientActivity[component=ComponentInfo{com.google.android.wearable.app/com.google.android.clockwork.home.HomeActivity}, callbacks=@3dc090d6, running=false, ambient=false] Binder_2 55
V/KeyguardServiceDelegate( 1776): onScreenTurnedOn(showListener = com.android.internal.policy.impl.PhoneWindowManager$2@334303a0)
V/KeyguardServiceDelegate( 1776): **** SHOWN CALLED ****
D/mot_vr_audio_hw( 1441): dsp_recognizer_enabled = true
D/mot_vr_audio_hw( 1441): open_input_stream(): devices = 0x80000004, rate = 8000, channels = 0x10
D/mot_vr_audio_hw( 1441): Created resampler for 16000->8000 Hz
V/ActivityManager( 1776): Display changed displayId=0
I/AudioFlinger( 1441): AudioFlinger's thread 0xb58f2008 ready to run
E/InputMethodManagerService( 1776): Ignoring setImeWindowStatus due to an invalid token. uid:1000 token:null
E/WifiStateMachine( 1776): cancelDelayedScan -> 153
D/mot_vr_audio_hw( 1441): in_read waiting for hotword
I/DisplayPowerController( 1776): Unblocked screen on after 264 ms
D/SensorHAL( 1776): adjustSensorHandle: handle = 10 adjustedHandle = 1
D/SensorHAL( 1776): adjustSensorHandle: handle = 10 adjustedHandle = 1
D/SensorHAL( 1776): adjustSensorHandle: handle = 10 adjustedHandle = 1
E/ADSPD   ( 1433): Timeout on select()
E/ADSPD   ( 1433): NO ACK received after loading firmware
E/ADSPD   ( 1433): Unknown ACK received 0x00
D/ADSPD   ( 1433): Client cmd=0x0003, size=4
D/ADSPD   ( 1433): Received from DSP: cmd=0x8003, size=2
D/mot_vr_audio_hw( 1441): received recognition control callback, status 0
D/ADSPD   ( 1433): Client cmd=0x4003, size=2
W/bt-btif ( 2169): dm_pm_timer expires
W/bt-btif ( 2169): dm_pm_timer expires 0
W/bt-btif ( 2169): proc dm_pm_timer expires
I/PowerManagerService( 1776): Going to sleep due to screen timeout (uid 1000)...
I/DreamManagerService( 1776): Entering dreamland.
I/PowerManagerService( 1776): Dozing...
I/DreamController( 1776): Starting dream: name=ComponentInfo{com.google.android.wearable.ambient/com.google.android.wearable.ambient.AmbientDream}, isTest=false, canDoze=true, userId=0
E/InputMethodManagerService( 1776): Ignoring setImeWindowStatus due to an invalid token. uid:1000 token:null
E/InputMethodManagerService( 1776): Ignoring setImeWindowStatus due to an invalid token. uid:1000 token:null
E/WifiStateMachine( 1776): cancelDelayedScan -> 154
W/DreamService[AmbientDream]( 2082): Finish was called before the dream was attached.
D/AmbientService( 2082): onReceive Intent { act=android.intent.action.SCREEN_OFF flg=0x50000010 } false
D/AmbientService( 2082): findRunningActivities: found: AmbientActivity[component=ComponentInfo{com.google.android.wearable.app/com.google.android.clockwork.home.HomeActivity}, callbacks=@3dc090d6, running=true, ambient=false]
W/DreamService[AmbientDream]( 2082): attach() called after dream already finished
I/DreamManagerService( 1776): Leaving dreamland.
I/PowerManagerService( 1776): Sleeping (uid 1000)...
I/DreamController( 1776): Stopping dream: name=ComponentInfo{com.google.android.wearable.ambient/com.google.android.wearable.ambient.AmbientDream}, isTest=false, canDoze=true, userId=0
W/linker  ( 1776): libglslcompiler.so: unused DT entry: type 0xf arg 0x319
I/DisplayManagerService( 1776): Display device changed state: "Built-in Screen", OFF
V/ActivityManager( 1776): Display changed displayId=0
D/SurfaceFlinger( 1432): Set power mode=0, type=0 flinger=0xb7893550
D/hwcomposer( 1432): hwc_blank(0: 1)
D/SurfaceControl( 1776): Excessive delay in setPowerMode(): 150ms
D/MinnowPowerHAL( 1776): power_set_interactive: 0
D/MinnowPowerHAL( 1776): sysfs_write: /sys/devices/platform/omapdss/display0/interactivemode 0
D/MinnowPowerHAL( 1776): sysfs_write: /sys/devices/ocp.2/i2c.6/i2c-0/0-004a/interactivemode 0
D/MinnowPowerHAL( 1776): sysfs_write: /sys/class/leds/lcd-backlight/interactive 0
D/mot_vr_audio_hw( 1776): dsp_set_pm_state = off
D/ADSPD   ( 1433): Client cmd=0x4002, size=2
D/ADSPD   ( 1433): DSP_CMD_DAEMON_SET_PM_STATE : 0
D/ADSPD   ( 1433): DSP not turned off as still being used
D/mot_vr_audio_hw( 1441): dsp_recognizer_enabled = false
D/ADSPD   ( 1433): Client cmd=0x0003, size=4
D/ADSPD   ( 1433): Trying to send to dsp while in dsp in RESET
D/AmbientService( 2082): onPaused: AmbientActivity[component=ComponentInfo{com.google.android.wearable.app/com.google.android.clockwork.home.HomeActivity}, callbacks=@3dc090d6, running=true, ambient=false] Binder_2 55
W/mot_vr_audio_hw( 1441): Not allowing wake() since DSP is disabled
D/AmbientService( 2082): onStopped: AmbientActivity[component=ComponentInfo{com.google.android.wearable.app/com.google.android.clockwork.home.HomeActivity}, callbacks=@3dc090d6, running=false, ambient=false] Binder_1 54
D/mot_vr_audio_hw( 1441): Input 0xb81f8330 close complete
D/ADSPD   ( 1433): Client cmd=0x4003, size=2
D/ADSPD   ( 1433): DSP no longer used, turned off here
E/libsuspend( 1776): Error writing to /sys/power/state: Device or resource busy
D/SensorHALGestureSensor( 1776): Gesture event received! time = 86248596366662
I/PowerManagerService( 1776): Waking up from sleep (uid 10003)...
I/DisplayPowerController( 1776): Blocking screen on until initial contents have been drawn.
D/PowerManagerService-JNI( 1776): Excessive delay in autosuspend_disable() while turning screen on: 134ms
D/MinnowPowerHAL( 1776): power_set_interactive: 1
D/MinnowPowerHAL( 1776): sysfs_write: /sys/devices/platform/omapdss/display0/interactivemode 1
D/MinnowPowerHAL( 1776): sysfs_write: /sys/devices/ocp.2/i2c.6/i2c-0/0-004a/interactivemode 1
D/MinnowPowerHAL( 1776): sysfs_write: /sys/class/leds/lcd-backlight/interactive 1
D/mot_vr_audio_hw( 1776): dsp_set_pm_state = on
D/ADSPD   ( 1433): Client cmd=0x4002, size=2
D/ADSPD   ( 1433): DSP_CMD_DAEMON_SET_PM_STATE : 1
D/SurfaceFlinger( 1432): Set power mode=2, type=0 flinger=0xb7893550
D/hwcomposer( 1432): hwc_blank(0: 0)
I/DisplayManagerService( 1776): Display device changed state: "Built-in Screen", ON
D/AmbientService( 2082): onResumed: AmbientActivity[component=ComponentInfo{com.google.android.wearable.app/com.google.android.clockwork.home.HomeActivity}, callbacks=@3dc090d6, running=false, ambient=false] Binder_2 55
V/KeyguardServiceDelegate( 1776): onScreenTurnedOn(showListener = com.android.internal.policy.impl.PhoneWindowManager$2@334303a0)
V/KeyguardServiceDelegate( 1776): **** SHOWN CALLED ****
D/mot_vr_audio_hw( 1441): dsp_recognizer_enabled = true
D/mot_vr_audio_hw( 1441): open_input_stream(): devices = 0x80000004, rate = 8000, channels = 0x10
D/mot_vr_audio_hw( 1441): Created resampler for 16000->8000 Hz
V/ActivityManager( 1776): Display changed displayId=0
I/AudioFlinger( 1441): AudioFlinger's thread 0xb58f2008 ready to run
E/InputMethodManagerService( 1776): Ignoring setImeWindowStatus due to an invalid token. uid:1000 token:null
E/WifiStateMachine( 1776): cancelDelayedScan -> 155
D/mot_vr_audio_hw( 1441): in_read waiting for hotword
I/DisplayPowerController( 1776): Unblocked screen on after 303 ms
D/SensorHAL( 1776): adjustSensorHandle: handle = 10 adjustedHandle = 1
D/SensorHAL( 1776): adjustSensorHandle: handle = 10 adjustedHandle = 1
D/SensorHAL( 1776): adjustSensorHandle: handle = 10 adjustedHandle = 1
E/ADSPD   ( 1433): Timeout on select()
E/ADSPD   ( 1433): NO ACK received after loading firmware
E/ADSPD   ( 1433): Unknown ACK received 0x00
D/ADSPD   ( 1433): Client cmd=0x0003, size=4
D/ADSPD   ( 1433): Received from DSP: cmd=0x8003, size=2
D/mot_vr_audio_hw( 1441): received recognition control callback, status 0
D/ADSPD   ( 1433): Client cmd=0x4003, size=2
I/PowerManagerService( 1776): Going to sleep due to screen timeout (uid 1000)...
I/DreamManagerService( 1776): Entering dreamland.
I/PowerManagerService( 1776): Dozing...
I/DreamController( 1776): Starting dream: name=ComponentInfo{com.google.android.wearable.ambient/com.google.android.wearable.ambient.AmbientDream}, isTest=false, canDoze=true, userId=0
E/InputMethodManagerService( 1776): Ignoring setImeWindowStatus due to an invalid token. uid:1000 token:null
E/InputMethodManagerService( 1776): Ignoring setImeWindowStatus due to an invalid token. uid:1000 token:null
E/WifiStateMachine( 1776): cancelDelayedScan -> 156
W/DreamService[AmbientDream]( 2082): Finish was called before the dream was attached.
D/AmbientService( 2082): onReceive Intent { act=android.intent.action.SCREEN_OFF flg=0x50000010 } false
D/AmbientService( 2082): findRunningActivities: found: AmbientActivity[component=ComponentInfo{com.google.android.wearable.app/com.google.android.clockwork.home.HomeActivity}, callbacks=@3dc090d6, running=true, ambient=false]
W/DreamService[AmbientDream]( 2082): attach() called after dream already finished
I/DreamManagerService( 1776): Leaving dreamland.
I/PowerManagerService( 1776): Sleeping (uid 1000)...
I/DreamController( 1776): Stopping dream: name=ComponentInfo{com.google.android.wearable.ambient/com.google.android.wearable.ambient.AmbientDream}, isTest=false, canDoze=true, userId=0
W/linker  ( 1776): libglslcompiler.so: unused DT entry: type 0xf arg 0x319
I/art     ( 2013): Background sticky concurrent mark sweep GC freed 2711(144KB) AllocSpace objects, 0(0B) LOS objects, 11% free, 2MB/2MB, paused 3.723ms total 138.977ms
I/DisplayManagerService( 1776): Display device changed state: "Built-in Screen", OFF
V/ActivityManager( 1776): Display changed displayId=0
D/SurfaceFlinger( 1432): Set power mode=0, type=0 flinger=0xb7893550
D/hwcomposer( 1432): hwc_blank(0: 1)
D/SurfaceControl( 1776): Excessive delay in setPowerMode(): 143ms
D/MinnowPowerHAL( 1776): power_set_interactive: 0
D/MinnowPowerHAL( 1776): sysfs_write: /sys/devices/platform/omapdss/display0/interactivemode 0
D/MinnowPowerHAL( 1776): sysfs_write: /sys/devices/ocp.2/i2c.6/i2c-0/0-004a/interactivemode 0
D/MinnowPowerHAL( 1776): sysfs_write: /sys/class/leds/lcd-backlight/interactive 0
D/mot_vr_audio_hw( 1776): dsp_set_pm_state = off
D/ADSPD   ( 1433): Client cmd=0x4002, size=2
D/ADSPD   ( 1433): DSP_CMD_DAEMON_SET_PM_STATE : 0
D/ADSPD   ( 1433): DSP not turned off as still being used
D/mot_vr_audio_hw( 1441): dsp_recognizer_enabled = false
D/ADSPD   ( 1433): Client cmd=0x0003, size=4
D/ADSPD   ( 1433): Trying to send to dsp while in dsp in RESET
D/AmbientService( 2082): onPaused: AmbientActivity[component=ComponentInfo{com.google.android.wearable.app/com.google.android.clockwork.home.HomeActivity}, callbacks=@3dc090d6, running=true, ambient=false] Binder_1 54
W/mot_vr_audio_hw( 1441): Not allowing wake() since DSP is disabled
D/AmbientService( 2082): onStopped: AmbientActivity[component=ComponentInfo{com.google.android.wearable.app/com.google.android.clockwork.home.HomeActivity}, callbacks=@3dc090d6, running=false, ambient=false] Binder_2 55
D/mot_vr_audio_hw( 1441): Input 0xb81f8330 close complete
D/ADSPD   ( 1433): Client cmd=0x4003, size=2
D/ADSPD   ( 1433): DSP no longer used, turned off here
D/SensorHALGestureSensor( 1776): Gesture event received! time = 86255322959674
I/PowerManagerService( 1776): Waking up from sleep (uid 10003)...
I/DisplayPowerController( 1776): Blocking screen on until initial contents have been drawn.
D/PowerManagerService-JNI( 1776): Excessive delay in autosuspend_disable() while turning screen on: 134ms
D/MinnowPowerHAL( 1776): power_set_interactive: 1
D/MinnowPowerHAL( 1776): sysfs_write: /sys/devices/platform/omapdss/display0/interactivemode 1
D/MinnowPowerHAL( 1776): sysfs_write: /sys/devices/ocp.2/i2c.6/i2c-0/0-004a/interactivemode 1
D/MinnowPowerHAL( 1776): sysfs_write: /sys/class/leds/lcd-backlight/interactive 1
D/mot_vr_audio_hw( 1776): dsp_set_pm_state = on
D/ADSPD   ( 1433): Client cmd=0x4002, size=2
D/ADSPD   ( 1433): DSP_CMD_DAEMON_SET_PM_STATE : 1
D/SurfaceFlinger( 1432): Set power mode=2, type=0 flinger=0xb7893550
D/hwcomposer( 1432): hwc_blank(0: 0)
I/DisplayManagerService( 1776): Display device changed state: "Built-in Screen", ON
D/AmbientService( 2082): onResumed: AmbientActivity[component=ComponentInfo{com.google.android.wearable.app/com.google.android.clockwork.home.HomeActivity}, callbacks=@3dc090d6, running=false, ambient=false] Binder_1 54
V/KeyguardServiceDelegate( 1776): onScreenTurnedOn(showListener = com.android.internal.policy.impl.PhoneWindowManager$2@334303a0)
V/KeyguardServiceDelegate( 1776): **** SHOWN CALLED ****
D/mot_vr_audio_hw( 1441): dsp_recognizer_enabled = true
D/mot_vr_audio_hw( 1441): open_input_stream(): devices = 0x80000004, rate = 8000, channels = 0x10
D/mot_vr_audio_hw( 1441): Created resampler for 16000->8000 Hz
V/ActivityManager( 1776): Display changed displayId=0
I/AudioFlinger( 1441): AudioFlinger's thread 0xb58f2008 ready to run
E/InputMethodManagerService( 1776): Ignoring setImeWindowStatus due to an invalid token. uid:1000 token:null
D/mot_vr_audio_hw( 1441): in_read waiting for hotword
E/WifiStateMachine( 1776): cancelDelayedScan -> 157
I/DisplayPowerController( 1776): Unblocked screen on after 308 ms
D/SensorHAL( 1776): adjustSensorHandle: handle = 10 adjustedHandle = 1
D/SensorHAL( 1776): adjustSensorHandle: handle = 10 adjustedHandle = 1
E/ADSPD   ( 1433): Timeout on select()
E/ADSPD   ( 1433): NO ACK received after loading firmware
E/ADSPD   ( 1433): Unknown ACK received 0x00
D/ADSPD   ( 1433): Client cmd=0x0003, size=4
D/SensorHAL( 1776): adjustSensorHandle: handle = 10 adjustedHandle = 1
D/ADSPD   ( 1433): Received from DSP: cmd=0x8003, size=2
D/ADSPD   ( 1433): Client cmd=0x4003, size=2
D/mot_vr_audio_hw( 1441): received recognition control callback, status 0
I/PowerManagerService( 1776): Going to sleep due to screen timeout (uid 1000)...
I/DreamManagerService( 1776): Entering dreamland.
I/PowerManagerService( 1776): Dozing...
I/DreamController( 1776): Starting dream: name=ComponentInfo{com.google.android.wearable.ambient/com.google.android.wearable.ambient.AmbientDream}, isTest=false, canDoze=true, userId=0
E/InputMethodManagerService( 1776): Ignoring setImeWindowStatus due to an invalid token. uid:1000 token:null
E/InputMethodManagerService( 1776): Ignoring setImeWindowStatus due to an invalid token. uid:1000 token:null
E/WifiStateMachine( 1776): cancelDelayedScan -> 158
W/DreamService[AmbientDream]( 2082): Finish was called before the dream was attached.
D/AmbientService( 2082): onReceive Intent { act=android.intent.action.SCREEN_OFF flg=0x50000010 } false
D/AmbientService( 2082): findRunningActivities: found: AmbientActivity[component=ComponentInfo{com.google.android.wearable.app/com.google.android.clockwork.home.HomeActivity}, callbacks=@3dc090d6, running=true, ambient=false]
W/DreamService[AmbientDream]( 2082): attach() called after dream already finished
I/DreamManagerService( 1776): Leaving dreamland.
I/DreamController( 1776): Stopping dream: name=ComponentInfo{com.google.android.wearable.ambient/com.google.android.wearable.ambient.AmbientDream}, isTest=false, canDoze=true, userId=0
I/PowerManagerService( 1776): Sleeping (uid 1000)...
W/linker  ( 1776): libglslcompiler.so: unused DT entry: type 0xf arg 0x319
I/DisplayManagerService( 1776): Display device changed state: "Built-in Screen", OFF
V/ActivityManager( 1776): Display changed displayId=0
D/SurfaceFlinger( 1432): Set power mode=0, type=0 flinger=0xb7893550
D/hwcomposer( 1432): hwc_blank(0: 1)
D/SurfaceControl( 1776): Excessive delay in setPowerMode(): 119ms
D/MinnowPowerHAL( 1776): power_set_interactive: 0
D/MinnowPowerHAL( 1776): sysfs_write: /sys/devices/platform/omapdss/display0/interactivemode 0
D/MinnowPowerHAL( 1776): sysfs_write: /sys/devices/ocp.2/i2c.6/i2c-0/0-004a/interactivemode 0
D/MinnowPowerHAL( 1776): sysfs_write: /sys/class/leds/lcd-backlight/interactive 0
D/mot_vr_audio_hw( 1776): dsp_set_pm_state = off
D/ADSPD   ( 1433): Client cmd=0x4002, size=2
D/ADSPD   ( 1433): DSP_CMD_DAEMON_SET_PM_STATE : 0
D/ADSPD   ( 1433): DSP not turned off as still being used
D/mot_vr_audio_hw( 1441): dsp_recognizer_enabled = false
D/ADSPD   ( 1433): Client cmd=0x0003, size=4
D/ADSPD   ( 1433): Trying to send to dsp while in dsp in RESET
D/AmbientService( 2082): onPaused: AmbientActivity[component=ComponentInfo{com.google.android.wearable.app/com.google.android.clockwork.home.HomeActivity}, callbacks=@3dc090d6, running=true, ambient=false] Binder_1 54
