D/HERE    (16625): 49
D/HERE    (16625): 49
D/HERE    (16625): 49
D/HERE    (16625): 49
D/HERE    (16625): 49
D/HERE    (16625): 48
D/HERE    (16625): 48
D/HERE    (16625): 48
D/HERE    (16625): 48
D/HERE    (16625): 48
D/HERE    (16625): 48
D/HERE    (16625): 48
D/HERE    (16625): 48
D/HERE    (16625): 48
D/HERE    (16625): 48
D/HERE    (16625): 47
D/HERE    (16625): 47
D/HERE    (16625): 47
D/HERE    (16625): 47
D/HERE    (16625): 47
D/HERE    (16625): 47
D/HERE    (16625): 47
D/HERE    (16625): 47
D/HERE    (16625): 47
D/HERE    (16625): 47
D/HERE    (16625): 46
D/HERE    (16625): 46
D/HERE    (16625): 46
D/HERE    (16625): 46
D/HERE    (16625): 46
D/HERE    (16625): 46
D/HERE    (16625): 46
D/HERE    (16625): 46
D/HERE    (16625): 46
D/HERE    (16625): 46
D/HERE    (16625): 45
D/HERE    (16625): 45
D/HERE    (16625): 45
D/HERE    (16625): 45
D/HERE    (16625): 45
D/HERE    (16625): 45
D/HERE    (16625): 45
D/HERE    (16625): 45
D/HERE    (16625): 45
D/HERE    (16625): 45
D/HERE    (16625): 44
D/HERE    (16625): 44
D/HERE    (16625): 44
D/HERE    (16625): 44
D/HERE    (16625): 44
D/HERE    (16625): 44
D/HERE    (16625): 44
D/HERE    (16625): 44
D/HERE    (16625): 44
D/HERE    (16625): 44
D/HERE    (16625): 43
D/HERE    (16625): 43
D/HERE    (16625): 43
D/HERE    (16625): 43
D/HERE    (16625): 43
D/HERE    (16625): 43
D/HERE    (16625): 43
D/HERE    (16625): 43
D/HERE    (16625): 43
D/HERE    (16625): 43
D/HERE    (16625): 42
D/HERE    (16625): 42
D/HERE    (16625): 42
D/HERE    (16625): 42
D/HERE    (16625): 42
D/HERE    (16625): 42
D/HERE    (16625): 42
D/HERE    (16625): 42
D/HERE    (16625): 42
D/HERE    (16625): 42
D/HERE    (16625): 41
D/HERE    (16625): 41
D/HERE    (16625): 41
D/HERE    (16625): 41
D/HERE    (16625): 41
D/HERE    (16625): 41
D/HERE    (16625): 41
D/HERE    (16625): 41
D/HERE    (16625): 41
D/HERE    (16625): 41
D/HERE    (16625): 40
D/HERE    (16625): 40
D/HERE    (16625): 40
D/HERE    (16625): 40
D/HERE    (16625): 40
D/HERE    (16625): 40
D/HERE    (16625): 40
D/HERE    (16625): 40
D/HERE    (16625): 40
D/HERE    (16625): 40
D/HERE    (16625): 39
D/HERE    (16625): 39
D/HERE    (16625): 39
D/HERE    (16625): 39
D/HERE    (16625): 39
D/HERE    (16625): 39
D/HERE    (16625): 39
D/HERE    (16625): 39
D/HERE    (16625): 39
D/HERE    (16625): 39
D/HERE    (16625): 38
D/HERE    (16625): 38
D/HERE    (16625): 38
D/HERE    (16625): 38
D/HERE    (16625): 38
D/HERE    (16625): 38
D/HERE    (16625): 38
D/HERE    (16625): 38
D/HERE    (16625): 38
D/HERE    (16625): 38
D/HERE    (16625): 37
D/HERE    (16625): 37
D/HERE    (16625): 37
D/HERE    (16625): 37
D/HERE    (16625): 37
D/HERE    (16625): 37
D/HERE    (16625): 37
D/HERE    (16625): 37
D/HERE    (16625): 37
D/HERE    (16625): 37
D/HERE    (16625): 36
D/HERE    (16625): 36
D/HERE    (16625): 36
D/HERE    (16625): 36
D/HERE    (16625): 36
D/HERE    (16625): 36
D/HERE    (16625): 36
D/HERE    (16625): 36
D/HERE    (16625): 36
D/HERE    (16625): 36
D/HERE    (16625): 35
D/HERE    (16625): 35
D/HERE    (16625): 35
D/HERE    (16625): 35
D/HERE    (16625): 35
D/HERE    (16625): 35
D/HERE    (16625): 35
D/HERE    (16625): 35
D/HERE    (16625): 35
D/HERE    (16625): 35
D/HERE    (16625): 34
D/HERE    (16625): 34
D/HERE    (16625): 34
D/HERE    (16625): 34
D/HERE    (16625): 34
D/HERE    (16625): 34
D/HERE    (16625): 34
D/HERE    (16625): 34
D/HERE    (16625): 34
D/HERE    (16625): 34
D/HERE    (16625): 33
D/HERE    (16625): 33
D/HERE    (16625): 33
D/HERE    (16625): 33
D/HERE    (16625): 33
D/HERE    (16625): 33
D/HERE    (16625): 33
D/HERE    (16625): 33
D/HERE    (16625): 33
D/HERE    (16625): 33
D/HERE    (16625): 32
D/HERE    (16625): 32
D/HERE    (16625): 32
D/HERE    (16625): 32
D/HERE    (16625): 32
D/HERE    (16625): 32
D/HERE    (16625): 32
D/HERE    (16625): 32
D/HERE    (16625): 32
D/HERE    (16625): 32
D/HERE    (16625): 31
D/HERE    (16625): 31
D/HERE    (16625): 31
D/HERE    (16625): 31
D/HERE    (16625): 31
D/HERE    (16625): 31
D/HERE    (16625): 31
D/HERE    (16625): 31
D/HERE    (16625): 31
D/HERE    (16625): 31
D/HERE    (16625): 30
D/HERE    (16625): 30
D/HERE    (16625): 30
D/HERE    (16625): 30
D/HERE    (16625): 30
D/HERE    (16625): 30
D/HERE    (16625): 30
D/HERE    (16625): 30
D/HERE    (16625): 30
D/HERE    (16625): 30
D/HERE    (16625): 29
D/HERE    (16625): 29
D/HERE    (16625): 29
D/HERE    (16625): 29
D/HERE    (16625): 29
D/HERE    (16625): 29
D/HERE    (16625): 29
D/HERE    (16625): 29
D/HERE    (16625): 29
D/HERE    (16625): 28
D/HERE    (16625): 28
D/HERE    (16625): 28
D/HERE    (16625): 28
D/HERE    (16625): 28
D/HERE    (16625): 28
D/HERE    (16625): 28
D/HERE    (16625): 28
D/HERE    (16625): 28
D/HERE    (16625): 28
D/HERE    (16625): 28
D/HERE    (16625): 27
D/HERE    (16625): 27
D/HERE    (16625): 27
D/HERE    (16625): 27
D/HERE    (16625): 27
D/HERE    (16625): 27
D/HERE    (16625): 27
D/HERE    (16625): 27
D/HERE    (16625): 27
D/HERE    (16625): 27
D/HERE    (16625): 26
D/HERE    (16625): 26
D/HERE    (16625): 26
D/HERE    (16625): 26
D/HERE    (16625): 26
D/HERE    (16625): 26
D/HERE    (16625): 26
D/HERE    (16625): 26
D/HERE    (16625): 26
D/HERE    (16625): 26
D/HERE    (16625): 25
D/HERE    (16625): 25
D/HERE    (16625): 25
D/HERE    (16625): 25
D/HERE    (16625): 25
D/HERE    (16625): 25
D/HERE    (16625): 25
D/HERE    (16625): 25
D/HERE    (16625): 25
D/HERE    (16625): 25
D/HERE    (16625): 24
D/HERE    (16625): 24
D/HERE    (16625): 24
D/HERE    (16625): 24
D/HERE    (16625): 24
D/HERE    (16625): 24
D/HERE    (16625): 24
D/HERE    (16625): 24
D/HERE    (16625): 24
D/HERE    (16625): 24
D/HERE    (16625): 23
D/HERE    (16625): 23
D/HERE    (16625): 23
D/HERE    (16625): 23
D/HERE    (16625): 23
D/HERE    (16625): 23
D/HERE    (16625): 23
D/HERE    (16625): 23
D/HERE    (16625): 23
D/HERE    (16625): 23
D/HERE    (16625): 22
D/HERE    (16625): 22
D/HERE    (16625): 22
D/HERE    (16625): 22
D/HERE    (16625): 22
D/HERE    (16625): 22
D/HERE    (16625): 22
D/HERE    (16625): 22
D/HERE    (16625): 22
D/HERE    (16625): 22
D/HERE    (16625): 21
D/HERE    (16625): 21
D/HERE    (16625): 21
D/HERE    (16625): 21
D/HERE    (16625): 21
D/HERE    (16625): 21
D/HERE    (16625): 21
D/HERE    (16625): 21
D/HERE    (16625): 21
D/HERE    (16625): 21
D/HERE    (16625): 20
D/HERE    (16625): 20
D/HERE    (16625): 20
D/HERE    (16625): 20
D/HERE    (16625): 20
D/HERE    (16625): 20
D/HERE    (16625): 20
D/HERE    (16625): 20
D/HERE    (16625): 20
D/HERE    (16625): 20
D/HERE    (16625): 19
D/HERE    (16625): 19
D/HERE    (16625): 19
D/HERE    (16625): 19
D/HERE    (16625): 19
D/HERE    (16625): 19
D/HERE    (16625): 19
D/HERE    (16625): 19
D/HERE    (16625): 19
D/HERE    (16625): 19
D/HERE    (16625): 18
D/HERE    (16625): 18
D/HERE    (16625): 18
D/HERE    (16625): 18
D/HERE    (16625): 18
D/HERE    (16625): 18
D/HERE    (16625): 18
D/HERE    (16625): 18
D/HERE    (16625): 18
D/HERE    (16625): 18
D/HERE    (16625): 17
D/HERE    (16625): 17
D/HERE    (16625): 17
D/HERE    (16625): 17
D/HERE    (16625): 17
D/HERE    (16625): 17
D/HERE    (16625): 17
D/HERE    (16625): 17
D/HERE    (16625): 17
D/HERE    (16625): 17
D/HERE    (16625): 16
D/HERE    (16625): 16
D/HERE    (16625): 16
D/HERE    (16625): 16
D/HERE    (16625): 16
D/HERE    (16625): 16
D/HERE    (16625): 16
D/HERE    (16625): 16
D/HERE    (16625): 16
D/HERE    (16625): 16
D/HERE    (16625): 15
D/HERE    (16625): 15
D/HERE    (16625): 15
D/HERE    (16625): 15
D/HERE    (16625): 15
D/HERE    (16625): 15
D/HERE    (16625): 15
D/HERE    (16625): 15
D/HERE    (16625): 15
D/HERE    (16625): 15
D/HERE    (16625): 14
D/HERE    (16625): 14
D/HERE    (16625): 14
D/HERE    (16625): 14
D/HERE    (16625): 14
D/HERE    (16625): 14
D/HERE    (16625): 14
D/HERE    (16625): 14
D/HERE    (16625): 14
D/HERE    (16625): 14
D/HERE    (16625): 13
D/HERE    (16625): 13
D/HERE    (16625): 13
D/HERE    (16625): 13
D/HERE    (16625): 13
D/HERE    (16625): 13
D/HERE    (16625): 13
D/HERE    (16625): 13
D/HERE    (16625): 13
D/HERE    (16625): 13
D/HERE    (16625): 12
D/HERE    (16625): 12
D/HERE    (16625): 12
D/HERE    (16625): 12
D/HERE    (16625): 12
D/HERE    (16625): 12
D/HERE    (16625): 12
D/HERE    (16625): 12
D/HERE    (16625): 12
D/HERE    (16625): 12
D/HERE    (16625): 11
D/HERE    (16625): 11
D/HERE    (16625): 11
D/HERE    (16625): 11
D/HERE    (16625): 11
D/HERE    (16625): 11
D/HERE    (16625): 11
D/HERE    (16625): 11
D/HERE    (16625): 11
D/HERE    (16625): 11
D/HERE    (16625): 10
D/HERE    (16625): 10
D/HERE    (16625): 10
D/HERE    (16625): 10
D/HERE    (16625): 10
D/HERE    (16625): 10
D/HERE    (16625): 10
D/HERE    (16625): 10
D/HERE    (16625): 10
D/HERE    (16625): 10
D/HERE    (16625): 9
D/HERE    (16625): 9
D/HERE    (16625): 9
D/HERE    (16625): 9
D/HERE    (16625): 9
D/HERE    (16625): 9
D/HERE    (16625): 9
D/HERE    (16625): 9
D/HERE    (16625): 9
D/HERE    (16625): 9
D/HERE    (16625): 8
D/HERE    (16625): 8
D/HERE    (16625): 8
D/HERE    (16625): 8
D/HERE    (16625): 8
D/HERE    (16625): 8
D/HERE    (16625): 8
D/HERE    (16625): 8
D/HERE    (16625): 8
D/HERE    (16625): 8
D/HERE    (16625): 7
D/HERE    (16625): 7
D/HERE    (16625): 7
D/HERE    (16625): 7
D/HERE    (16625): 7
D/HERE    (16625): 7
D/HERE    (16625): 7
D/HERE    (16625): 7
D/HERE    (16625): 7
I/ActivityManager( 1776): Delay finish: com.google.android.apps.fitness/com.google.android.wearable.fitness.summary.notification.NotificationReceiver
I/FitnessWearable( 2307): Checking fitness notification
W/art     ( 3024): Suspending all threads took: 70.190ms
I/art     ( 3024): Background sticky concurrent mark sweep GC freed 8540(530KB) AllocSpace objects, 2(32KB) LOS objects, 9% free, 5MB/6MB, paused 72.357ms total 121.734ms
I/art     ( 2307): WaitForGcToComplete blocked for 6.958ms for cause DisableMovingGc
I/FitnessWearable( 2307): Fitness Platform Queries took: 423 ms
I/ActivityManager( 1776): Resuming delayed broadcast
D/Finsky  ( 2272): [105] WearablePackageService.onHandleIntent: Updating package info (41 packages)
W/art     ( 3024): Suspending all threads took: 7.965ms
I/art     ( 3024): Background partial concurrent mark sweep GC freed 30948(1654KB) AllocSpace objects, 3(44KB) LOS objects, 25% free, 5MB/6MB, paused 9.948ms total 242.431ms
W/bt-btif ( 2169): dm_pm_timer expires
W/bt-btif ( 2169): dm_pm_timer expires 0
W/bt-btif ( 2169): proc dm_pm_timer expires
D/ADSPD   ( 1433): Received from DSP: cmd=0x8000, size=2
W/bt-btif ( 2169): dm_pm_timer expires
W/bt-btif ( 2169): dm_pm_timer expires 0
W/bt-btif ( 2169): proc dm_pm_timer expires
W/bt-btif ( 2169): dm_pm_timer expires
W/bt-btif ( 2169): dm_pm_timer expires 0
W/bt-btif ( 2169): proc dm_pm_timer expires
D/Clockwork.Settings( 1904): got new locale: en_US->en_US
W/bt-btif ( 2169): dm_pm_timer expires
W/bt-btif ( 2169): dm_pm_timer expires 0
W/bt-btif ( 2169): proc dm_pm_timer expires
W/bt-btif ( 2169): dm_pm_timer expires
W/bt-btif ( 2169): dm_pm_timer expires 0
W/bt-btif ( 2169): proc dm_pm_timer expires
D/ADSPD   ( 1433): Received from DSP: cmd=0x8000, size=2
I/Process (16625): Sending signal. PID: 16625 SIG: 9
W/InputMethodManagerService( 1776): Window already focused, ignoring focus gain of: com.android.internal.view.IInputMethodClient$Stub$Proxy@3b4f3e49 attribute=null, token = android.os.BinderProxy@24435df1
I/ActivityManager( 1776): Process com.nvbyte.kya (pid 16625) has died
W/ActivityManager( 1776): Scheduling restart of crashed service com.nvbyte.kya/.KYANotificationService in 1000ms
W/ContextImpl( 2013): Calling a method in the system process without a qualified user: android.app.ContextImpl.sendBroadcast:1327 android.content.ContextWrapper.sendBroadcast:377 android.content.ContextWrapper.sendBroadcast:377 com.google.android.clockwork.settings.GpsActivityReceiver.onReceive:64 android.app.ActivityThread.handleReceiver:2609 
W/ContextImpl( 2013): Calling a method in the system process without a qualified user: android.app.ContextImpl.sendBroadcast:1327 android.content.ContextWrapper.sendBroadcast:377 android.content.ContextWrapper.sendBroadcast:377 com.google.android.clockwork.settings.GpsActivityReceiver.onReceive:64 android.app.ActivityThread.handleReceiver:2609 
I/art     (18426): Late-enabling -Xcheck:jni
I/ActivityManager( 1776): Start proc 18426:com.nvbyte.kya/u0a30 for service com.nvbyte.kya/.KYANotificationService
D/KYANotificationService(18426): Creating service - initializing filters
D/KYANotificationService(18426): OnStartCommand
D/KYANotificationService(18426): Performing check in
W/art     (18426): Suspending all threads took: 23.254ms
D/TAG     (18426): CONECTED!
D/TAG     (18426): Subscribing to locaiton requests
W/ContextImpl( 2013): Calling a method in the system process without a qualified user: android.app.ContextImpl.sendBroadcast:1327 android.content.ContextWrapper.sendBroadcast:377 android.content.ContextWrapper.sendBroadcast:377 com.google.android.clockwork.settings.GpsActivityReceiver.onReceive:50 android.app.ActivityThread.handleReceiver:2609 
D/TAG     (18426): Starting location reads
W/ContextImpl( 2013): Calling a method in the system process without a qualified user: android.app.ContextImpl.sendBroadcast:1327 android.content.ContextWrapper.sendBroadcast:377 android.content.ContextWrapper.sendBroadcast:377 com.google.android.clockwork.settings.GpsActivityReceiver.onReceive:50 android.app.ActivityThread.handleReceiver:2609 
D/TAG     (18426): Locations requested
D/AuthZenListenerService( 3063): onMessageReceived: MessageEventParcelable[27087,com/google/android/location/fused/wearable/CAPABILITY, size=31], Path: com/google/android/location/fused/wearable/CAPABILITY
D/AuthZenWearListenerService( 3063): onMessageReceived : MessageEventParcelable[27087,com/google/android/location/fused/wearable/CAPABILITY, size=31], Path: com/google/android/location/fused/wearable/CAPABILITY
D/AuthZenListenerService( 3063): onMessageReceived: MessageEventParcelable[27088,com/google/android/location/fused/wearable/LOCATIONS, size=362], Path: com/google/android/location/fused/wearable/LOCATIONS
D/AuthZenWearListenerService( 3063): onMessageReceived : MessageEventParcelable[27088,com/google/android/location/fused/wearable/LOCATIONS, size=362], Path: com/google/android/location/fused/wearable/LOCATIONS
D/TAG     (18426): Location changed
D/HERE    (18426): FETCHING BEST LOCATION
I/art     ( 1904): Background partial concurrent mark sweep GC freed 23636(1248KB) AllocSpace objects, 8(524KB) LOS objects, 10% free, 17MB/19MB, paused 1.312ms total 296.081ms
W/TelecomManager( 1776): Telecom Service not found.
V/NotificationService( 1776): pkg=com.google.android.wearable.app canInterrupt=false intercept=true
W/ContextImpl( 2013): Calling a method in the system process without a qualified user: android.app.ContextImpl.sendBroadcast:1327 android.content.ContextWrapper.sendBroadcast:377 android.content.ContextWrapper.sendBroadcast:377 com.google.android.clockwork.settings.GpsActivityReceiver.onReceive:50 android.app.ActivityThread.handleReceiver:2609 
E/TRACK   (18426): CONNECTED
D/AuthZenListenerService( 3063): onMessageReceived: MessageEventParcelable[27089,com/google/android/location/fused/wearable/LOCATIONS, size=362], Path: com/google/android/location/fused/wearable/LOCATIONS
D/AuthZenWearListenerService( 3063): onMessageReceived : MessageEventParcelable[27089,com/google/android/location/fused/wearable/LOCATIONS, size=362], Path: com/google/android/location/fused/wearable/LOCATIONS
D/Clockwork.Settings( 1904): got new locale: en_US->en_US
D/TAG     (18426): GOT MESSAGE FROM PHONE
D/KYANotificationService(18426): GOT ACTION:com.nvbyte.kya.CHECK_IN_RESPONSE
D/KYANotificationService(18426): Got check in response
D/KYANotificationService(18426): Handling response
D/KYANotificationService(18426): HAS PREVIOUS ZONE!!
D/KYANotificationService(18426): Notification Needed!
I/ActivityManager( 1776): START u0 {flg=0x10008000 cmp=com.nvbyte.kya/.NotificationActivity (has extras)} from uid 10030 on display 0
V/WindowManager( 1776): addAppToken: AppWindowToken{3beb563c token=Token{1d5c02f ActivityRecord{12e9e0e u0 com.nvbyte.kya/.NotificationActivity t1492}}} to stack=1 task=1492 at 0
D/mot_vr_audio_hw( 1441): dsp_recognizer_enabled = false
D/ADSPD   ( 1433): Client cmd=0x0003, size=4
D/AmbientService( 2082): onPaused: AmbientActivity[component=ComponentInfo{com.google.android.wearable.app/com.google.android.clockwork.home.HomeActivity}, callbacks=@3dc090d6, running=true, ambient=false] Binder_1 54
D/mot_vr_audio_hw( 1441): Switching DSP to standby/passthrough mode
D/mot_vr_audio_hw( 1441): Input 0xb81fcf40 ready to read
D/ADSPD   ( 1433): Received from DSP: cmd=0x8003, size=2
D/mot_vr_audio_hw( 1441): received recognition control callback, status 0
D/ADSPD   ( 1433): Client cmd=0x0003, size=4
D/ADSPD   ( 1433): Received from DSP: cmd=0x8003, size=2
D/mot_vr_audio_hw( 1441): received recognition control callback, status 0
D/mot_vr_audio_hw( 1441): Discarded 11 buffers of leading silence
D/mot_vr_audio_hw( 1441): Re-arming DSP
D/mot_vr_audio_hw( 1441): Input 0xb81fcf40 standby complete
D/ADSPD   ( 1433): Client cmd=0x0003, size=4
D/mot_vr_audio_hw( 1441): Input 0xb81fcf40 close complete
D/ADSPD   ( 1433): Received from DSP: cmd=0x8003, size=2
D/ADSPD   ( 1433): Client cmd=0x4003, size=2
D/mot_vr_audio_hw( 1441): received recognition control callback, status 0
D/OpenGLRenderer(18426): Use EGL_SWAP_BEHAVIOR_PRESERVED: true
W/linker  (18426): gralloc.omap3.so: unused DT entry: type 0xf arg 0x677
W/linker  (18426): libpvr2d.so: unused DT entry: type 0xf arg 0x78e
D/Atlas   (18426): Validating map...
V/WindowManager( 1776): Adding window Window{14bb0341 u0 com.nvbyte.kya/com.nvbyte.kya.NotificationActivity} at 2 of 4 (after Window{10b49dd6 u0 com.google.android.wearable.app/com.google.android.clockwork.home.HomeActivity})
I/OpenGLRenderer(18426): Initialized EGL, version 1.4
W/OpenGLRenderer(18426): Failed to choose config with EGL_SWAP_BEHAVIOR_PRESERVED, retrying without...
D/OpenGLRenderer(18426): Enabling debug mode 0
W/linker  (18426): libglslcompiler.so: unused DT entry: type 0xf arg 0x319
I/ActivityManager( 1776): Displayed com.nvbyte.kya/.NotificationActivity: +924ms
W/bt-btif ( 2169): dm_pm_timer expires
W/bt-btif ( 2169): dm_pm_timer expires 0
W/bt-btif ( 2169): proc dm_pm_timer expires
D/AmbientService( 2082): onResumed: AmbientActivity[component=ComponentInfo{com.google.android.wearable.app/com.google.android.clockwork.home.HomeActivity}, callbacks=@3dc090d6, running=false, ambient=false] Binder_2 55
D/mot_vr_audio_hw( 1441): dsp_recognizer_enabled = true
D/ADSPD   ( 1433): Client cmd=0x0003, size=4
D/mot_vr_audio_hw( 1441): open_input_stream(): devices = 0x80000004, rate = 8000, channels = 0x10
D/mot_vr_audio_hw( 1441): Created resampler for 16000->8000 Hz
D/ADSPD   ( 1433): Received from DSP: cmd=0x8003, size=2
D/mot_vr_audio_hw( 1441): received recognition control callback, status 0
D/ADSPD   ( 1433): Client cmd=0x4003, size=2
I/AudioFlinger( 1441): AudioFlinger's thread 0xb58f2008 ready to run
D/mot_vr_audio_hw( 1441): in_read waiting for hotword
D/TaskPersister( 1776): removeObsoleteFile: deleting file=1491_task.xml
D/AuthZenListenerService( 3063): onMessageReceived: MessageEventParcelable[27091,com/google/android/location/fused/wearable/LOCATIONS, size=362], Path: com/google/android/location/fused/wearable/LOCATIONS
D/AuthZenWearListenerService( 3063): onMessageReceived : MessageEventParcelable[27091,com/google/android/location/fused/wearable/LOCATIONS, size=362], Path: com/google/android/location/fused/wearable/LOCATIONS
E/StreamVibrator( 1904): Found notifications that tried to vibrate, but they never made it to the top of the stream. Not vibrating.
W/bt-btif ( 2169): dm_pm_timer expires
W/bt-btif ( 2169): dm_pm_timer expires 0
W/bt-btif ( 2169): proc dm_pm_timer expires
D/AuthZenListenerService( 3063): onMessageReceived: MessageEventParcelable[27092,com/google/android/location/fused/wearable/LOCATIONS, size=362], Path: com/google/android/location/fused/wearable/LOCATIONS
D/AuthZenWearListenerService( 3063): onMessageReceived : MessageEventParcelable[27092,com/google/android/location/fused/wearable/LOCATIONS, size=362], Path: com/google/android/location/fused/wearable/LOCATIONS
W/TelecomManager( 1776): Telecom Service not found.
W/TelecomManager( 1776): Telecom Service not found.
V/NotificationService( 1776): pkg=com.google.android.wearable.app canInterrupt=false intercept=true
I/art     ( 1904): Background partial concurrent mark sweep GC freed 12908(765KB) AllocSpace objects, 40(1823KB) LOS objects, 9% free, 19MB/21MB, paused 2.929ms total 248.077ms
W/TelecomManager( 1776): Telecom Service not found.
V/NotificationService( 1776): pkg=com.google.android.wearable.app canInterrupt=false intercept=true
W/TelecomManager( 1776): Telecom Service not found.
V/NotificationService( 1776): pkg=com.google.android.wearable.app canInterrupt=false intercept=true
I/art     ( 1776): Background partial concurrent mark sweep GC freed 22659(1145KB) AllocSpace objects, 5(80KB) LOS objects, 19% free, 8MB/10MB, paused 1.556ms total 216.888ms
W/bt-btif ( 2169): dm_pm_timer expires
W/bt-btif ( 2169): dm_pm_timer expires 0
W/bt-btif ( 2169): proc dm_pm_timer expires
D/AuthZenListenerService( 3063): onMessageReceived: MessageEventParcelable[27093,com/google/android/location/fused/wearable/LOCATIONS, size=362], Path: com/google/android/location/fused/wearable/LOCATIONS
D/AuthZenWearListenerService( 3063): onMessageReceived : MessageEventParcelable[27093,com/google/android/location/fused/wearable/LOCATIONS, size=362], Path: com/google/android/location/fused/wearable/LOCATIONS
W/bt-btif ( 2169): dm_pm_timer expires
W/bt-btif ( 2169): dm_pm_timer expires 0
W/bt-btif ( 2169): proc dm_pm_timer expires
I/PowerManagerService( 1776): Going to sleep due to screen timeout (uid 1000)...
I/DreamManagerService( 1776): Entering dreamland.
I/PowerManagerService( 1776): Dozing...
I/DreamController( 1776): Starting dream: name=ComponentInfo{com.google.android.wearable.ambient/com.google.android.wearable.ambient.AmbientDream}, isTest=false, canDoze=true, userId=0
E/InputMethodManagerService( 1776): Ignoring setImeWindowStatus due to an invalid token. uid:1000 token:null
E/InputMethodManagerService( 1776): Ignoring setImeWindowStatus due to an invalid token. uid:1000 token:null
E/WifiStateMachine( 1776): cancelDelayedScan -> 196
W/DreamService[AmbientDream]( 2082): Finish was called before the dream was attached.
D/AmbientService( 2082): onReceive Intent { act=android.intent.action.SCREEN_OFF flg=0x50000010 } false
D/AmbientService( 2082): findRunningActivities: found: AmbientActivity[component=ComponentInfo{com.google.android.wearable.app/com.google.android.clockwork.home.HomeActivity}, callbacks=@3dc090d6, running=true, ambient=false]
W/DreamService[AmbientDream]( 2082): attach() called after dream already finished
I/DreamManagerService( 1776): Leaving dreamland.
I/PowerManagerService( 1776): Sleeping (uid 1000)...
I/DreamController( 1776): Stopping dream: name=ComponentInfo{com.google.android.wearable.ambient/com.google.android.wearable.ambient.AmbientDream}, isTest=false, canDoze=true, userId=0
W/linker  ( 1776): libglslcompiler.so: unused DT entry: type 0xf arg 0x319
W/TelecomManager( 1776): Telecom Service not found.
V/NotificationService( 1776): pkg=com.google.android.apps.wearable.settings canInterrupt=false intercept=true
I/DisplayManagerService( 1776): Display device changed state: "Built-in Screen", OFF
V/ActivityManager( 1776): Display changed displayId=0
D/SurfaceFlinger( 1432): Set power mode=0, type=0 flinger=0xb7893550
D/hwcomposer( 1432): hwc_blank(0: 1)
D/SurfaceControl( 1776): Excessive delay in setPowerMode(): 134ms
D/MinnowPowerHAL( 1776): power_set_interactive: 0
D/MinnowPowerHAL( 1776): sysfs_write: /sys/devices/platform/omapdss/display0/interactivemode 0
D/MinnowPowerHAL( 1776): sysfs_write: /sys/devices/ocp.2/i2c.6/i2c-0/0-004a/interactivemode 0
D/MinnowPowerHAL( 1776): sysfs_write: /sys/class/leds/lcd-backlight/interactive 0
D/mot_vr_audio_hw( 1776): dsp_set_pm_state = off
D/ADSPD   ( 1433): Client cmd=0x4002, size=2
D/ADSPD   ( 1433): DSP_CMD_DAEMON_SET_PM_STATE : 0
D/ADSPD   ( 1433): DSP not turned off as still being used
D/mot_vr_audio_hw( 1441): dsp_recognizer_enabled = false
D/ADSPD   ( 1433): Client cmd=0x0003, size=4
D/ADSPD   ( 1433): Trying to send to dsp while in dsp in RESET
D/AmbientService( 2082): onPaused: AmbientActivity[component=ComponentInfo{com.google.android.wearable.app/com.google.android.clockwork.home.HomeActivity}, callbacks=@3dc090d6, running=true, ambient=false] Binder_2 55
W/mot_vr_audio_hw( 1441): Not allowing wake() since DSP is disabled
D/AmbientService( 2082): onStopped: AmbientActivity[component=ComponentInfo{com.google.android.wearable.app/com.google.android.clockwork.home.HomeActivity}, callbacks=@3dc090d6, running=false, ambient=false] Binder_3 56
D/mot_vr_audio_hw( 1441): Input 0xb81fcf40 close complete
D/ADSPD   ( 1433): Client cmd=0x4003, size=2
D/ADSPD   ( 1433): DSP no longer used, turned off here
E/libsuspend( 1776): Error writing to /sys/power/state: Device or resource busy
D/AuthZenListenerService( 3063): onMessageReceived: MessageEventParcelable[27094,com/google/android/location/fused/wearable/LOCATIONS, size=362], Path: com/google/android/location/fused/wearable/LOCATIONS
D/AuthZenWearListenerService( 3063): onMessageReceived : MessageEventParcelable[27094,com/google/android/location/fused/wearable/LOCATIONS, size=362], Path: com/google/android/location/fused/wearable/LOCATIONS
W/bt-btif ( 2169): dm_pm_timer expires
W/bt-btif ( 2169): dm_pm_timer expires 0
W/bt-btif ( 2169): proc dm_pm_timer expires
D/AuthZenListenerService( 3063): onMessageReceived: MessageEventParcelable[27095,com/google/android/location/fused/wearable/LOCATIONS, size=362], Path: com/google/android/location/fused/wearable/LOCATIONS
D/AuthZenWearListenerService( 3063): onMessageReceived : MessageEventParcelable[27095,com/google/android/location/fused/wearable/LOCATIONS, size=362], Path: com/google/android/location/fused/wearable/LOCATIONS
W/TelecomManager( 1776): Telecom Service not found.
W/TelecomManager( 1776): Telecom Service not found.
W/TelecomManager( 1776): Telecom Service not found.
W/bt-btif ( 2169): dm_pm_timer expires
W/bt-btif ( 2169): dm_pm_timer expires 0
W/bt-btif ( 2169): proc dm_pm_timer expires
D/AuthZenListenerService( 3063): onMessageReceived: MessageEventParcelable[27096,com/google/android/location/fused/wearable/LOCATIONS, size=362], Path: com/google/android/location/fused/wearable/LOCATIONS
D/AuthZenWearListenerService( 3063): onMessageReceived : MessageEventParcelable[27096,com/google/android/location/fused/wearable/LOCATIONS, size=362], Path: com/google/android/location/fused/wearable/LOCATIONS
D/SensorHALGestureSensor( 1776): Gesture event received! time = 87140024009300
I/PowerManagerService( 1776): Waking up from sleep (uid 10003)...
I/DisplayPowerController( 1776): Blocking screen on until initial contents have been drawn.
D/MinnowPowerHAL( 1776): power_set_interactive: 1
D/MinnowPowerHAL( 1776): sysfs_write: /sys/devices/platform/omapdss/display0/interactivemode 1
D/MinnowPowerHAL( 1776): sysfs_write: /sys/devices/ocp.2/i2c.6/i2c-0/0-004a/interactivemode 1
D/MinnowPowerHAL( 1776): sysfs_write: /sys/class/leds/lcd-backlight/interactive 1
D/mot_vr_audio_hw( 1776): dsp_set_pm_state = on
D/ADSPD   ( 1433): Client cmd=0x4002, size=2
D/ADSPD   ( 1433): DSP_CMD_DAEMON_SET_PM_STATE : 1
D/PowerManagerService-JNI( 1776): Excessive delay in setInteractive(true) while turning screen on: 120ms
D/SurfaceFlinger( 1432): Set power mode=2, type=0 flinger=0xb7893550
I/DisplayManagerService( 1776): Display device changed state: "Built-in Screen", ON
D/ADSPD   ( 1433): ACK success!
D/hwcomposer( 1432): hwc_blank(0: 0)
V/KeyguardServiceDelegate( 1776): onScreenTurnedOn(showListener = com.android.internal.policy.impl.PhoneWindowManager$2@334303a0)
D/AmbientService( 2082): onResumed: AmbientActivity[component=ComponentInfo{com.google.android.wearable.app/com.google.android.clockwork.home.HomeActivity}, callbacks=@3dc090d6, running=false, ambient=false] Binder_3 56
V/KeyguardServiceDelegate( 1776): **** SHOWN CALLED ****
V/ActivityManager( 1776): Display changed displayId=0
V/ActivityManager( 1776): Display changed displayId=0
D/mot_vr_audio_hw( 1441): dsp_recognizer_enabled = true
D/ADSPD   ( 1433): Client cmd=0x0003, size=4
D/mot_vr_audio_hw( 1441): open_input_stream(): devices = 0x80000004, rate = 8000, channels = 0x10
D/mot_vr_audio_hw( 1441): Created resampler for 16000->8000 Hz
E/InputMethodManagerService( 1776): Ignoring setImeWindowStatus due to an invalid token. uid:1000 token:null
E/WifiStateMachine( 1776): cancelDelayedScan -> 197
D/ADSPD   ( 1433): Received from DSP: cmd=0x8003, size=2
D/mot_vr_audio_hw( 1441): received recognition control callback, status 0
D/ADSPD   ( 1433): Client cmd=0x4003, size=2
I/AudioFlinger( 1441): AudioFlinger's thread 0xb58f2008 ready to run
D/mot_vr_audio_hw( 1441): in_read waiting for hotword
I/DisplayPowerController( 1776): Unblocked screen on after 312 ms
E/StreamVibrator( 1904): Found notifications that tried to vibrate, but they never made it to the top of the stream. Not vibrating.
D/SensorHAL( 1776): adjustSensorHandle: handle = 10 adjustedHandle = 1
D/SensorHAL( 1776): adjustSensorHandle: handle = 10 adjustedHandle = 1
D/SensorHAL( 1776): adjustSensorHandle: handle = 10 adjustedHandle = 1
W/TelecomManager( 1776): Telecom Service not found.
W/bt-btif ( 2169): dm_pm_timer expires
W/bt-btif ( 2169): dm_pm_timer expires 0
W/bt-btif ( 2169): proc dm_pm_timer expires
D/AuthZenListenerService( 3063): onMessageReceived: MessageEventParcelable[27097,com/google/android/location/fused/wearable/LOCATIONS, size=362], Path: com/google/android/location/fused/wearable/LOCATIONS
D/AuthZenWearListenerService( 3063): onMessageReceived : MessageEventParcelable[27097,com/google/android/location/fused/wearable/LOCATIONS, size=362], Path: com/google/android/location/fused/wearable/LOCATIONS
I/PowerManagerService( 1776): Going to sleep due to screen timeout (uid 1000)...
I/DreamManagerService( 1776): Entering dreamland.
I/PowerManagerService( 1776): Dozing...
I/DreamController( 1776): Starting dream: name=ComponentInfo{com.google.android.wearable.ambient/com.google.android.wearable.ambient.AmbientDream}, isTest=false, canDoze=true, userId=0
E/InputMethodManagerService( 1776): Ignoring setImeWindowStatus due to an invalid token. uid:1000 token:null
E/InputMethodManagerService( 1776): Ignoring setImeWindowStatus due to an invalid token. uid:1000 token:null
E/WifiStateMachine( 1776): cancelDelayedScan -> 198
W/DreamService[AmbientDream]( 2082): Finish was called before the dream was attached.
D/AmbientService( 2082): onReceive Intent { act=android.intent.action.SCREEN_OFF flg=0x50000010 } false
D/AmbientService( 2082): findRunningActivities: found: AmbientActivity[component=ComponentInfo{com.google.android.wearable.app/com.google.android.clockwork.home.HomeActivity}, callbacks=@3dc090d6, running=true, ambient=false]
W/DreamService[AmbientDream]( 2082): attach() called after dream already finished
I/DreamManagerService( 1776): Leaving dreamland.
I/PowerManagerService( 1776): Sleeping (uid 1000)...
I/DreamController( 1776): Stopping dream: name=ComponentInfo{com.google.android.wearable.ambient/com.google.android.wearable.ambient.AmbientDream}, isTest=false, canDoze=true, userId=0
W/linker  ( 1776): libglslcompiler.so: unused DT entry: type 0xf arg 0x319
I/DisplayManagerService( 1776): Display device changed state: "Built-in Screen", OFF
V/ActivityManager( 1776): Display changed displayId=0
D/SurfaceFlinger( 1432): Set power mode=0, type=0 flinger=0xb7893550
D/hwcomposer( 1432): hwc_blank(0: 1)
D/SurfaceControl( 1776): Excessive delay in setPowerMode(): 145ms
D/MinnowPowerHAL( 1776): power_set_interactive: 0
D/MinnowPowerHAL( 1776): sysfs_write: /sys/devices/platform/omapdss/display0/interactivemode 0
D/MinnowPowerHAL( 1776): sysfs_write: /sys/devices/ocp.2/i2c.6/i2c-0/0-004a/interactivemode 0
D/MinnowPowerHAL( 1776): sysfs_write: /sys/class/leds/lcd-backlight/interactive 0
D/mot_vr_audio_hw( 1776): dsp_set_pm_state = off
D/ADSPD   ( 1433): Client cmd=0x4002, size=2
D/ADSPD   ( 1433): DSP_CMD_DAEMON_SET_PM_STATE : 0
D/ADSPD   ( 1433): DSP not turned off as still being used
D/mot_vr_audio_hw( 1441): dsp_recognizer_enabled = false
D/ADSPD   ( 1433): Client cmd=0x0003, size=4
D/ADSPD   ( 1433): Trying to send to dsp while in dsp in RESET
D/AmbientService( 2082): onPaused: AmbientActivity[component=ComponentInfo{com.google.android.wearable.app/com.google.android.clockwork.home.HomeActivity}, callbacks=@3dc090d6, running=true, ambient=false] Binder_3 56
W/mot_vr_audio_hw( 1441): Not allowing wake() since DSP is disabled
D/AmbientService( 2082): onStopped: AmbientActivity[component=ComponentInfo{com.google.android.wearable.app/com.google.android.clockwork.home.HomeActivity}, callbacks=@3dc090d6, running=false, ambient=false] Binder_1 54
D/mot_vr_audio_hw( 1441): Input 0xb81fcf40 close complete
D/ADSPD   ( 1433): Client cmd=0x4003, size=2
D/ADSPD   ( 1433): DSP no longer used, turned off here
D/AuthZenListenerService( 3063): onMessageReceived: MessageEventParcelable[27098,com/google/android/location/fused/wearable/LOCATIONS, size=362], Path: com/google/android/location/fused/wearable/LOCATIONS
D/AuthZenWearListenerService( 3063): onMessageReceived : MessageEventParcelable[27098,com/google/android/location/fused/wearable/LOCATIONS, size=362], Path: com/google/android/location/fused/wearable/LOCATIONS
I/CheckinService( 3063): Checkin interval check for package: unspecified last checkin: 1448302341478 min interval config: 0 actual interval: 85813236
V/CheckinService( 3063): No Subscriptions found on the device
I/CheckinService( 3063): Checking schedule, now: 1448388154755 next: 1448388088186
I/CheckinService( 3063): active receiver: enabled
I/EventLogService( 3063): Aggregate from 1448386326423 (log), 1448386326423 (data)
I/CheckinService( 3063): Preparing to send checkin request
I/EventLogService( 3063): Accumulating logs since 1448388154756
I/CheckinRequestBuilder( 3063): Checkin reason type: 3 attempt count: 1
D/WifiService( 1776): New client listening to asynchronous messages
V/CheckinRequestBuilder( 3063): No Subscriptions found on the device
W/ActivityManager( 1776): Unable to start service Intent { act=com.google.android.gms.droidguard.service.START pkg=com.google.android.gms } U=0: not found
W/ActivityManager( 1776): Unbind failed: could not find connection for android.os.BinderProxy@1cd863a6
E/GmsClient( 3063): unable to connect to service: com.google.android.gms.droidguard.service.START
I/CheckinRequestBuilder( 3063): Classify the device as Wearable.
D/ClockworkProxy( 1904): doAccept: Create socket stream 23 for TCP connection from /192.168.167.239:39055 to /216.58.192.110:443
D/ClockworkProxy( 1904): doAccept: rpc succeeded. Activate stream 23
D/AuthZenListenerService( 3063): onMessageReceived: MessageEventParcelable[27101,com/google/android/location/fused/wearable/LOCATIONS, size=362], Path: com/google/android/location/fused/wearable/LOCATIONS
D/AuthZenWearListenerService( 3063): onMessageReceived : MessageEventParcelable[27101,com/google/android/location/fused/wearable/LOCATIONS, size=362], Path: com/google/android/location/fused/wearable/LOCATIONS
I/CheckinTask( 3063): Sending checkin request (2109 bytes)
I/CheckinRequestBuilder( 3063): Checkin reason type: 3 attempt count: 1
V/CheckinRequestBuilder( 3063): No Subscriptions found on the device
I/CheckinRequestBuilder( 3063): Classify the device as Wearable.
I/CheckinTask( 3063): Checkin success: https://android.clients.google.com/checkin (1 requests sent)
V/CheckinService( 3063): No Subscriptions found on the device
I/CheckinService( 3063): Checking schedule, now: 1448388157745 next: 1448473904739
I/CheckinService( 3063): active receiver: disabled
D/CheckinService( 3063): Recording last checkin time for package unspecified as 1448388157791
I/CheckinService( 3063): Wearable device, setting repeated alarm, intervalSec: 172800
D/GCM     ( 3041): GcmService start Intent { act=com.google.android.checkin.CHECKIN_COMPLETE flg=0x10 cmp=com.google.android.gms/.gcm.GcmService (has extras) } com.google.android.checkin.CHECKIN_COMPLETE
I/PowerManagerService( 1776): Waking up from sleep (uid 1000)...
D/MinnowPowerHAL( 1776): power_set_interactive: 1
D/MinnowPowerHAL( 1776): sysfs_write: /sys/devices/platform/omapdss/display0/interactivemode 1
I/DisplayPowerController( 1776): Blocking screen on until initial contents have been drawn.
D/MinnowPowerHAL( 1776): sysfs_write: /sys/devices/ocp.2/i2c.6/i2c-0/0-004a/interactivemode 1
D/MinnowPowerHAL( 1776): sysfs_write: /sys/class/leds/lcd-backlight/interactive 1
D/mot_vr_audio_hw( 1776): dsp_set_pm_state = on
D/ADSPD   ( 1433): Client cmd=0x4002, size=2
D/ADSPD   ( 1433): DSP_CMD_DAEMON_SET_PM_STATE : 1
D/PowerManagerService-JNI( 1776): Excessive delay in setInteractive(true) while turning screen on: 142ms
D/SurfaceFlinger( 1432): Set power mode=2, type=0 flinger=0xb7893550
D/hwcomposer( 1432): hwc_blank(0: 0)
I/DisplayManagerService( 1776): Display device changed state: "Built-in Screen", ON
D/ADSPD   ( 1433): ACK success!
V/KeyguardServiceDelegate( 1776): onScreenTurnedOn(showListener = com.android.internal.policy.impl.PhoneWindowManager$2@334303a0)
V/KeyguardServiceDelegate( 1776): **** SHOWN CALLED ****
V/ActivityManager( 1776): Display changed displayId=0
E/InputMethodManagerService( 1776): Ignoring setImeWindowStatus due to an invalid token. uid:1000 token:null
E/WifiStateMachine( 1776): cancelDelayedScan -> 199
D/AmbientService( 2082): onResumed: AmbientActivity[component=ComponentInfo{com.google.android.wearable.app/com.google.android.clockwork.home.HomeActivity}, callbacks=@3dc090d6, running=false, ambient=false] Binder_3 56
D/mot_vr_audio_hw( 1441): dsp_recognizer_enabled = true
D/ADSPD   ( 1433): Client cmd=0x0003, size=4
D/mot_vr_audio_hw( 1441): open_input_stream(): devices = 0x80000004, rate = 8000, channels = 0x10
D/mot_vr_audio_hw( 1441): Created resampler for 16000->8000 Hz
I/AudioFlinger( 1441): AudioFlinger's thread 0xb58f2008 ready to run
D/ADSPD   ( 1433): Received from DSP: cmd=0x8003, size=2
D/mot_vr_audio_hw( 1441): received recognition control callback, status 0
D/ADSPD   ( 1433): Client cmd=0x4003, size=2
D/mot_vr_audio_hw( 1441): in_read waiting for hotword
I/DisplayPowerController( 1776): Unblocked screen on after 336 ms
D/SensorHAL( 1776): adjustSensorHandle: handle = 10 adjustedHandle = 1
D/SensorHAL( 1776): adjustSensorHandle: handle = 10 adjustedHandle = 1
D/SensorHAL( 1776): adjustSensorHandle: handle = 10 adjustedHandle = 1
D/AuthZenListenerService( 3063): onMessageReceived: MessageEventParcelable[27108,com/google/android/location/fused/wearable/LOCATIONS, size=362], Path: com/google/android/location/fused/wearable/LOCATIONS
D/AuthZenWearListenerService( 3063): onMessageReceived : MessageEventParcelable[27108,com/google/android/location/fused/wearable/LOCATIONS, size=362], Path: com/google/android/location/fused/wearable/LOCATIONS
W/ResourceType( 1904): No package identifier when getting value for resource number 0x00000000
W/PackageManager( 1904): Failure retrieving resources for com.nvbyte.kya: Resource ID #0x0
W/ResourceType( 1904): No package identifier when getting value for resource number 0x00000000
W/PackageManager( 1904): Failure retrieving resources for com.google.android.apps.wearable.settings: Resource ID #0x0
I/ActivityManager( 1776): START u0 {act=android.intent.action.MAIN flg=0x10200000 cmp=com.nvbyte.kya/.MainActivity} from uid 10003 on display 0
V/WindowManager( 1776): addAppToken: AppWindowToken{12a45573 token=Token{1bd8ede2 ActivityRecord{1fbdf6ad u0 com.nvbyte.kya/.MainActivity t1493}}} to stack=1 task=1493 at 0
D/mot_vr_audio_hw( 1441): dsp_recognizer_enabled = false
D/ADSPD   ( 1433): Client cmd=0x0003, size=4
D/AmbientService( 2082): onPaused: AmbientActivity[component=ComponentInfo{com.google.android.wearable.app/com.google.android.clockwork.home.HomeActivity}, callbacks=@3dc090d6, running=true, ambient=false] Binder_1 54
V/ActivityManager( 1776): Display changed displayId=0
D/mot_vr_audio_hw( 1441): Switching DSP to standby/passthrough mode
D/mot_vr_audio_hw( 1441): Input 0xb81fcf40 ready to read
D/ADSPD   ( 1433): Received from DSP: cmd=0x8003, size=2
D/mot_vr_audio_hw( 1441): received recognition control callback, status 0
D/ADSPD   ( 1433): Client cmd=0x0003, size=4
D/ADSPD   ( 1433): Received from DSP: cmd=0x8003, size=2
D/mot_vr_audio_hw( 1441): received recognition control callback, status 0
D/mot_vr_audio_hw( 1441): Discarded 12 buffers of leading silence
D/mot_vr_audio_hw( 1441): Re-arming DSP
D/mot_vr_audio_hw( 1441): Input 0xb81fcf40 standby complete
D/ADSPD   ( 1433): Client cmd=0x0003, size=4
D/mot_vr_audio_hw( 1441): Input 0xb81fcf40 close complete
D/ADSPD   ( 1433): Received from DSP: cmd=0x8003, size=2
D/ADSPD   ( 1433): Client cmd=0x4003, size=2
D/mot_vr_audio_hw( 1441): received recognition control callback, status 0
V/WindowManager( 1776): Adding window Window{d7050a9 u0 com.nvbyte.kya/com.nvbyte.kya.MainActivity} at 2 of 4 (after Window{10b49dd6 u0 com.google.android.wearable.app/com.google.android.clockwork.home.HomeActivity})
D/KYANotificationService(18426): OnStartCommand
D/KYANotificationService(18426): Performing check in
D/TAG     (18426): Subscribing to locaiton requests
D/TAG     (18426): Subscribing to locaiton requests
D/TAG     (18426): Sending message to phone
I/art     (18426): Background sticky concurrent mark sweep GC freed 3025(162KB) AllocSpace objects, 1(16KB) LOS objects, 12% free, 2006KB/2MB, paused 1.159ms total 250.427ms
I/art     (18426): Background partial concurrent mark sweep GC freed 575(42KB) AllocSpace objects, 0(0B) LOS objects, 24% free, 2MB/2MB, paused 2.227ms total 339.263ms
I/art     ( 1904): Background partial concurrent mark sweep GC freed 10919(595KB) AllocSpace objects, 11(1677KB) LOS objects, 9% free, 18MB/20MB, paused 34.027ms total 896.697ms
I/Choreographer(18426): Skipped 73 frames!  The application may be doing too much work on its main thread.
I/InputReader( 1776): Reconfiguring input devices.  changes=0x00000010
I/ActivityManager( 1776): Displayed com.nvbyte.kya/.MainActivity: +2s427ms
D/TAG     (18426): GOT MESSAGE FROM PHONE
D/TAG     (18426): GOT MESSAGE FROM PHONE
D/KYANotificationService(18426): GOT ACTION:com.nvbyte.kya.CHECK_IN_RESPONSE
D/KYANotificationService(18426): Got check in response
D/KYANotificationService(18426): Handling response
D/KYANotificationService(18426): HAS PREVIOUS ZONE!!
I/ActivityManager( 1776): Delay finish: com.android.vending/com.google.android.finsky.PackageUpdateReceiver
W/ResourceType( 1904): No package identifier when getting value for resource number 0x00000000
W/PackageManager( 1904): Failure retrieving resources for com.google.android.apps.fitness: Resource ID #0x0
I/art     ( 1776): Explicit concurrent mark sweep GC freed 24404(1440KB) AllocSpace objects, 6(227KB) LOS objects, 19% free, 7MB/9MB, paused 6.195ms total 389.831ms
W/ResourceType( 1904): No package identifier when getting value for resource number 0x00000000
W/PackageManager( 1904): Failure retrieving resources for com.google.android.apps.fitness: Resource ID #0x0
D/Finsky  ( 2272): [106] WearablePackageService.onHandleIntent: Updating package info (com.google.android.gms)
I/ActivityManager( 1776): Resuming delayed broadcast
I/ActivityManager( 1776): Delay finish: com.google.android.gms/.wearable.app.SystemBroadcastWearableReceiver
D/PkgBcastWearSrvc( 3063): Received broadcast action=android.intent.action.PACKAGE_CHANGED and uri=com.google.android.gms
I/ActivityManager( 1776): Resuming delayed broadcast
W/ResourceType( 1904): No package identifier when getting value for resource number 0x00000000
W/PackageManager( 1904): Failure retrieving resources for com.google.android.keep: Resource ID #0x0
D/TaskPersister( 1776): removeObsoleteFile: deleting file=1492_task.xml
W/ResourceType( 1904): No package identifier when getting value for resource number 0x00000000
W/PackageManager( 1904): Failure retrieving resources for com.google.android.apps.maps: Resource ID #0x0
W/ResourceType( 1904): No package identifier when getting value for resource number 0x00000000
W/PackageManager( 1904): Failure retrieving resources for com.google.android.deskclock: Resource ID #0x0
W/ResourceType( 1904): No package identifier when getting value for resource number 0x00000000
W/PackageManager( 1904): Failure retrieving resources